Component: Arm Compiler for Embedded 6.22 Tool: armlink [5ee90200]

==============================================================================

Section Cross References

    main_s.o(.text.SysTick_Handler) refers to main_s.o(.bss.SysTick_Handler.ticks) for SysTick_Handler.ticks
    main_s.o(.text.SysTick_Handler) refers to puts.o(.text) for puts
    main_s.o(.ARM.exidx.text.SysTick_Handler) refers to main_s.o(.text.SysTick_Handler) for [Anonymous Symbol]
    main_s.o(.text.main) refers to system_IOTKit_CM33.o(.text.SystemCoreClockUpdate) for SystemCoreClockUpdate
    main_s.o(.text.main) refers to stdout_USART.o(.text.stdout_init) for stdout_init
    main_s.o(.ARM.exidx.text.main) refers to main_s.o(.text.main) for [Anonymous Symbol]
    stdout_USART.o(.text.stdout_init) refers to USART_V2M-MPS2.o(.rodata.Driver_USART0) for Driver_USART0
    stdout_USART.o(.ARM.exidx.text.stdout_init) refers to stdout_USART.o(.text.stdout_init) for [Anonymous Symbol]
    stdout_USART.o(.text.stdout_putchar) refers to USART_V2M-MPS2.o(.rodata.Driver_USART0) for Driver_USART0
    stdout_USART.o(.ARM.exidx.text.stdout_putchar) refers to stdout_USART.o(.text.stdout_putchar) for [Anonymous Symbol]
    stdout_USART.o(.text.stdout_putbuffer) refers to USART_V2M-MPS2.o(.rodata.Driver_USART0) for Driver_USART0
    stdout_USART.o(.ARM.exidx.text.stdout_putbuffer) refers to stdout_USART.o(.text.stdout_putbuffer) for [Anonymous Symbol]
    mtb.o(.text) refers (Special) to _printf_percent.o(.ARM.Collect$$_printf_percent$$00000000) for _printf_percent
    mtb.o(.text) refers (Special) to _printf_x.o(.ARM.Collect$$_printf_percent$$0000000C) for _printf_x
    mtb.o(.text) refers (Special) to _printf_d.o(.ARM.Collect$$_printf_percent$$00000009) for _printf_d
    mtb.o(.text) refers (Special) to _printf_dec.o(.text) for _printf_int_dec
    mtb.o(.text) refers (Special) to _printf_hex_int.o(.text) for _printf_longlong_hex
    mtb.o(.text.mtb_setup_DWT) refers (Special) to _printf_percent.o(.ARM.Collect$$_printf_percent$$00000000) for _printf_percent
    mtb.o(.text.mtb_setup_DWT) refers (Special) to _printf_x.o(.ARM.Collect$$_printf_percent$$0000000C) for _printf_x
    mtb.o(.text.mtb_setup_DWT) refers (Special) to _printf_d.o(.ARM.Collect$$_printf_percent$$00000009) for _printf_d
    mtb.o(.text.mtb_setup_DWT) refers (Special) to _printf_dec.o(.text) for _printf_int_dec
    mtb.o(.text.mtb_setup_DWT) refers (Special) to _printf_hex_int.o(.text) for _printf_longlong_hex
    mtb.o(.text.mtb_setup_DWT) refers to mtb.o(.data.CoreDebug_) for CoreDebug_
    mtb.o(.text.mtb_setup_DWT) refers to mtb.o(.data.ITM_) for ITM_
    mtb.o(.text.mtb_setup_DWT) refers to mtb.o(.data.DWT_) for DWT_
    mtb.o(.text.mtb_setup_DWT) refers to noretval__2printf.o(.text) for __2printf
    mtb.o(.ARM.exidx.text.mtb_setup_DWT) refers (Special) to _printf_percent.o(.ARM.Collect$$_printf_percent$$00000000) for _printf_percent
    mtb.o(.ARM.exidx.text.mtb_setup_DWT) refers (Special) to _printf_x.o(.ARM.Collect$$_printf_percent$$0000000C) for _printf_x
    mtb.o(.ARM.exidx.text.mtb_setup_DWT) refers (Special) to _printf_d.o(.ARM.Collect$$_printf_percent$$00000009) for _printf_d
    mtb.o(.ARM.exidx.text.mtb_setup_DWT) refers (Special) to _printf_dec.o(.text) for _printf_int_dec
    mtb.o(.ARM.exidx.text.mtb_setup_DWT) refers (Special) to _printf_hex_int.o(.text) for _printf_longlong_hex
    mtb.o(.ARM.exidx.text.mtb_setup_DWT) refers to mtb.o(.text.mtb_setup_DWT) for [Anonymous Symbol]
    mtb.o(.text.mtb_cleanMTB) refers (Special) to _printf_percent.o(.ARM.Collect$$_printf_percent$$00000000) for _printf_percent
    mtb.o(.text.mtb_cleanMTB) refers (Special) to _printf_x.o(.ARM.Collect$$_printf_percent$$0000000C) for _printf_x
    mtb.o(.text.mtb_cleanMTB) refers (Special) to _printf_d.o(.ARM.Collect$$_printf_percent$$00000009) for _printf_d
    mtb.o(.text.mtb_cleanMTB) refers (Special) to _printf_dec.o(.text) for _printf_int_dec
    mtb.o(.text.mtb_cleanMTB) refers (Special) to _printf_hex_int.o(.text) for _printf_longlong_hex
    mtb.o(.text.mtb_cleanMTB) refers to mtb.o(.data.mtb) for mtb
    mtb.o(.text.mtb_cleanMTB) refers to rt_memclr_w.o(.text) for __aeabi_memclr4
    mtb.o(.ARM.exidx.text.mtb_cleanMTB) refers (Special) to _printf_percent.o(.ARM.Collect$$_printf_percent$$00000000) for _printf_percent
    mtb.o(.ARM.exidx.text.mtb_cleanMTB) refers (Special) to _printf_x.o(.ARM.Collect$$_printf_percent$$0000000C) for _printf_x
    mtb.o(.ARM.exidx.text.mtb_cleanMTB) refers (Special) to _printf_d.o(.ARM.Collect$$_printf_percent$$00000009) for _printf_d
    mtb.o(.ARM.exidx.text.mtb_cleanMTB) refers (Special) to _printf_dec.o(.text) for _printf_int_dec
    mtb.o(.ARM.exidx.text.mtb_cleanMTB) refers (Special) to _printf_hex_int.o(.text) for _printf_longlong_hex
    mtb.o(.ARM.exidx.text.mtb_cleanMTB) refers to mtb.o(.text.mtb_cleanMTB) for [Anonymous Symbol]
[...]
    .ARM.Collect$$libinit$$00000023          0x100004ca   Section        0  libinit2.o(.ARM.Collect$$libinit$$00000023)
    .ARM.Collect$$libinit$$00000025          0x100004ca   Section        0  libinit2.o(.ARM.Collect$$libinit$$00000025)
    .ARM.Collect$$libinit$$00000026          0x100004ca   Section        4  libinit2.o(.ARM.Collect$$libinit$$00000026)
    .ARM.Collect$$libinit$$00000027          0x100004ce   Section        0  libinit2.o(.ARM.Collect$$libinit$$00000027)
    .ARM.Collect$$libinit$$0000002E          0x100004ce   Section        0  libinit2.o(.ARM.Collect$$libinit$$0000002E)
    .ARM.Collect$$libinit$$00000030          0x100004ce   Section        0  libinit2.o(.ARM.Collect$$libinit$$00000030)
    .ARM.Collect$$libinit$$00000032          0x100004ce   Section        0  libinit2.o(.ARM.Collect$$libinit$$00000032)
    .ARM.Collect$$libinit$$00000034          0x100004ce   Section        0  libinit2.o(.ARM.Collect$$libinit$$00000034)
    .ARM.Collect$$libinit$$00000035          0x100004ce   Section        2  libinit2.o(.ARM.Collect$$libinit$$00000035)
    __lit__00000000                          0x100004d0   Data           4  libinit5.o(.ARM.Collect$$libinit$$0000271B)
    .ARM.Collect$$libinit$$0000271B          0x100004d0   Section        8  libinit5.o(.ARM.Collect$$libinit$$0000271B)
    __lit__00000001                          0x100004d4   Data           4  libinit5.o(.ARM.Collect$$libinit$$0000271B)
    .ARM.Collect$$libshutdown$$00000000      0x100004d8   Section        2  libshutdown.o(.ARM.Collect$$libshutdown$$00000000)
    .ARM.Collect$$libshutdown$$00000002      0x100004da   Section        0  libshutdown2.o(.ARM.Collect$$libshutdown$$00000002)
    .ARM.Collect$$libshutdown$$00000003      0x100004da   Section        4  libshutdown2.o(.ARM.Collect$$libshutdown$$00000003)
    .ARM.Collect$$libshutdown$$00000004      0x100004de   Section        0  libshutdown2.o(.ARM.Collect$$libshutdown$$00000004)
    .ARM.Collect$$libshutdown$$00000007      0x100004de   Section        0  libshutdown2.o(.ARM.Collect$$libshutdown$$00000007)
    .ARM.Collect$$libshutdown$$0000000A      0x100004de   Section        0  libshutdown2.o(.ARM.Collect$$libshutdown$$0000000A)
    .ARM.Collect$$libshutdown$$0000000C      0x100004de   Section        0  libshutdown2.o(.ARM.Collect$$libshutdown$$0000000C)
    .ARM.Collect$$libshutdown$$0000000F      0x100004de   Section        0  libshutdown2.o(.ARM.Collect$$libshutdown$$0000000F)
    .ARM.Collect$$libshutdown$$00000010      0x100004de   Section        2  libshutdown2.o(.ARM.Collect$$libshutdown$$00000010)
    .ARM.Collect$$rtentry$$00000000          0x100004e0   Section        0  __rtentry.o(.ARM.Collect$$rtentry$$00000000)
    .ARM.Collect$$rtentry$$00000002          0x100004e0   Section        0  __rtentry2.o(.ARM.Collect$$rtentry$$00000002)
    .ARM.Collect$$rtentry$$00000007          0x100004e0   Section        4  __rtentry7.o(.ARM.Collect$$rtentry$$00000007)
    .ARM.Collect$$rtentry$$00000009          0x100004e4   Section        0  __rtentry2.o(.ARM.Collect$$rtentry$$00000009)
    .ARM.Collect$$rtentry$$0000000A          0x100004e4   Section        4  __rtentry2.o(.ARM.Collect$$rtentry$$0000000A)
    .ARM.Collect$$rtentry$$0000000C          0x100004e8   Section        0  __rtentry2.o(.ARM.Collect$$rtentry$$0000000C)
    .ARM.Collect$$rtentry$$0000000D          0x100004e8   Section        8  __rtentry2.o(.ARM.Collect$$rtentry$$0000000D)
    __lit__00000000                          0x100004f0   Data           4  __rtentry7.o(.ARM.Collect$$rtentry$$00002718)
    .ARM.Collect$$rtentry$$00002718          0x100004f0   Section        4  __rtentry7.o(.ARM.Collect$$rtentry$$00002718)
    .ARM.Collect$$rtexit$$00000000           0x100004f4   Section        2  rtexit.o(.ARM.Collect$$rtexit$$00000000)
    .ARM.Collect$$rtexit$$00000002           0x100004f6   Section        0  rtexit2.o(.ARM.Collect$$rtexit$$00000002)
    .ARM.Collect$$rtexit$$00000003           0x100004f6   Section        4  rtexit2.o(.ARM.Collect$$rtexit$$00000003)
    .ARM.Collect$$rtexit$$00000004           0x100004fa   Section        6  rtexit2.o(.ARM.Collect$$rtexit$$00000004)
    .text                                    0x10000500   Section        0  noretval__2printf.o(.text)
    .text                                    0x10000518   Section        0  __printf.o(.text)
    .text                                    0x10000580   Section        0  _printf_str.o(.text)
    .text                                    0x100005d4   Section        0  _printf_dec.o(.text)
    .text                                    0x1000064c   Section        0  _printf_hex_int.o(.text)
    .text                                    0x100006a4   Section        0  puts.o(.text)
    .text                                    0x100006d0   Section        0  memcmp.o(.text)
    .text                                    0x10000728   Section       78  rt_memclr_w.o(.text)
    .text                                    0x10000778   Section      124  strcmpv8m_maindsp.o(.text)
    .text                                    0x100007f4   Section        0  _printf_intcommon.o(.text)
    .text                                    0x100008a6   Section        0  _printf_char.o(.text)
    .text                                    0x100008d4   Section        0  _printf_char_file.o(.text)
    _printf_input_char                       0x100008f9   Thumb Code    10  _printf_char_common.o(.text)
    .text                                    0x100008f8   Section        0  _printf_char_common.o(.text)
    .text                                    0x10000928   Section        0  ferror.o(.text)
    .text                                    0x10000930   Section        0  flsbuf.o(.text)
    .text                                    0x10000b14   Section        0  initio.o(.text)
    .text                                    0x10000c4c   Section        0  h1_alloc.o(.text)
    .text                                    0x10000caa   Section        0  h1_free.o(.text)
    .text                                    0x10000cf8   Section        0  setvbuf.o(.text)
    .text                                    0x10000d40   Section        0  stdio.o(.text)
    _freopen_locked                          0x10000e49   Thumb Code     0  fopen.o(.text)
    .text                                    0x10000e48   Section        0  fopen.o(.text)
    .text                                    0x10000f38   Section        0  fclose.o(.text)
    .text                                    0x10000f84   Section        0  exit.o(.text)
    .text                                    0x10000f96   Section        0  defsig_rtred_outer.o(.text)
    .text                                    0x10000fa4   Section        8  rt_heap_descriptor_intlibspace.o(.text)
    .text                                    0x10000fac   Section        0  hguard.o(.text)
    .text                                    0x10000fb0   Section        0  init_alloc.o(.text)
    .text                                    0x1000103a   Section        0  h1_init.o(.text)
    .text                                    0x10001048   Section        0  fseek.o(.text)
    .text                                    0x10001140   Section        0  defsig_exit.o(.text)
    .text                                    0x1000114c   Section        0  defsig_rtred_inner.o(.text)
    .text                                    0x10001180   Section        0  sys_exit.o(.text)
    .text                                    0x1000118c   Section        2  use_no_semi.o(.text)
    .text                                    0x1000118e   Section        0  indicate_semi.o(.text)
    .text                                    0x1000118e   Section        0  maybetermalloc1.o(.text)
    .text                                    0x1000118e   Section        0  h1_extend.o(.text)
    .text                                    0x100011c2   Section        0  ftell.o(.text)
    .text                                    0x10001204   Section        0  defsig_general.o(.text)
    .text                                    0x10001236   Section        0  defsig_rtmem_outer.o(.text)
    .text                                    0x10001244   Section        0  sys_wrch.o(.text)
    .text                                    0x10001254   Section        8  rt_errno_addr_intlibspace.o(.text)
    .text                                    0x1000125c   Section        0  defsig_rtmem_inner.o(.text)
    [Anonymous Symbol]                       0x100012ac   Section        0  cfa.o(.text.CFA_ENGINE_new_log_entry)
    [Anonymous Symbol]                       0x100012d4   Section        0  startup_IOTKit_CM33.o(.text.Default_Handler)
    [Anonymous Symbol]                       0x100012fc   Section        0  startup_IOTKit_CM33.o(.text.HardFault_Handler)
    [Anonymous Symbol]                       0x1000131c   Section        0  LED_V2M-MPS2.o(.text.LED_Off)
    [Anonymous Symbol]                       0x10001338   Section        0  LED_V2M-MPS2.o(.text.LED_On)
    [Anonymous Symbol]                       0x10001354   Section        0  startup_IOTKit_CM33.o(.text.Reset_Handler)
    [Anonymous Symbol]                       0x1000138c   Section        0  Secure_Functions.o(.text.SECURE_NOPE)
    [Anonymous Symbol]                       0x100013d8   Section        0  Secure_Functions_CFA.o(.text.SECURE_log_call)
    [Anonymous Symbol]                       0x100014b4   Section        0  Secure_Functions_CFA.o(.text.SECURE_log_cond_br_not_taken)
    [Anonymous Symbol]                       0x10001594   Section        0  Secure_Functions_CFA.o(.text.SECURE_log_cond_br_taken)
    [Anonymous Symbol]                       0x10001674   Section        0  Secure_Functions_CFA.o(.text.SECURE_log_loop_cond)
    [Anonymous Symbol]                       0x10001764   Section        0  Secure_Functions_CFA.o(.text.SECURE_log_ret)
    [Anonymous Symbol]                       0x10001840   Section        0  Secure_Functions.o(.text.SECURE_register_callback)
    [Anonymous Symbol]                       0x100018f4   Section        0  Secure_Functions.o(.text.SECURE_start_cfa)
    [Anonymous Symbol]                       0x10001a04   Section        0  Secure_Functions.o(.text.Secure_LED_Off)
    [Anonymous Symbol]                       0x10001a58   Section        0  Secure_Functions.o(.text.Secure_LED_Off_callback)
    [Anonymous Symbol]                       0x10001ab0   Section        0  Secure_Functions.o(.text.Secure_LED_On)
    [Anonymous Symbol]                       0x10001b04   Section        0  Secure_Functions.o(.text.Secure_LED_On_callback)
    [Anonymous Symbol]                       0x10001b5c   Section        0  Secure_Functions.o(.text.Secure_printf)
    [Anonymous Symbol]                       0x10001bb8   Section        0  main_s.o(.text.SysTick_Handler)
    [Anonymous Symbol]                       0x10001bdc   Section        0  system_IOTKit_CM33.o(.text.SystemCoreClockUpdate)
    [Anonymous Symbol]                       0x10001bf0   Section        0  system_IOTKit_CM33.o(.text.SystemInit)
    [Anonymous Symbol]                       0x10001d20   Section        0  USART_V2M-MPS2.o(.text.UART0RX_Handler)
    [Anonymous Symbol]                       0x10001d78   Section        0  USART_V2M-MPS2.o(.text.UART0TX_Handler)
    USART0_Control                           0x10001dd1   Thumb Code   314  USART_V2M-MPS2.o(.text.USART0_Control)
    [Anonymous Symbol]                       0x10001dd0   Section        0  USART_V2M-MPS2.o(.text.USART0_Control)
    USART0_GetCapabilities                   0x10001f0d   Thumb Code     6  USART_V2M-MPS2.o(.text.USART0_GetCapabilities)
    [Anonymous Symbol]                       0x10001f0c   Section        0  USART_V2M-MPS2.o(.text.USART0_GetCapabilities)
    USART0_GetModemStatus                    0x10001f15   Thumb Code     4  USART_V2M-MPS2.o(.text.USART0_GetModemStatus)
    [Anonymous Symbol]                       0x10001f14   Section        0  USART_V2M-MPS2.o(.text.USART0_GetModemStatus)
    USART0_GetRxCount                        0x10001f19   Thumb Code    12  USART_V2M-MPS2.o(.text.USART0_GetRxCount)
    [Anonymous Symbol]                       0x10001f18   Section        0  USART_V2M-MPS2.o(.text.USART0_GetRxCount)
    USART0_GetStatus                         0x10001f25   Thumb Code    26  USART_V2M-MPS2.o(.text.USART0_GetStatus)
    [Anonymous Symbol]                       0x10001f24   Section        0  USART_V2M-MPS2.o(.text.USART0_GetStatus)
    USART0_GetTxCount                        0x10001f41   Thumb Code    12  USART_V2M-MPS2.o(.text.USART0_GetTxCount)
    [Anonymous Symbol]                       0x10001f40   Section        0  USART_V2M-MPS2.o(.text.USART0_GetTxCount)
    USART0_Initialize                        0x10001f4d   Thumb Code    78  USART_V2M-MPS2.o(.text.USART0_Initialize)
    [Anonymous Symbol]                       0x10001f4c   Section        0  USART_V2M-MPS2.o(.text.USART0_Initialize)
    USART0_PowerControl                      0x10001f9d   Thumb Code   162  USART_V2M-MPS2.o(.text.USART0_PowerControl)
    [Anonymous Symbol]                       0x10001f9c   Section        0  USART_V2M-MPS2.o(.text.USART0_PowerControl)
    USART0_Receive                           0x10002041   Thumb Code   116  USART_V2M-MPS2.o(.text.USART0_Receive)
    [Anonymous Symbol]                       0x10002040   Section        0  USART_V2M-MPS2.o(.text.USART0_Receive)
    USART0_Send                              0x100020b5   Thumb Code   114  USART_V2M-MPS2.o(.text.USART0_Send)
    [Anonymous Symbol]                       0x100020b4   Section        0  USART_V2M-MPS2.o(.text.USART0_Send)
    USART0_SetModemControl                   0x10002129   Thumb Code     6  USART_V2M-MPS2.o(.text.USART0_SetModemControl)
    [Anonymous Symbol]                       0x10002128   Section        0  USART_V2M-MPS2.o(.text.USART0_SetModemControl)
    USART0_Transfer                          0x10002131   Thumb Code     6  USART_V2M-MPS2.o(.text.USART0_Transfer)
    [Anonymous Symbol]                       0x10002130   Section        0  USART_V2M-MPS2.o(.text.USART0_Transfer)
    USART0_Uninitialize                      0x10002139   Thumb Code    40  USART_V2M-MPS2.o(.text.USART0_Uninitialize)
    [Anonymous Symbol]                       0x10002138   Section        0  USART_V2M-MPS2.o(.text.USART0_Uninitialize)
    USARTx_GetVersion                        0x10002161   Thumb Code    10  USART_V2M-MPS2.o(.text.USARTx_GetVersion)
    [Anonymous Symbol]                       0x10002160   Section        0  USART_V2M-MPS2.o(.text.USARTx_GetVersion)
    [Anonymous Symbol]                       0x1000216c   Section        0  mtb.o(.text.__debug_DWT_Registers)
    [Anonymous Symbol]                       0x10002270   Section        0  mtb.o(.text.__debug_MTB_Registers)
    [Anonymous Symbol]                       0x1000236c   Section        0  retarget_io.o(.text._sys_close)
    [Anonymous Symbol]                       0x10002380   Section        0  retarget_io.o(.text._sys_flen)
    [Anonymous Symbol]                       0x10002384   Section        0  retarget_io.o(.text._sys_istty)
    [Anonymous Symbol]                       0x10002394   Section        0  retarget_io.o(.text._sys_open)
    [Anonymous Symbol]                       0x100023f4   Section        0  retarget_io.o(.text._sys_seek)
    [Anonymous Symbol]                       0x100023fc   Section        0  retarget_io.o(.text._sys_write)
    [Anonymous Symbol]                       0x1000242c   Section        0  cfa.o(.text.eCFA_init_cfa)
    [Anonymous Symbol]                       0x100025ac   Section        0  mtb.o(.text.hardfault_handler)
    [Anonymous Symbol]                       0x100025e0   Section        0  main_s.o(.text.main)
    [Anonymous Symbol]                       0x100026c0   Section        0  mtb.o(.text.mtb_debugMonitorHandler)
    [Anonymous Symbol]                       0x10002704   Section        0  mtb.o(.text.mtb_debugMonitorHandlerEmpty)
    [Anonymous Symbol]                       0x10002708   Section        0  mtb.o(.text.mtb_exit)
    [Anonymous Symbol]                       0x10002764   Section        0  mtb.o(.text.mtb_init)
    [Anonymous Symbol]                       0x10002868   Section        0  mtb.o(.text.mtb_setup_DWT)
    [Anonymous Symbol]                       0x100029a0   Section        0  mtb.o(.text.pendsv_handler)
    [Anonymous Symbol]                       0x100029c0   Section        0  stdout_USART.o(.text.stdout_init)
    [Anonymous Symbol]                       0x100029fc   Section        0  stdout_USART.o(.text.stdout_putchar)
    [Anonymous Symbol]                       0x10002a34   Section        0  mtb.o(.text.vMTB_sendBuffer)
    i.fputc                                  0x10002af0   Section        0  fputc.o(i.fputc)
    $v0                                      0x10002b0c   Number         0  fpinit.o(x$fpl$fpinit)
    x$fpl$fpinit                             0x10002b0c   Section       26  fpinit.o(x$fpl$fpinit)
    uc_hextab                                0x10002b26   Data          20  _printf_hex_int.o(.constdata)
    .constdata                               0x10002b26   Section       40  _printf_hex_int.o(.constdata)
    lc_hextab                                0x10002b3a   Data          20  _printf_hex_int.o(.constdata)
    .L.str.23                                0x10002b9f   Data          22  mtb.o(.rodata.str1.1)
    [Anonymous Symbol]                       0x10002b9f   Section        0  mtb.o(.rodata.str1.1)
    .L.str.24                                0x10002bb5   Data          22  mtb.o(.rodata.str1.1)
    .L.str.25                                0x10002bcb   Data          22  mtb.o(.rodata.str1.1)
    .L.str.15                                0x10002be1   Data          21  mtb.o(.rodata.str1.1)
    .Lstr.38                                 0x10002bf6   Data          21  mtb.o(.rodata.str1.1)
    .Lstr.40                                 0x10002c0b   Data          35  mtb.o(.rodata.str1.1)
    .Lstr.41                                 0x10002c2e   Data          35  mtb.o(.rodata.str1.1)
    .L.str.1                                 0x10002c51   Data          44  cfa.o(.rodata.str1.1)
    [Anonymous Symbol]                       0x10002c51   Section        0  cfa.o(.rodata.str1.1)
    .data                                    0x38000000   Section        4  stdio_streams.o(.data)
    .data                                    0x38000004   Section        4  stdio_streams.o(.data)
    .data                                    0x38000008   Section        4  stdio_streams.o(.data)
    .bss                                     0x38000024   Section       84  stdio_streams.o(.bss)
    .bss                                     0x38000078   Section       84  stdio_streams.o(.bss)
    .bss                                     0x380000cc   Section       84  stdio_streams.o(.bss)
    .bss                                     0x38000120   Section       96  libspace.o(.bss)
    SysTick_Handler.ticks                    0x38000184   Data           4  main_s.o(.bss.SysTick_Handler.ticks)
    [Anonymous Symbol]                       0x38000184   Section        0  main_s.o(.bss.SysTick_Handler.ticks)
    USART0_Info.0                            0x38000188   Data           4  USART_V2M-MPS2.o(.bss.USART0_Info.0)
    [Anonymous Symbol]                       0x38000188   Section        0  USART_V2M-MPS2.o(.bss.USART0_Info.0)
    USART0_Info.1                            0x3800018c   Data           1  USART_V2M-MPS2.o(.bss.USART0_Info.1)
    [Anonymous Symbol]                       0x3800018c   Section        0  USART_V2M-MPS2.o(.bss.USART0_Info.1)
    USART0_Info.2                            0x38000190   Data           1  USART_V2M-MPS2.o(.bss.USART0_Info.2)
    [Anonymous Symbol]                       0x38000190   Section        0  USART_V2M-MPS2.o(.bss.USART0_Info.2)
    USART0_Info.4                            0x38000194   Data           1  USART_V2M-MPS2.o(.bss.USART0_Info.4)
    [Anonymous Symbol]                       0x38000194   Section        0  USART_V2M-MPS2.o(.bss.USART0_Info.4)
    USART0_TransferInfo                      0x38000198   Data          24  USART_V2M-MPS2.o(.bss.USART0_TransferInfo)
    [Anonymous Symbol]                       0x38000198   Section        0  USART_V2M-MPS2.o(.bss.USART0_TransferInfo)

    Global Symbols

    Symbol Name                              Value     Ov Type        Size  Object(Section)

    BuildAttributes$$THM_ISAv4$E$P$D$K$B$S$7EM$8M$VFPi5$EXTD16$VFPS$VFMA$PE$A:L22UL41UL21$X:L11$S22US41US21$IEEE1$IW$USESV6$~STKCKD$USESV7$~SHL$OTIME$ROPI$UX$STANDARDLIB$REQ8$PRES8$EABIv2 0x00000000   Number         0  anon$$obj.o ABSOLUTE
    Image$$ZI$$Limit                          - Undefined Weak Reference
    __ARM_exceptions_init                     - Undefined Weak Reference
    __alloca_initialize                       - Undefined Weak Reference
    __arm_preinit_                            - Undefined Weak Reference
    __arm_relocate_pie_                       - Undefined Weak Reference
    __cpp_initialize__aeabi_                  - Undefined Weak Reference
    __cxa_finalize                            - Undefined Weak Reference
    __rt_locale                               - Undefined Weak Reference
    __sigvec_lookup                           - Undefined Weak Reference
    __user_heap_extent                        - Undefined Weak Reference
    _atexit_init                              - Undefined Weak Reference
    _call_atexit_fns                          - Undefined Weak Reference
    _clock_init                               - Undefined Weak Reference
    _fp_trap_init                             - Undefined Weak Reference
    _fp_trap_shutdown                         - Undefined Weak Reference
    _get_lc_collate                           - Undefined Weak Reference
    _get_lc_ctype                             - Undefined Weak Reference
    _get_lc_monetary                          - Undefined Weak Reference
    _get_lc_numeric                           - Undefined Weak Reference
    _get_lc_time                              - Undefined Weak Reference
    _getenv_init                              - Undefined Weak Reference
    _handle_redirection                       - Undefined Weak Reference
    _mutex_acquire                            - Undefined Weak Reference
    _mutex_free                               - Undefined Weak Reference
    _mutex_release                            - Undefined Weak Reference
    _printf_mbtowc                            - Undefined Weak Reference
    _printf_post_padding                      - Undefined Weak Reference
    _printf_pre_padding                       - Undefined Weak Reference
    _printf_truncate_signed                   - Undefined Weak Reference
    _printf_truncate_unsigned                 - Undefined Weak Reference
    _rand_init                                - Undefined Weak Reference
    _signal_finish                            - Undefined Weak Reference
    _signal_init                              - Undefined Weak Reference
    __Vectors                                0x10000000   Data        1024  startup_IOTKit_CM33.o(RESET)
    __main                                   0x10000401   Thumb Code     8  __main.o(!!!main)
    __scatterload                            0x10000409   Thumb Code     0  __scatter.o(!!!scatter)
    __scatterload_rt2                        0x10000409   Thumb Code    84  __scatter.o(!!!scatter)
    __scatterload_rt2_thumb_only             0x10000409   Thumb Code     0  __scatter.o(!!!scatter)
    __scatterload_loop                       0x10000413   Thumb Code     0  __scatter.o(!!!scatter)
    __scatterload_copy                       0x10000465   Thumb Code    26  __scatter_copy.o(!!handler_copy)
    __scatterload_null                       0x10000481   Thumb Code     2  __scatter.o(!!handler_null)
    __scatterload_zeroinit                   0x10000485   Thumb Code    28  __scatter_zi.o(!!handler_zi)
    _printf_d                                0x100004a1   Thumb Code     0  _printf_d.o(.ARM.Collect$$_printf_percent$$00000009)
    _printf_percent                          0x100004a1   Thumb Code     0  _printf_percent.o(.ARM.Collect$$_printf_percent$$00000000)
    _printf_u                                0x100004a7   Thumb Code     0  _printf_u.o(.ARM.Collect$$_printf_percent$$0000000A)
    _printf_x                                0x100004ad   Thumb Code     0  _printf_x.o(.ARM.Collect$$_printf_percent$$0000000C)
    _printf_s                                0x100004b3   Thumb Code     0  _printf_s.o(.ARM.Collect$$_printf_percent$$00000014)
    _printf_percent_end                      0x100004b9   Thumb Code     0  _printf_percent_end.o(.ARM.Collect$$_printf_percent$$00000017)
    __rt_lib_init                            0x100004bd   Thumb Code     0  libinit.o(.ARM.Collect$$libinit$$00000000)
    __rt_lib_init_fp_1                       0x100004bf   Thumb Code     0  libinit2.o(.ARM.Collect$$libinit$$00000001)
    __rt_lib_init_heap_2                     0x100004c3   Thumb Code     0  libinit5.o(.ARM.Collect$$libinit$$0000000A)
    __rt_lib_init_preinit_1                  0x100004c3   Thumb Code     0  libinit2.o(.ARM.Collect$$libinit$$00000006)
    __rt_lib_init_relocate_pie_1             0x100004c3   Thumb Code     0  libinit2.o(.ARM.Collect$$libinit$$00000004)
    __rt_lib_init_atexit_1                   0x100004cb   Thumb Code     0  libinit2.o(.ARM.Collect$$libinit$$0000001D)
    __rt_lib_init_clock_1                    0x100004cb   Thumb Code     0  libinit2.o(.ARM.Collect$$libinit$$00000023)
    __rt_lib_init_fp_trap_1                  0x100004cb   Thumb Code     0  libinit2.o(.ARM.Collect$$libinit$$00000021)
    __rt_lib_init_getenv_1                   0x100004cb   Thumb Code     0  libinit2.o(.ARM.Collect$$libinit$$00000025)
    __rt_lib_init_heap_1                     0x100004cb   Thumb Code     0  libinit2.o(.ARM.Collect$$libinit$$0000000C)
    __rt_lib_init_lc_collate_1               0x100004cb   Thumb Code     0  libinit2.o(.ARM.Collect$$libinit$$00000013)
    __rt_lib_init_lc_ctype_1                 0x100004cb   Thumb Code     0  libinit2.o(.ARM.Collect$$libinit$$00000015)
    __rt_lib_init_lc_monetary_1              0x100004cb   Thumb Code     0  libinit2.o(.ARM.Collect$$libinit$$00000017)
    __rt_lib_init_lc_numeric_1               0x100004cb   Thumb Code     0  libinit2.o(.ARM.Collect$$libinit$$00000019)
    __rt_lib_init_lc_time_1                  0x100004cb   Thumb Code     0  libinit2.o(.ARM.Collect$$libinit$$0000001B)
    __rt_lib_init_rand_1                     0x100004cb   Thumb Code     0  libinit2.o(.ARM.Collect$$libinit$$00000010)
    __rt_lib_init_signal_1                   0x100004cb   Thumb Code     0  libinit2.o(.ARM.Collect$$libinit$$0000001F)
    __rt_lib_init_stdio_2                    0x100004cb   Thumb Code     0  libinit2.o(.ARM.Collect$$libinit$$00000026)
    __rt_lib_init_user_alloc_1               0x100004cb   Thumb Code     0  libinit2.o(.ARM.Collect$$libinit$$0000000E)
    __rt_lib_init_alloca_1                   0x100004cf   Thumb Code     0  libinit2.o(.ARM.Collect$$libinit$$00000030)
    __rt_lib_init_argv_1                     0x100004cf   Thumb Code     0  libinit2.o(.ARM.Collect$$libinit$$0000002E)
    __rt_lib_init_cpp_1                      0x100004cf   Thumb Code     0  libinit2.o(.ARM.Collect$$libinit$$00000034)
    __rt_lib_init_exceptions_1               0x100004cf   Thumb Code     0  libinit2.o(.ARM.Collect$$libinit$$00000032)
    __rt_lib_init_return                     0x100004cf   Thumb Code     0  libinit2.o(.ARM.Collect$$libinit$$00000035)
    __rt_lib_init_stdio_1                    0x100004cf   Thumb Code     0  libinit2.o(.ARM.Collect$$libinit$$00000027)
    __rt_lib_shutdown                        0x100004d9   Thumb Code     0  libshutdown.o(.ARM.Collect$$libshutdown$$00000000)
    __rt_lib_shutdown_cpp_1                  0x100004db   Thumb Code     0  libshutdown2.o(.ARM.Collect$$libshutdown$$00000002)
    __rt_lib_shutdown_stdio_2                0x100004db   Thumb Code     0  libshutdown2.o(.ARM.Collect$$libshutdown$$00000003)
    __rt_lib_shutdown_fp_trap_1              0x100004df   Thumb Code     0  libshutdown2.o(.ARM.Collect$$libshutdown$$00000007)
    __rt_lib_shutdown_heap_1                 0x100004df   Thumb Code     0  libshutdown2.o(.ARM.Collect$$libshutdown$$0000000F)
    __rt_lib_shutdown_return                 0x100004df   Thumb Code     0  libshutdown2.o(.ARM.Collect$$libshutdown$$00000010)
    __rt_lib_shutdown_signal_1               0x100004df   Thumb Code     0  libshutdown2.o(.ARM.Collect$$libshutdown$$0000000A)
    __rt_lib_shutdown_stdio_1                0x100004df   Thumb Code     0  libshutdown2.o(.ARM.Collect$$libshutdown$$00000004)
    __rt_lib_shutdown_user_alloc_1           0x100004df   Thumb Code     0  libshutdown2.o(.ARM.Collect$$libshutdown$$0000000C)
    __rt_entry                               0x100004e1   Thumb Code     0  __rtentry.o(.ARM.Collect$$rtentry$$00000000)
    __rt_entry_presh_1                       0x100004e1   Thumb Code     0  __rtentry2.o(.ARM.Collect$$rtentry$$00000002)
    __rt_entry_sh                            0x100004e1   Thumb Code     0  __rtentry7.o(.ARM.Collect$$rtentry$$00000007)
    __rt_entry_li                            0x100004e5   Thumb Code     0  __rtentry2.o(.ARM.Collect$$rtentry$$0000000A)
    __rt_entry_postsh_1                      0x100004e5   Thumb Code     0  __rtentry2.o(.ARM.Collect$$rtentry$$00000009)
    __rt_entry_main                          0x100004e9   Thumb Code     0  __rtentry2.o(.ARM.Collect$$rtentry$$0000000D)
    __rt_entry_postli_1                      0x100004e9   Thumb Code     0  __rtentry2.o(.ARM.Collect$$rtentry$$0000000C)
    __rt_exit                                0x100004f5   Thumb Code     0  rtexit.o(.ARM.Collect$$rtexit$$00000000)
    __rt_exit_ls                             0x100004f7   Thumb Code     0  rtexit2.o(.ARM.Collect$$rtexit$$00000003)
    __rt_exit_prels_1                        0x100004f7   Thumb Code     0  rtexit2.o(.ARM.Collect$$rtexit$$00000002)
    __rt_exit_exit                           0x100004fb   Thumb Code     0  rtexit2.o(.ARM.Collect$$rtexit$$00000004)
    __2printf                                0x10000501   Thumb Code    20  noretval__2printf.o(.text)
    __printf                                 0x10000519   Thumb Code   104  __printf.o(.text)
    _printf_str                              0x10000581   Thumb Code    82  _printf_str.o(.text)
    _printf_int_dec                          0x100005d5   Thumb Code   104  _printf_dec.o(.text)
    _printf_int_hex                          0x1000064d   Thumb Code    84  _printf_hex_int.o(.text)
    _printf_longlong_hex                     0x1000064d   Thumb Code     0  _printf_hex_int.o(.text)
    puts                                     0x100006a5   Thumb Code    40  puts.o(.text)
    memcmp                                   0x100006d1   Thumb Code    88  memcmp.o(.text)
    __aeabi_memclr4                          0x10000729   Thumb Code     0  rt_memclr_w.o(.text)
    __aeabi_memclr8                          0x10000729   Thumb Code     0  rt_memclr_w.o(.text)
    __rt_memclr_w                            0x10000729   Thumb Code     0  rt_memclr_w.o(.text)
    _memset_w                                0x1000072d   Thumb Code    74  rt_memclr_w.o(.text)
    strcmp                                   0x10000779   Thumb Code   124  strcmpv8m_maindsp.o(.text)
    _printf_int_common                       0x100007f5   Thumb Code   178  _printf_intcommon.o(.text)
    _printf_cs_common                        0x100008a7   Thumb Code    20  _printf_char.o(.text)
    _printf_char                             0x100008bb   Thumb Code    16  _printf_char.o(.text)
    _printf_string                           0x100008cb   Thumb Code     8  _printf_char.o(.text)
    _printf_char_file                        0x100008d5   Thumb Code    32  _printf_char_file.o(.text)
    _printf_char_common                      0x10000903   Thumb Code    32  _printf_char_common.o(.text)
    ferror                                   0x10000929   Thumb Code     8  ferror.o(.text)
    __flsbuf                                 0x10000931   Thumb Code   482  flsbuf.o(.text)
    __flsbuf_byte                            0x10000931   Thumb Code     0  flsbuf.o(.text)
    __flsbuf_wide                            0x10000931   Thumb Code     0  flsbuf.o(.text)
    _initio                                  0x10000b15   Thumb Code   210  initio.o(.text)
    _terminateio                             0x10000be7   Thumb Code    56  initio.o(.text)
    malloc                                   0x10000c4d   Thumb Code    94  h1_alloc.o(.text)
    free                                     0x10000cab   Thumb Code    78  h1_free.o(.text)
    setvbuf                                  0x10000cf9   Thumb Code    70  setvbuf.o(.text)
    _seterr                                  0x10000d41   Thumb Code    20  stdio.o(.text)
    _writebuf                                0x10000d55   Thumb Code   108  stdio.o(.text)
    _fflush                                  0x10000dc1   Thumb Code    70  stdio.o(.text)
    _deferredlazyseek                        0x10000e07   Thumb Code    60  stdio.o(.text)
    freopen                                  0x10000e49   Thumb Code   160  fopen.o(.text)
    fopen                                    0x10000ee9   Thumb Code    74  fopen.o(.text)
    _fclose_internal                         0x10000f39   Thumb Code    76  fclose.o(.text)
    fclose                                   0x10000f39   Thumb Code     0  fclose.o(.text)
    exit                                     0x10000f85   Thumb Code    18  exit.o(.text)
    __rt_SIGRTRED                            0x10000f97   Thumb Code    14  defsig_rtred_outer.o(.text)
    __rt_heap_descriptor                     0x10000fa5   Thumb Code     8  rt_heap_descriptor_intlibspace.o(.text)
    __use_no_heap                            0x10000fad   Thumb Code     2  hguard.o(.text)
    __heap$guard                             0x10000faf   Thumb Code     2  hguard.o(.text)
    _terminate_user_alloc                    0x10000fb1   Thumb Code     2  init_alloc.o(.text)
    _init_user_alloc                         0x10000fb3   Thumb Code     2  init_alloc.o(.text)
    __Heap_Full                              0x10000fb5   Thumb Code    34  init_alloc.o(.text)
    __Heap_Broken                            0x10000fd7   Thumb Code     6  init_alloc.o(.text)
    _init_alloc                              0x10000fdd   Thumb Code    94  init_alloc.o(.text)
    __Heap_Initialize                        0x1000103b   Thumb Code     8  h1_init.o(.text)
    __Heap_DescSize                          0x10001043   Thumb Code     4  h1_init.o(.text)
    _fseek                                   0x10001049   Thumb Code   242  fseek.o(.text)
    fseek                                    0x10001049   Thumb Code     0  fseek.o(.text)
    __sig_exit                               0x10001141   Thumb Code    10  defsig_exit.o(.text)
    __rt_SIGRTRED_inner                      0x1000114d   Thumb Code    14  defsig_rtred_inner.o(.text)
    _sys_exit                                0x10001181   Thumb Code     8  sys_exit.o(.text)
    __I$use$semihosting                      0x1000118d   Thumb Code     0  use_no_semi.o(.text)
    __use_no_semihosting_swi                 0x1000118d   Thumb Code     2  use_no_semi.o(.text)
    __Heap_ProvideMemory                     0x1000118f   Thumb Code    52  h1_extend.o(.text)
    __semihosting_library_function           0x1000118f   Thumb Code     0  indicate_semi.o(.text)
    _maybe_terminate_alloc                   0x1000118f   Thumb Code     0  maybetermalloc1.o(.text)
    _ftell_internal                          0x100011c3   Thumb Code    66  ftell.o(.text)
    ftell                                    0x100011c3   Thumb Code     0  ftell.o(.text)
    __default_signal_display                 0x10001205   Thumb Code    50  defsig_general.o(.text)
    __rt_SIGRTMEM                            0x10001237   Thumb Code    14  defsig_rtmem_outer.o(.text)
    _ttywrch                                 0x10001245   Thumb Code    14  sys_wrch.o(.text)
    __aeabi_errno_addr                       0x10001255   Thumb Code     8  rt_errno_addr_intlibspace.o(.text)
    __errno$intlibspace                      0x10001255   Thumb Code     0  rt_errno_addr_intlibspace.o(.text)
    __rt_errno_addr$intlibspace              0x10001255   Thumb Code     0  rt_errno_addr_intlibspace.o(.text)
    __rt_SIGRTMEM_inner                      0x1000125d   Thumb Code    22  defsig_rtmem_inner.o(.text)
    CFA_ENGINE_new_log_entry                 0x100012ad   Thumb Code    20  cfa.o(.text.CFA_ENGINE_new_log_entry)
    BRIDGE_ERROR_Handler                     0x100012d5   Thumb Code    12  startup_IOTKit_CM33.o(.text.Default_Handler)
    BusFault_Handler                         0x100012d5   Thumb Code    12  startup_IOTKit_CM33.o(.text.Default_Handler)
    DMA0_ERROR_Handler                       0x100012d5   Thumb Code    12  startup_IOTKit_CM33.o(.text.Default_Handler)
    DMA0_Handler                             0x100012d5   Thumb Code    12  startup_IOTKit_CM33.o(.text.Default_Handler)
    DMA0_TC_Handler                          0x100012d5   Thumb Code    12  startup_IOTKit_CM33.o(.text.Default_Handler)
    DMA1_ERROR_Handler                       0x100012d5   Thumb Code    12  startup_IOTKit_CM33.o(.text.Default_Handler)
    DMA1_Handler                             0x100012d5   Thumb Code    12  startup_IOTKit_CM33.o(.text.Default_Handler)
    DMA1_TC_Handler                          0x100012d5   Thumb Code    12  startup_IOTKit_CM33.o(.text.Default_Handler)
    DMA2_ERROR_Handler                       0x100012d5   Thumb Code    12  startup_IOTKit_CM33.o(.text.Default_Handler)
    DMA2_Handler                             0x100012d5   Thumb Code    12  startup_IOTKit_CM33.o(.text.Default_Handler)
    DMA2_TC_Handler                          0x100012d5   Thumb Code    12  startup_IOTKit_CM33.o(.text.Default_Handler)
    DMA3_ERROR_Handler                       0x100012d5   Thumb Code    12  startup_IOTKit_CM33.o(.text.Default_Handler)
    DMA3_Handler                             0x100012d5   Thumb Code    12  startup_IOTKit_CM33.o(.text.Default_Handler)
    DMA3_TC_Handler                          0x100012d5   Thumb Code    12  startup_IOTKit_CM33.o(.text.Default_Handler)
    DUALTIMER_Handler                        0x100012d5   Thumb Code    12  startup_IOTKit_CM33.o(.text.Default_Handler)
    DebugMon_Handler                         0x100012d5   Thumb Code    12  startup_IOTKit_CM33.o(.text.Default_Handler)
    Default_Handler                          0x100012d5   Thumb Code    12  startup_IOTKit_CM33.o(.text.Default_Handler)
    ETHERNET_Handler                         0x100012d5   Thumb Code    12  startup_IOTKit_CM33.o(.text.Default_Handler)
    GPIO0_0_Handler                          0x100012d5   Thumb Code    12  startup_IOTKit_CM33.o(.text.Default_Handler)
    GPIO0_10_Handler                         0x100012d5   Thumb Code    12  startup_IOTKit_CM33.o(.text.Default_Handler)
    GPIO0_11_Handler                         0x100012d5   Thumb Code    12  startup_IOTKit_CM33.o(.text.Default_Handler)
    GPIO0_12_Handler                         0x100012d5   Thumb Code    12  startup_IOTKit_CM33.o(.text.Default_Handler)
    GPIO0_13_Handler                         0x100012d5   Thumb Code    12  startup_IOTKit_CM33.o(.text.Default_Handler)
    GPIO0_14_Handler                         0x100012d5   Thumb Code    12  startup_IOTKit_CM33.o(.text.Default_Handler)
    GPIO0_15_Handler                         0x100012d5   Thumb Code    12  startup_IOTKit_CM33.o(.text.Default_Handler)
    GPIO0_1_Handler                          0x100012d5   Thumb Code    12  startup_IOTKit_CM33.o(.text.Default_Handler)
    GPIO0_2_Handler                          0x100012d5   Thumb Code    12  startup_IOTKit_CM33.o(.text.Default_Handler)
    GPIO0_3_Handler                          0x100012d5   Thumb Code    12  startup_IOTKit_CM33.o(.text.Default_Handler)
    GPIO0_4_Handler                          0x100012d5   Thumb Code    12  startup_IOTKit_CM33.o(.text.Default_Handler)
    GPIO0_5_Handler                          0x100012d5   Thumb Code    12  startup_IOTKit_CM33.o(.text.Default_Handler)
    GPIO0_6_Handler                          0x100012d5   Thumb Code    12  startup_IOTKit_CM33.o(.text.Default_Handler)
    GPIO0_7_Handler                          0x100012d5   Thumb Code    12  startup_IOTKit_CM33.o(.text.Default_Handler)
    GPIO0_8_Handler                          0x100012d5   Thumb Code    12  startup_IOTKit_CM33.o(.text.Default_Handler)
    GPIO0_9_Handler                          0x100012d5   Thumb Code    12  startup_IOTKit_CM33.o(.text.Default_Handler)
    GPIO0_Handler                            0x100012d5   Thumb Code    12  startup_IOTKit_CM33.o(.text.Default_Handler)
    GPIO1_0_Handler                          0x100012d5   Thumb Code    12  startup_IOTKit_CM33.o(.text.Default_Handler)
    GPIO1_10_Handler                         0x100012d5   Thumb Code    12  startup_IOTKit_CM33.o(.text.Default_Handler)
    GPIO1_11_Handler                         0x100012d5   Thumb Code    12  startup_IOTKit_CM33.o(.text.Default_Handler)
    GPIO1_12_Handler                         0x100012d5   Thumb Code    12  startup_IOTKit_CM33.o(.text.Default_Handler)
    GPIO1_13_Handler                         0x100012d5   Thumb Code    12  startup_IOTKit_CM33.o(.text.Default_Handler)
    GPIO1_14_Handler                         0x100012d5   Thumb Code    12  startup_IOTKit_CM33.o(.text.Default_Handler)
    GPIO1_15_Handler                         0x100012d5   Thumb Code    12  startup_IOTKit_CM33.o(.text.Default_Handler)
    GPIO1_1_Handler                          0x100012d5   Thumb Code    12  startup_IOTKit_CM33.o(.text.Default_Handler)
    GPIO1_2_Handler                          0x100012d5   Thumb Code    12  startup_IOTKit_CM33.o(.text.Default_Handler)
    GPIO1_3_Handler                          0x100012d5   Thumb Code    12  startup_IOTKit_CM33.o(.text.Default_Handler)
    GPIO1_4_Handler                          0x100012d5   Thumb Code    12  startup_IOTKit_CM33.o(.text.Default_Handler)
    GPIO1_5_Handler                          0x100012d5   Thumb Code    12  startup_IOTKit_CM33.o(.text.Default_Handler)
    GPIO1_6_Handler                          0x100012d5   Thumb Code    12  startup_IOTKit_CM33.o(.text.Default_Handler)
    GPIO1_7_Handler                          0x100012d5   Thumb Code    12  startup_IOTKit_CM33.o(.text.Default_Handler)
    GPIO1_8_Handler                          0x100012d5   Thumb Code    12  startup_IOTKit_CM33.o(.text.Default_Handler)
    GPIO1_9_Handler                          0x100012d5   Thumb Code    12  startup_IOTKit_CM33.o(.text.Default_Handler)
    GPIO1_Handler                            0x100012d5   Thumb Code    12  startup_IOTKit_CM33.o(.text.Default_Handler)
    GPIO2_0_Handler                          0x100012d5   Thumb Code    12  startup_IOTKit_CM33.o(.text.Default_Handler)
    GPIO2_10_Handler                         0x100012d5   Thumb Code    12  startup_IOTKit_CM33.o(.text.Default_Handler)
    GPIO2_11_Handler                         0x100012d5   Thumb Code    12  startup_IOTKit_CM33.o(.text.Default_Handler)
    GPIO2_12_Handler                         0x100012d5   Thumb Code    12  startup_IOTKit_CM33.o(.text.Default_Handler)
    GPIO2_13_Handler                         0x100012d5   Thumb Code    12  startup_IOTKit_CM33.o(.text.Default_Handler)
    GPIO2_14_Handler                         0x100012d5   Thumb Code    12  startup_IOTKit_CM33.o(.text.Default_Handler)
    GPIO2_15_Handler                         0x100012d5   Thumb Code    12  startup_IOTKit_CM33.o(.text.Default_Handler)
    GPIO2_1_Handler                          0x100012d5   Thumb Code    12  startup_IOTKit_CM33.o(.text.Default_Handler)
    GPIO2_2_Handler                          0x100012d5   Thumb Code    12  startup_IOTKit_CM33.o(.text.Default_Handler)
    GPIO2_3_Handler                          0x100012d5   Thumb Code    12  startup_IOTKit_CM33.o(.text.Default_Handler)
    GPIO2_4_Handler                          0x100012d5   Thumb Code    12  startup_IOTKit_CM33.o(.text.Default_Handler)
    GPIO2_5_Handler                          0x100012d5   Thumb Code    12  startup_IOTKit_CM33.o(.text.Default_Handler)
    GPIO2_6_Handler                          0x100012d5   Thumb Code    12  startup_IOTKit_CM33.o(.text.Default_Handler)
    GPIO2_7_Handler                          0x100012d5   Thumb Code    12  startup_IOTKit_CM33.o(.text.Default_Handler)
    GPIO2_8_Handler                          0x100012d5   Thumb Code    12  startup_IOTKit_CM33.o(.text.Default_Handler)
    GPIO2_9_Handler                          0x100012d5   Thumb Code    12  startup_IOTKit_CM33.o(.text.Default_Handler)
    GPIO2_Handler                            0x100012d5   Thumb Code    12  startup_IOTKit_CM33.o(.text.Default_Handler)
    GPIO3_0_Handler                          0x100012d5   Thumb Code    12  startup_IOTKit_CM33.o(.text.Default_Handler)
    GPIO3_1_Handler                          0x100012d5   Thumb Code    12  startup_IOTKit_CM33.o(.text.Default_Handler)
    GPIO3_2_Handler                          0x100012d5   Thumb Code    12  startup_IOTKit_CM33.o(.text.Default_Handler)
    GPIO3_3_Handler                          0x100012d5   Thumb Code    12  startup_IOTKit_CM33.o(.text.Default_Handler)
    GPIO3_Handler                            0x100012d5   Thumb Code    12  startup_IOTKit_CM33.o(.text.Default_Handler)
    I2S_Handler                              0x100012d5   Thumb Code    12  startup_IOTKit_CM33.o(.text.Default_Handler)
    MPC_Handler                              0x100012d5   Thumb Code    12  startup_IOTKit_CM33.o(.text.Default_Handler)
    MSC_Handler                              0x100012d5   Thumb Code    12  startup_IOTKit_CM33.o(.text.Default_Handler)
    MemManage_Handler                        0x100012d5   Thumb Code    12  startup_IOTKit_CM33.o(.text.Default_Handler)
    NMI_Handler                              0x100012d5   Thumb Code    12  startup_IOTKit_CM33.o(.text.Default_Handler)
    NONSEC_WATCHDOG_Handler                  0x100012d5   Thumb Code    12  startup_IOTKit_CM33.o(.text.Default_Handler)
    NONSEC_WATCHDOG_RESET_Handler            0x100012d5   Thumb Code    12  startup_IOTKit_CM33.o(.text.Default_Handler)
    PPC_Handler                              0x100012d5   Thumb Code    12  startup_IOTKit_CM33.o(.text.Default_Handler)
    PendSV_Handler                           0x100012d5   Thumb Code    12  startup_IOTKit_CM33.o(.text.Default_Handler)
    S32K_TIMER_Handler                       0x100012d5   Thumb Code    12  startup_IOTKit_CM33.o(.text.Default_Handler)
    SPI0_Handler                             0x100012d5   Thumb Code    12  startup_IOTKit_CM33.o(.text.Default_Handler)
    SPI1_Handler                             0x100012d5   Thumb Code    12  startup_IOTKit_CM33.o(.text.Default_Handler)
    SPI2_Handler                             0x100012d5   Thumb Code    12  startup_IOTKit_CM33.o(.text.Default_Handler)
    SPI3_Handler                             0x100012d5   Thumb Code    12  startup_IOTKit_CM33.o(.text.Default_Handler)
    SPI4_Handler                             0x100012d5   Thumb Code    12  startup_IOTKit_CM33.o(.text.Default_Handler)
    SVC_Handler                              0x100012d5   Thumb Code    12  startup_IOTKit_CM33.o(.text.Default_Handler)
    SecureFault_Handler                      0x100012d5   Thumb Code    12  startup_IOTKit_CM33.o(.text.Default_Handler)
    TIMER0_Handler                           0x100012d5   Thumb Code    12  startup_IOTKit_CM33.o(.text.Default_Handler)
    TIMER1_Handler                           0x100012d5   Thumb Code    12  startup_IOTKit_CM33.o(.text.Default_Handler)
    TSC_Handler                              0x100012d5   Thumb Code    12  startup_IOTKit_CM33.o(.text.Default_Handler)
    UART0_Handler                            0x100012d5   Thumb Code    12  startup_IOTKit_CM33.o(.text.Default_Handler)
    UART1RX_Handler                          0x100012d5   Thumb Code    12  startup_IOTKit_CM33.o(.text.Default_Handler)
    UART1TX_Handler                          0x100012d5   Thumb Code    12  startup_IOTKit_CM33.o(.text.Default_Handler)
    UART1_Handler                            0x100012d5   Thumb Code    12  startup_IOTKit_CM33.o(.text.Default_Handler)
    UART2RX_Handler                          0x100012d5   Thumb Code    12  startup_IOTKit_CM33.o(.text.Default_Handler)
    UART2TX_Handler                          0x100012d5   Thumb Code    12  startup_IOTKit_CM33.o(.text.Default_Handler)
    UART2_Handler                            0x100012d5   Thumb Code    12  startup_IOTKit_CM33.o(.text.Default_Handler)
    UART3RX_Handler                          0x100012d5   Thumb Code    12  startup_IOTKit_CM33.o(.text.Default_Handler)
    UART3TX_Handler                          0x100012d5   Thumb Code    12  startup_IOTKit_CM33.o(.text.Default_Handler)
    UART3_Handler                            0x100012d5   Thumb Code    12  startup_IOTKit_CM33.o(.text.Default_Handler)
    UART4RX_Handler                          0x100012d5   Thumb Code    12  startup_IOTKit_CM33.o(.text.Default_Handler)
    UART4TX_Handler                          0x100012d5   Thumb Code    12  startup_IOTKit_CM33.o(.text.Default_Handler)
    UART4_Handler                            0x100012d5   Thumb Code    12  startup_IOTKit_CM33.o(.text.Default_Handler)
    UARTOVF_Handler                          0x100012d5   Thumb Code    12  startup_IOTKit_CM33.o(.text.Default_Handler)
    UsageFault_Handler                       0x100012d5   Thumb Code    12  startup_IOTKit_CM33.o(.text.Default_Handler)
    HardFault_Handler                        0x100012fd   Thumb Code    12  startup_IOTKit_CM33.o(.text.HardFault_Handler)
    LED_Off                                  0x1000131d   Thumb Code    28  LED_V2M-MPS2.o(.text.LED_Off)
    LED_On                                   0x10001339   Thumb Code    26  LED_V2M-MPS2.o(.text.LED_On)
    Reset_Handler                            0x10001355   Thumb Code    56  startup_IOTKit_CM33.o(.text.Reset_Handler)
    __acle_se_SECURE_NOPE                    0x1000138d   Thumb Code     0  Secure_Functions.o(.text.SECURE_NOPE)
    __acle_se_SECURE_log_call                0x100013d9   Thumb Code     0  Secure_Functions_CFA.o(.text.SECURE_log_call)
    __acle_se_SECURE_log_cond_br_not_taken   0x100014b5   Thumb Code     0  Secure_Functions_CFA.o(.text.SECURE_log_cond_br_not_taken)
    __acle_se_SECURE_log_cond_br_taken       0x10001595   Thumb Code     0  Secure_Functions_CFA.o(.text.SECURE_log_cond_br_taken)
    __acle_se_SECURE_log_loop_cond           0x10001675   Thumb Code     0  Secure_Functions_CFA.o(.text.SECURE_log_loop_cond)
    __acle_se_SECURE_log_ret                 0x10001765   Thumb Code     0  Secure_Functions_CFA.o(.text.SECURE_log_ret)
    __acle_se_SECURE_register_callback       0x10001841   Thumb Code     0  Secure_Functions.o(.text.SECURE_register_callback)
    __acle_se_SECURE_start_cfa               0x100018f5   Thumb Code     0  Secure_Functions.o(.text.SECURE_start_cfa)
    __acle_se_Secure_LED_Off                 0x10001a05   Thumb Code     0  Secure_Functions.o(.text.Secure_LED_Off)
    __acle_se_Secure_LED_Off_callback        0x10001a59   Thumb Code     0  Secure_Functions.o(.text.Secure_LED_Off_callback)
    __acle_se_Secure_LED_On                  0x10001ab1   Thumb Code     0  Secure_Functions.o(.text.Secure_LED_On)
    __acle_se_Secure_LED_On_callback         0x10001b05   Thumb Code     0  Secure_Functions.o(.text.Secure_LED_On_callback)
    __acle_se_Secure_printf                  0x10001b5d   Thumb Code     0  Secure_Functions.o(.text.Secure_printf)
    SysTick_Handler                          0x10001bb9   Thumb Code    20  main_s.o(.text.SysTick_Handler)
    SystemCoreClockUpdate                    0x10001bdd   Thumb Code    20  system_IOTKit_CM33.o(.text.SystemCoreClockUpdate)
    SystemInit                               0x10001bf1   Thumb Code   304  system_IOTKit_CM33.o(.text.SystemInit)
    UART0RX_Handler                          0x10001d21   Thumb Code    86  USART_V2M-MPS2.o(.text.UART0RX_Handler)
    UART0TX_Handler                          0x10001d79   Thumb Code    88  USART_V2M-MPS2.o(.text.UART0TX_Handler)
    __debug_DWT_Registers                    0x1000216d   Thumb Code   124  mtb.o(.text.__debug_DWT_Registers)
    __debug_MTB_Registers                    0x10002271   Thumb Code   104  mtb.o(.text.__debug_MTB_Registers)
    _sys_close                               0x1000236d   Thumb Code    20  retarget_io.o(.text._sys_close)
    _sys_flen                                0x10002381   Thumb Code     4  retarget_io.o(.text._sys_flen)
    _sys_istty                               0x10002385   Thumb Code    16  retarget_io.o(.text._sys_istty)
    _sys_open                                0x10002395   Thumb Code    94  retarget_io.o(.text._sys_open)
    _sys_seek                                0x100023f5   Thumb Code     6  retarget_io.o(.text._sys_seek)
    _sys_write                               0x100023fd   Thumb Code    48  retarget_io.o(.text._sys_write)
    eCFA_init_cfa                            0x1000242d   Thumb Code   240  cfa.o(.text.eCFA_init_cfa)
    hardfault_handler                        0x100025ad   Thumb Code    32  mtb.o(.text.hardfault_handler)
    main                                     0x100025e1   Thumb Code   224  main_s.o(.text.main)
    mtb_debugMonitorHandler                  0x100026c1   Thumb Code    40  mtb.o(.text.mtb_debugMonitorHandler)
    mtb_debugMonitorHandlerEmpty             0x10002705   Thumb Code     2  mtb.o(.text.mtb_debugMonitorHandlerEmpty)
    mtb_exit                                 0x10002709   Thumb Code    92  mtb.o(.text.mtb_exit)
    mtb_init                                 0x10002765   Thumb Code   164  mtb.o(.text.mtb_init)
    mtb_setup_DWT                            0x10002869   Thumb Code   248  mtb.o(.text.mtb_setup_DWT)
    pendsv_handler                           0x100029a1   Thumb Code    16  mtb.o(.text.pendsv_handler)
    stdout_init                              0x100029c1   Thumb Code    60  stdout_USART.o(.text.stdout_init)
    stdout_putchar                           0x100029fd   Thumb Code    56  stdout_USART.o(.text.stdout_putchar)
    vMTB_sendBuffer                          0x10002a35   Thumb Code   104  mtb.o(.text.vMTB_sendBuffer)
    fputc                                    0x10002af1   Thumb Code    28  fputc.o(i.fputc)
    _fp_init                                 0x10002b0d   Thumb Code    26  fpinit.o(x$fpl$fpinit)
    __fplib_config_fpu_vfp                   0x10002b25   Thumb Code     0  fpinit.o(x$fpl$fpinit)
    __fplib_config_pureend_doubles           0x10002b25   Thumb Code     0  fpinit.o(x$fpl$fpinit)
    Driver_USART0                            0x10002b50   Data          56  USART_V2M-MPS2.o(.rodata.Driver_USART0)
    __stderr_name                            0x10002b88   Data           8  retarget_io.o(.rodata.__stderr_name)
    __stdin_name                             0x10002b90   Data           7  retarget_io.o(.rodata.__stdin_name)
    __stdout_name                            0x10002b97   Data           8  retarget_io.o(.rodata.__stdout_name)
    Region$$Table$$Base                      0x10002c80   Number         0  anon$$obj.o(Region$$Table)
    Region$$Table$$Limit                     0x10002ca0   Number         0  anon$$obj.o(Region$$Table)
    SECURE_NOPE                              0x101ffe01   Thumb Code     8  anon$$obj.o(Veneer$$CMSE)
    SECURE_register_callback                 0x101ffe09   Thumb Code     8  anon$$obj.o(Veneer$$CMSE)
    SECURE_start_cfa                         0x101ffe11   Thumb Code     8  anon$$obj.o(Veneer$$CMSE)
    Secure_LED_On                            0x101ffe19   Thumb Code     8  anon$$obj.o(Veneer$$CMSE)
    Secure_LED_Off                           0x101ffe21   Thumb Code     8  anon$$obj.o(Veneer$$CMSE)
    Secure_printf                            0x101ffe29   Thumb Code     8  anon$$obj.o(Veneer$$CMSE)
    Secure_LED_On_callback                   0x101ffe31   Thumb Code     8  anon$$obj.o(Veneer$$CMSE)
    Secure_LED_Off_callback                  0x101ffe39   Thumb Code     8  anon$$obj.o(Veneer$$CMSE)
    SECURE_log_loop_cond                     0x101ffe41   Thumb Code     8  anon$$obj.o(Veneer$$CMSE)
    SECURE_log_cond_br_taken                 0x101ffe49   Thumb Code     8  anon$$obj.o(Veneer$$CMSE)
    SECURE_log_cond_br_not_taken             0x101ffe51   Thumb Code     8  anon$$obj.o(Veneer$$CMSE)
    SECURE_log_ret                           0x101ffe59   Thumb Code     8  anon$$obj.o(Veneer$$CMSE)
    SECURE_log_call                          0x101ffe61   Thumb Code     8  anon$$obj.o(Veneer$$CMSE)
    __aeabi_stdin                            0x38000000   Data           4  stdio_streams.o(.data)
    __aeabi_stdout                           0x38000004   Data           4  stdio_streams.o(.data)
    __aeabi_stderr                           0x38000008   Data           4  stdio_streams.o(.data)
    CoreDebug_                               0x3800000c   Data           4  mtb.o(.data.CoreDebug_)
    DWT_                                     0x38000010   Data           4  mtb.o(.data.DWT_)
    ITM_                                     0x38000014   Data           4  mtb.o(.data.ITM_)
    SCB_                                     0x38000018   Data           4  mtb.o(.data.SCB_)
    SystemCoreClock                          0x3800001c   Data           4  system_IOTKit_CM33.o(.data.SystemCoreClock)
    mtb                                      0x38000020   Data           4  mtb.o(.data.mtb)
    __stdin                                  0x38000024   Data          84  stdio_streams.o(.bss)
    __stdout                                 0x38000078   Data          84  stdio_streams.o(.bss)
    __stderr                                 0x380000cc   Data          84  stdio_streams.o(.bss)
    __libspace_start                         0x38000120   Data          96  libspace.o(.bss)
    CFA_stat                                 0x38000180   Data           4  Secure_Functions.o(.bss.CFA_stat)
    __temporary_stack_top$libspace           0x38000180   Data           0  libspace.o(.bss)
    fNSFunc                                  0x380001b0   Data           4  Secure_Functions.o(.bss.fNSFunc)
    log_counter                              0x380001b4   Data           4  mtb.o(.bss.log_counter)
    log_size_counter                         0x380001b8   Data           4  cfa.o(.bss.log_size_counter)
    pfNonSecure_LED_Off                      0x380001bc   Data           4  Secure_Functions.o(.bss.pfNonSecure_LED_Off)
    pfNonSecure_LED_On                       0x380001c0   Data           4  Secure_Functions.o(.bss.pfNonSecure_LED_On)
    report_s                                 0x380001c4   Data        2148  cfa.o(.bss.report_s)
    Image$$ARM_LIB_HEAP$$ZI$$Base            0x38000a28   Number         0  anon$$obj.o ABSOLUTE
    Image$$ARM_LIB_HEAP$$ZI$$Limit           0x38001628   Number         0  anon$$obj.o ABSOLUTE
    Image$$ARM_LIB_STACK$$ZI$$Base           0x381ffbf8   Number         0  anon$$obj.o ABSOLUTE
    Image$$ARM_LIB_STACK$$ZI$$Limit          0x381ffff8   Number         0  anon$$obj.o ABSOLUTE
    Image$$STACKSEAL$$ZI$$Base               0x381ffff8   Number         0  anon$$obj.o ABSOLUTE



==============================================================================

Memory Map of the image

  Image Entry point : 0x10000401

  Load Region LR_ROM (Base: 0x10000000, Size: 0x00002cc4, Max: 0x001ffe00, ABSOLUTE)

    Execution Region ER_ROM (Exec base: 0x10000000, Load base: 0x10000000, Size: 0x00002ca0, Max: 0x001ffe00, ABSOLUTE)

    Exec Addr    Load Addr    Size         Type   Attr      Idx    E Section Name        Object

    0x10000000   0x10000000   0x00000400   Data   RO          312    RESET               startup_IOTKit_CM33.o
    0x10000400   0x10000400   0x00000008   Code   RO          401  * !!!main             c_w.l(__main.o)
    0x10000408   0x10000408   0x0000005c   Code   RO          767    !!!scatter          c_w.l(__scatter.o)
    0x10000464   0x10000464   0x0000001a   Code   RO          771    !!handler_copy      c_w.l(__scatter_copy.o)
    0x1000047e   0x1000047e   0x00000002   PAD
    0x10000480   0x10000480   0x00000002   Code   RO          768    !!handler_null      c_w.l(__scatter.o)
    0x10000482   0x10000482   0x00000002   PAD
    0x10000484   0x10000484   0x0000001c   Code   RO          773    !!handler_zi        c_w.l(__scatter_zi.o)
    0x100004a0   0x100004a0   0x00000000   Code   RO          390    .ARM.Collect$$_printf_percent$$00000000  c_w.l(_printf_percent.o)
    0x100004a0   0x100004a0   0x00000006   Code   RO          388    .ARM.Collect$$_printf_percent$$00000009  c_w.l(_printf_d.o)
    0x100004a6   0x100004a6   0x00000006   Code   RO          389    .ARM.Collect$$_printf_percent$$0000000A  c_w.l(_printf_u.o)
    0x100004ac   0x100004ac   0x00000006   Code   RO          387    .ARM.Collect$$_printf_percent$$0000000C  c_w.l(_printf_x.o)
    0x100004b2   0x100004b2   0x00000006   Code   RO          386    .ARM.Collect$$_printf_percent$$00000014  c_w.l(_printf_s.o)
    0x100004b8   0x100004b8   0x00000004   Code   RO          410    .ARM.Collect$$_printf_percent$$00000017  c_w.l(_printf_percent_end.o)
    0x100004bc   0x100004bc   0x00000002   Code   RO          559    .ARM.Collect$$libinit$$00000000  c_w.l(libinit.o)
    0x100004be   0x100004be   0x00000004   Code   RO          560    .ARM.Collect$$libinit$$00000001  c_w.l(libinit2.o)
    0x100004c2   0x100004c2   0x00000000   Code   RO          563    .ARM.Collect$$libinit$$00000004  c_w.l(libinit2.o)
    0x100004c2   0x100004c2   0x00000000   Code   RO          565    .ARM.Collect$$libinit$$00000006  c_w.l(libinit2.o)
    0x100004c2   0x100004c2   0x00000008   Code   RO          677    .ARM.Collect$$libinit$$0000000A  c_w.l(libinit5.o)
    0x100004ca   0x100004ca   0x00000000   Code   RO          568    .ARM.Collect$$libinit$$0000000C  c_w.l(libinit2.o)
    0x100004ca   0x100004ca   0x00000000   Code   RO          570    .ARM.Collect$$libinit$$0000000E  c_w.l(libinit2.o)
    0x100004ca   0x100004ca   0x00000000   Code   RO          572    .ARM.Collect$$libinit$$00000010  c_w.l(libinit2.o)
    0x100004ca   0x100004ca   0x00000000   Code   RO          575    .ARM.Collect$$libinit$$00000013  c_w.l(libinit2.o)
    0x100004ca   0x100004ca   0x00000000   Code   RO          577    .ARM.Collect$$libinit$$00000015  c_w.l(libinit2.o)
    0x100004ca   0x100004ca   0x00000000   Code   RO          579    .ARM.Collect$$libinit$$00000017  c_w.l(libinit2.o)
    0x100004ca   0x100004ca   0x00000000   Code   RO          581    .ARM.Collect$$libinit$$00000019  c_w.l(libinit2.o)
    0x100004ca   0x100004ca   0x00000000   Code   RO          583    .ARM.Collect$$libinit$$0000001B  c_w.l(libinit2.o)
    0x100004ca   0x100004ca   0x00000000   Code   RO          585    .ARM.Collect$$libinit$$0000001D  c_w.l(libinit2.o)
    0x100004ca   0x100004ca   0x00000000   Code   RO          587    .ARM.Collect$$libinit$$0000001F  c_w.l(libinit2.o)
    0x100004ca   0x100004ca   0x00000000   Code   RO          589    .ARM.Collect$$libinit$$00000021  c_w.l(libinit2.o)
    0x100004ca   0x100004ca   0x00000000   Code   RO          591    .ARM.Collect$$libinit$$00000023  c_w.l(libinit2.o)
    0x100004ca   0x100004ca   0x00000000   Code   RO          593    .ARM.Collect$$libinit$$00000025  c_w.l(libinit2.o)
    0x100004ca   0x100004ca   0x00000004   Code   RO          594    .ARM.Collect$$libinit$$00000026  c_w.l(libinit2.o)
    0x100004ce   0x100004ce   0x00000000   Code   RO          595    .ARM.Collect$$libinit$$00000027  c_w.l(libinit2.o)
    0x100004ce   0x100004ce   0x00000000   Code   RO          599    .ARM.Collect$$libinit$$0000002E  c_w.l(libinit2.o)
    0x100004ce   0x100004ce   0x00000000   Code   RO          601    .ARM.Collect$$libinit$$00000030  c_w.l(libinit2.o)
    0x100004ce   0x100004ce   0x00000000   Code   RO          603    .ARM.Collect$$libinit$$00000032  c_w.l(libinit2.o)
    0x100004ce   0x100004ce   0x00000000   Code   RO          605    .ARM.Collect$$libinit$$00000034  c_w.l(libinit2.o)
    0x100004ce   0x100004ce   0x00000002   Code   RO          606    .ARM.Collect$$libinit$$00000035  c_w.l(libinit2.o)
    0x100004d0   0x100004d0   0x00000008   Code   RO          678    .ARM.Collect$$libinit$$0000271B  c_w.l(libinit5.o)
    0x100004d8   0x100004d8   0x00000002   Code   RO          745    .ARM.Collect$$libshutdown$$00000000  c_w.l(libshutdown.o)
    0x100004da   0x100004da   0x00000000   Code   RO          608    .ARM.Collect$$libshutdown$$00000002  c_w.l(libshutdown2.o)
    0x100004da   0x100004da   0x00000004   Code   RO          609    .ARM.Collect$$libshutdown$$00000003  c_w.l(libshutdown2.o)
    0x100004de   0x100004de   0x00000000   Code   RO          610    .ARM.Collect$$libshutdown$$00000004  c_w.l(libshutdown2.o)
    0x100004de   0x100004de   0x00000000   Code   RO          613    .ARM.Collect$$libshutdown$$00000007  c_w.l(libshutdown2.o)
    0x100004de   0x100004de   0x00000000   Code   RO          616    .ARM.Collect$$libshutdown$$0000000A  c_w.l(libshutdown2.o)
    0x100004de   0x100004de   0x00000000   Code   RO          618    .ARM.Collect$$libshutdown$$0000000C  c_w.l(libshutdown2.o)
    0x100004de   0x100004de   0x00000000   Code   RO          621    .ARM.Collect$$libshutdown$$0000000F  c_w.l(libshutdown2.o)
    0x100004de   0x100004de   0x00000002   Code   RO          622    .ARM.Collect$$libshutdown$$00000010  c_w.l(libshutdown2.o)
    0x100004e0   0x100004e0   0x00000000   Code   RO          403    .ARM.Collect$$rtentry$$00000000  c_w.l(__rtentry.o)
    0x100004e0   0x100004e0   0x00000000   Code   RO          424    .ARM.Collect$$rtentry$$00000002  c_w.l(__rtentry2.o)
    0x100004e0   0x100004e0   0x00000004   Code   RO          438    .ARM.Collect$$rtentry$$00000007  c_w.l(__rtentry7.o)
    0x100004e4   0x100004e4   0x00000000   Code   RO          426    .ARM.Collect$$rtentry$$00000009  c_w.l(__rtentry2.o)
    0x100004e4   0x100004e4   0x00000004   Code   RO          427    .ARM.Collect$$rtentry$$0000000A  c_w.l(__rtentry2.o)
    0x100004e8   0x100004e8   0x00000000   Code   RO          429    .ARM.Collect$$rtentry$$0000000C  c_w.l(__rtentry2.o)
    0x100004e8   0x100004e8   0x00000008   Code   RO          430    .ARM.Collect$$rtentry$$0000000D  c_w.l(__rtentry2.o)
    0x100004f0   0x100004f0   0x00000004   Code   RO          439    .ARM.Collect$$rtentry$$00002718  c_w.l(__rtentry7.o)
    0x100004f4   0x100004f4   0x00000002   Code   RO          630    .ARM.Collect$$rtexit$$00000000  c_w.l(rtexit.o)
    0x100004f6   0x100004f6   0x00000000   Code   RO          695    .ARM.Collect$$rtexit$$00000002  c_w.l(rtexit2.o)
    0x100004f6   0x100004f6   0x00000004   Code   RO          696    .ARM.Collect$$rtexit$$00000003  c_w.l(rtexit2.o)
    0x100004fa   0x100004fa   0x00000006   Code   RO          697    .ARM.Collect$$rtexit$$00000004  c_w.l(rtexit2.o)
    0x10000500   0x10000500   0x00000018   Code   RO          336    .text               c_w.l(noretval__2printf.o)
    0x10000518   0x10000518   0x00000068   Code   RO          338    .text               c_w.l(__printf.o)
    0x10000580   0x10000580   0x00000052   Code   RO          340    .text               c_w.l(_printf_str.o)
    0x100005d2   0x100005d2   0x00000002   PAD
    0x100005d4   0x100005d4   0x00000078   Code   RO          342    .text               c_w.l(_printf_dec.o)
    0x1000064c   0x1000064c   0x00000058   Code   RO          347    .text               c_w.l(_printf_hex_int.o)
    0x100006a4   0x100006a4   0x0000002c   Code   RO          391    .text               c_w.l(puts.o)
    0x100006d0   0x100006d0   0x00000058   Code   RO          393    .text               c_w.l(memcmp.o)
    0x10000728   0x10000728   0x0000004e   Code   RO          397    .text               c_w.l(rt_memclr_w.o)
    0x10000776   0x10000776   0x00000002   PAD
    0x10000778   0x10000778   0x0000007c   Code   RO          399    .text               c_w.l(strcmpv8m_maindsp.o)
    0x100007f4   0x100007f4   0x000000b2   Code   RO          404    .text               c_w.l(_printf_intcommon.o)
    0x100008a6   0x100008a6   0x0000002c   Code   RO          406    .text               c_w.l(_printf_char.o)
    0x100008d2   0x100008d2   0x00000002   PAD
    0x100008d4   0x100008d4   0x00000024   Code   RO          408    .text               c_w.l(_printf_char_file.o)
    0x100008f8   0x100008f8   0x00000030   Code   RO          443    .text               c_w.l(_printf_char_common.o)
    0x10000928   0x10000928   0x00000008   Code   RO          445    .text               c_w.l(ferror.o)
    0x10000930   0x10000930   0x000001e2   Code   RO          447    .text               c_w.l(flsbuf.o)
    0x10000b12   0x10000b12   0x00000002   PAD
    0x10000b14   0x10000b14   0x00000138   Code   RO          449    .text               c_w.l(initio.o)
    0x10000c4c   0x10000c4c   0x0000005e   Code   RO          465    .text               c_w.l(h1_alloc.o)
    0x10000caa   0x10000caa   0x0000004e   Code   RO          467    .text               c_w.l(h1_free.o)
    0x10000cf8   0x10000cf8   0x00000046   Code   RO          527    .text               c_w.l(setvbuf.o)
    0x10000d3e   0x10000d3e   0x00000002   PAD
    0x10000d40   0x10000d40   0x00000108   Code   RO          529    .text               c_w.l(stdio.o)
    0x10000e48   0x10000e48   0x000000f0   Code   RO          534    .text               c_w.l(fopen.o)
    0x10000f38   0x10000f38   0x0000004c   Code   RO          536    .text               c_w.l(fclose.o)
    0x10000f84   0x10000f84   0x00000012   Code   RO          546    .text               c_w.l(exit.o)
    0x10000f96   0x10000f96   0x0000000e   Code   RO          548    .text               c_w.l(defsig_rtred_outer.o)
    0x10000fa4   0x10000fa4   0x00000008   Code   RO          637    .text               c_w.l(rt_heap_descriptor_intlibspace.o)
    0x10000fac   0x10000fac   0x00000004   Code   RO          639    .text               c_w.l(hguard.o)
    0x10000fb0   0x10000fb0   0x0000008a   Code   RO          641    .text               c_w.l(init_alloc.o)
    0x1000103a   0x1000103a   0x0000000c   Code   RO          645    .text               c_w.l(h1_init.o)
    0x10001046   0x10001046   0x00000002   PAD
    0x10001048   0x10001048   0x000000f8   Code   RO          661    .text               c_w.l(fseek.o)
    0x10001140   0x10001140   0x0000000a   Code   RO          667    .text               c_w.l(defsig_exit.o)
    0x1000114a   0x1000114a   0x00000002   PAD
    0x1000114c   0x1000114c   0x00000034   Code   RO          669    .text               c_w.l(defsig_rtred_inner.o)
    0x10001180   0x10001180   0x0000000c   Code   RO          685    .text               c_w.l(sys_exit.o)
    0x1000118c   0x1000118c   0x00000002   Code   RO          691    .text               c_w.l(use_no_semi.o)
    0x1000118e   0x1000118e   0x00000000   Code   RO          693    .text               c_w.l(indicate_semi.o)
    0x1000118e   0x1000118e   0x00000000   Code   RO          703    .text               c_w.l(maybetermalloc1.o)
    0x1000118e   0x1000118e   0x00000034   Code   RO          705    .text               c_w.l(h1_extend.o)
    0x100011c2   0x100011c2   0x00000042   Code   RO          709    .text               c_w.l(ftell.o)
    0x10001204   0x10001204   0x00000032   Code   RO          713    .text               c_w.l(defsig_general.o)
    0x10001236   0x10001236   0x0000000e   Code   RO          715    .text               c_w.l(defsig_rtmem_outer.o)
    0x10001244   0x10001244   0x0000000e   Code   RO          728    .text               c_w.l(sys_wrch.o)
    0x10001252   0x10001252   0x00000002   PAD
    0x10001254   0x10001254   0x00000008   Code   RO          735    .text               c_w.l(rt_errno_addr_intlibspace.o)
    0x1000125c   0x1000125c   0x00000050   Code   RO          739    .text               c_w.l(defsig_rtmem_inner.o)
    0x100012ac   0x100012ac   0x00000028   Code   RO          123    .text.CFA_ENGINE_new_log_entry  cfa.o
    0x100012d4   0x100012d4   0x00000028   Code   RO          306    .text.Default_Handler  startup_IOTKit_CM33.o
    0x100012fc   0x100012fc   0x00000020   Code   RO          310    .text.HardFault_Handler  startup_IOTKit_CM33.o
    0x1000131c   0x1000131c   0x0000001c   Code   RO          221    .text.LED_Off       LED_V2M-MPS2.o
    0x10001338   0x10001338   0x0000001a   Code   RO          219    .text.LED_On        LED_V2M-MPS2.o
    0x10001352   0x10001352   0x00000002   PAD
    0x10001354   0x10001354   0x00000038   Code   RO          308    .text.Reset_Handler  startup_IOTKit_CM33.o
    0x1000138c   0x1000138c   0x0000004a   Code   RO           78    .text.SECURE_NOPE   Secure_Functions.o
    0x100013d6   0x100013d6   0x00000002   PAD
    0x100013d8   0x100013d8   0x000000da   Code   RO          149    .text.SECURE_log_call  Secure_Functions_CFA.o
    0x100014b2   0x100014b2   0x00000002   PAD
    0x100014b4   0x100014b4   0x000000e0   Code   RO          145    .text.SECURE_log_cond_br_not_taken  Secure_Functions_CFA.o
    0x10001594   0x10001594   0x000000e0   Code   RO          143    .text.SECURE_log_cond_br_taken  Secure_Functions_CFA.o
    0x10001674   0x10001674   0x000000f0   Code   RO          141    .text.SECURE_log_loop_cond  Secure_Functions_CFA.o
    0x10001764   0x10001764   0x000000dc   Code   RO          147    .text.SECURE_log_ret  Secure_Functions_CFA.o
    0x10001840   0x10001840   0x000000b4   Code   RO           80    .text.SECURE_register_callback  Secure_Functions.o
    0x100018f4   0x100018f4   0x00000110   Code   RO           86    .text.SECURE_start_cfa  Secure_Functions.o
    0x10001a04   0x10001a04   0x00000052   Code   RO           90    .text.Secure_LED_Off  Secure_Functions.o
    0x10001a56   0x10001a56   0x00000002   PAD
    0x10001a58   0x10001a58   0x00000056   Code   RO           96    .text.Secure_LED_Off_callback  Secure_Functions.o
    0x10001aae   0x10001aae   0x00000002   PAD
    0x10001ab0   0x10001ab0   0x00000052   Code   RO           88    .text.Secure_LED_On  Secure_Functions.o
    0x10001b02   0x10001b02   0x00000002   PAD
    0x10001b04   0x10001b04   0x00000056   Code   RO           94    .text.Secure_LED_On_callback  Secure_Functions.o
    0x10001b5a   0x10001b5a   0x00000002   PAD
    0x10001b5c   0x10001b5c   0x0000005c   Code   RO           92    .text.Secure_printf  Secure_Functions.o
    0x10001bb8   0x10001bb8   0x00000024   Code   RO            5    .text.SysTick_Handler  main_s.o
    0x10001bdc   0x10001bdc   0x00000014   Code   RO          321    .text.SystemCoreClockUpdate  system_IOTKit_CM33.o
    0x10001bf0   0x10001bf0   0x00000130   Code   RO          323    .text.SystemInit    system_IOTKit_CM33.o
    0x10001d20   0x10001d20   0x00000056   Code   RO          235    .text.UART0RX_Handler  USART_V2M-MPS2.o
    0x10001d76   0x10001d76   0x00000002   PAD
    0x10001d78   0x10001d78   0x00000058   Code   RO          237    .text.UART0TX_Handler  USART_V2M-MPS2.o
    0x10001dd0   0x10001dd0   0x0000013a   Code   RO          259    .text.USART0_Control  USART_V2M-MPS2.o
    0x10001f0a   0x10001f0a   0x00000002   PAD
    0x10001f0c   0x10001f0c   0x00000006   Code   RO          241    .text.USART0_GetCapabilities  USART_V2M-MPS2.o
    0x10001f12   0x10001f12   0x00000002   PAD
    0x10001f14   0x10001f14   0x00000004   Code   RO          265    .text.USART0_GetModemStatus  USART_V2M-MPS2.o
    0x10001f18   0x10001f18   0x0000000c   Code   RO          257    .text.USART0_GetRxCount  USART_V2M-MPS2.o
    0x10001f24   0x10001f24   0x0000001a   Code   RO          261    .text.USART0_GetStatus  USART_V2M-MPS2.o
    0x10001f3e   0x10001f3e   0x00000002   PAD
    0x10001f40   0x10001f40   0x0000000c   Code   RO          255    .text.USART0_GetTxCount  USART_V2M-MPS2.o
    0x10001f4c   0x10001f4c   0x0000004e   Code   RO          243    .text.USART0_Initialize  USART_V2M-MPS2.o
    0x10001f9a   0x10001f9a   0x00000002   PAD
    0x10001f9c   0x10001f9c   0x000000a2   Code   RO          247    .text.USART0_PowerControl  USART_V2M-MPS2.o
    0x1000203e   0x1000203e   0x00000002   PAD
    0x10002040   0x10002040   0x00000074   Code   RO          251    .text.USART0_Receive  USART_V2M-MPS2.o
    0x100020b4   0x100020b4   0x00000072   Code   RO          249    .text.USART0_Send   USART_V2M-MPS2.o
    0x10002126   0x10002126   0x00000002   PAD
    0x10002128   0x10002128   0x00000006   Code   RO          263    .text.USART0_SetModemControl  USART_V2M-MPS2.o
    0x1000212e   0x1000212e   0x00000002   PAD
    0x10002130   0x10002130   0x00000006   Code   RO          253    .text.USART0_Transfer  USART_V2M-MPS2.o
    0x10002136   0x10002136   0x00000002   PAD
    0x10002138   0x10002138   0x00000028   Code   RO          245    .text.USART0_Uninitialize  USART_V2M-MPS2.o
    0x10002160   0x10002160   0x0000000a   Code   RO          239    .text.USARTx_GetVersion  USART_V2M-MPS2.o
    0x1000216a   0x1000216a   0x00000002   PAD
    0x1000216c   0x1000216c   0x00000104   Code   RO           61    .text.__debug_DWT_Registers  mtb.o
    0x10002270   0x10002270   0x000000fc   Code   RO           59    .text.__debug_MTB_Registers  mtb.o
    0x1000236c   0x1000236c   0x00000014   Code   RO          283    .text._sys_close    retarget_io.o
    0x10002380   0x10002380   0x00000004   Code   RO          293    .text._sys_flen     retarget_io.o
    0x10002384   0x10002384   0x00000010   Code   RO          289    .text._sys_istty    retarget_io.o
    0x10002394   0x10002394   0x0000005e   Code   RO          281    .text._sys_open     retarget_io.o
    0x100023f2   0x100023f2   0x00000002   PAD
    0x100023f4   0x100023f4   0x00000006   Code   RO          291    .text._sys_seek     retarget_io.o
    0x100023fa   0x100023fa   0x00000002   PAD
    0x100023fc   0x100023fc   0x00000030   Code   RO          285    .text._sys_write    retarget_io.o
    0x1000242c   0x1000242c   0x00000180   Code   RO          119    .text.eCFA_init_cfa  cfa.o
    0x100025ac   0x100025ac   0x00000034   Code   RO           47    .text.hardfault_handler  mtb.o
    0x100025e0   0x100025e0   0x000000e0   Code   RO            7    .text.main          main_s.o
    0x100026c0   0x100026c0   0x00000044   Code   RO           39    .text.mtb_debugMonitorHandler  mtb.o
    0x10002704   0x10002704   0x00000002   Code   RO           41    .text.mtb_debugMonitorHandlerEmpty  mtb.o
    0x10002706   0x10002706   0x00000002   PAD
    0x10002708   0x10002708   0x0000005c   Code   RO           57    .text.mtb_exit      mtb.o
    0x10002764   0x10002764   0x00000104   Code   RO           55    .text.mtb_init      mtb.o
    0x10002868   0x10002868   0x00000138   Code   RO           33    .text.mtb_setup_DWT  mtb.o
    0x100029a0   0x100029a0   0x00000020   Code   RO           45    .text.pendsv_handler  mtb.o
    0x100029c0   0x100029c0   0x0000003c   Code   RO           19    .text.stdout_init   stdout_USART.o
    0x100029fc   0x100029fc   0x00000038   Code   RO           21    .text.stdout_putchar  stdout_USART.o
    0x10002a34   0x10002a34   0x000000bc   Code   RO           37    .text.vMTB_sendBuffer  mtb.o
    0x10002af0   0x10002af0   0x0000001c   Code   RO          412    i.fputc             c_w.l(fputc.o)
    0x10002b0c   0x10002b0c   0x0000001a   Code   RO          681    x$fpl$fpinit        fz_wm.l(fpinit.o)
    0x10002b26   0x10002b26   0x00000028   Data   RO          348    .constdata          c_w.l(_printf_hex_int.o)
    0x10002b4e   0x10002b4e   0x00000002   PAD
    0x10002b50   0x10002b50   0x00000038   Data   RO          267    .rodata.Driver_USART0  USART_V2M-MPS2.o
    0x10002b88   0x10002b88   0x00000008   Data   RO          297    .rodata.__stderr_name  retarget_io.o
    0x10002b90   0x10002b90   0x00000007   Data   RO          295    .rodata.__stdin_name  retarget_io.o
    0x10002b97   0x10002b97   0x00000008   Data   RO          296    .rodata.__stdout_name  retarget_io.o
    0x10002b9f   0x10002b9f   0x000000b2   Data   RO           69    .rodata.str1.1      mtb.o
    0x10002c51   0x10002c51   0x0000002c   Data   RO          128    .rodata.str1.1      cfa.o
    0x10002c7d   0x10002c7d   0x00000003   PAD
    0x10002c80   0x10002c80   0x00000020   Data   RO          765    Region$$Table       anon$$obj.o


    Execution Region RW_RAM (Exec base: 0x38000000, Load base: 0x10002ca0, Size: 0x00000a28, Max: 0x001ff000, ABSOLUTE)

    Exec Addr    Load Addr    Size         Type   Attr      Idx    E Section Name        Object

    0x38000000   0x10002ca0   0x00000004   Data   RW          418    .data               c_w.l(stdio_streams.o)
    0x38000004   0x10002ca4   0x00000004   Data   RW          419    .data               c_w.l(stdio_streams.o)
    0x38000008   0x10002ca8   0x00000004   Data   RW          420    .data               c_w.l(stdio_streams.o)
    0x3800000c   0x10002cac   0x00000004   Data   RW           65    .data.CoreDebug_    mtb.o
    0x38000010   0x10002cb0   0x00000004   Data   RW           66    .data.DWT_          mtb.o
    0x38000014   0x10002cb4   0x00000004   Data   RW           67    .data.ITM_          mtb.o
    0x38000018   0x10002cb8   0x00000004   Data   RW           63    .data.SCB_          mtb.o
    0x3800001c   0x10002cbc   0x00000004   Data   RW          325    .data.SystemCoreClock  system_IOTKit_CM33.o
    0x38000020   0x10002cc0   0x00000004   Data   RW           64    .data.mtb           mtb.o
    0x38000024        -       0x00000054   Zero   RW          415    .bss                c_w.l(stdio_streams.o)
    0x38000078        -       0x00000054   Zero   RW          416    .bss                c_w.l(stdio_streams.o)
    0x380000cc        -       0x00000054   Zero   RW          417    .bss                c_w.l(stdio_streams.o)
    0x38000120        -       0x00000060   Zero   RW          624    .bss                c_w.l(libspace.o)
    0x38000180        -       0x00000004   Zero   RW           99    .bss.CFA_stat       Secure_Functions.o
    0x38000184        -       0x00000004   Zero   RW            9    .bss.SysTick_Handler.ticks  main_s.o
    0x38000188        -       0x00000004   Zero   RW          268    .bss.USART0_Info.0  USART_V2M-MPS2.o
    0x3800018c        -       0x00000001   Zero   RW          269    .bss.USART0_Info.1  USART_V2M-MPS2.o
    0x3800018d   0x10002cc4   0x00000003   PAD
    0x38000190        -       0x00000001   Zero   RW          270    .bss.USART0_Info.2  USART_V2M-MPS2.o
    0x38000191   0x10002cc4   0x00000003   PAD
    0x38000194        -       0x00000001   Zero   RW          271    .bss.USART0_Info.4  USART_V2M-MPS2.o
    0x38000195   0x10002cc4   0x00000003   PAD
    0x38000198        -       0x00000018   Zero   RW          272    .bss.USART0_TransferInfo  USART_V2M-MPS2.o
    0x380001b0        -       0x00000004   Zero   RW           98    .bss.fNSFunc        Secure_Functions.o
    0x380001b4        -       0x00000004   Zero   RW           68    .bss.log_counter    mtb.o
    0x380001b8        -       0x00000004   Zero   RW          127    .bss.log_size_counter  cfa.o
    0x380001bc        -       0x00000004   Zero   RW          102    .bss.pfNonSecure_LED_Off  Secure_Functions.o
    0x380001c0        -       0x00000004   Zero   RW          101    .bss.pfNonSecure_LED_On  Secure_Functions.o
    0x380001c4        -       0x00000864   Zero   RW          126    .bss.report_s       cfa.o


    Execution Region ARM_LIB_HEAP (Exec base: 0x38000a28, Load base: 0x10002cc4, Size: 0x00000c00, Max: 0x00000c00, ABSOLUTE)

    Exec Addr    Load Addr    Size         Type   Attr      Idx    E Section Name        Object

    0x38000a28        -       0x00000c00   Zero   RW            1    ARM_LIB_HEAP.bss    anon$$obj.o


    Execution Region ARM_LIB_STACK (Exec base: 0x381ffbf8, Load base: 0x10002cc4, Size: 0x00000400, Max: 0x00000400, ABSOLUTE)

    Exec Addr    Load Addr    Size         Type   Attr      Idx    E Section Name        Object

    0x381ffbf8        -       0x00000400   Zero   RW            2    ARM_LIB_STACK.bss   anon$$obj.o


    Execution Region STACKSEAL (Exec base: 0x381ffff8, Load base: 0x10002cc4, Size: 0x00000008, Max: 0x00000008, ABSOLUTE)

    Exec Addr    Load Addr    Size         Type   Attr      Idx    E Section Name        Object

    0x381ffff8        -       0x00000008   Zero   RW            3    STACKSEAL.bss       anon$$obj.o



  Load Region LR_CMSE_VENEER (Base: 0x101ffe00, Size: 0x00000080, Max: 0x00000200, ABSOLUTE)

    Execution Region ER_CMSE_VENEER (Exec base: 0x101ffe00, Load base: 0x101ffe00, Size: 0x00000080, Max: 0x00000200, ABSOLUTE)

    Exec Addr    Load Addr    Size         Type   Attr      Idx    E Section Name        Object

    0x101ffe00   0x101ffe00   0x00000080   Code   XO          766    Veneer$$CMSE        anon$$obj.o


==============================================================================

Image component sizes


      Code (inc. data)   RO Data    RW Data    ZI Data      Debug   Object Name

        54          0          0          0          0       2084   LED_V2M-MPS2.o
       954        180          0          0         16       3722   Secure_Functions.o
      1126          4          0          0          0       1118   Secure_Functions_CFA.o
      1080          6         56          0         31      12931   USART_V2M-MPS2.o
       424        164         44          0       2152       2899   cfa.o
       260         16          0          0          4       2370   main_s.o
      1518        592        178         20          4      11712   mtb.o
       188          0         23          0          0       2573   retarget_io.o
       128         48       1024          0          0       2022   startup_IOTKit_CM33.o
       116          0          0          0          0       2022   stdout_USART.o
       324          0          0          4          0       3772   system_IOTKit_CM33.o

    ----------------------------------------------------------------------
      6340       1010       1360         24       6320      47225   Object Totals
       128          0         32          0       4104          0   (incl. Generated)
        40          0          3          0          9          0   (incl. Padding)

    ----------------------------------------------------------------------

      Code (inc. data)   RO Data    RW Data    ZI Data      Debug   Library Member Name

         8          0          0          0          0         68   __main.o
       104          0          0          0          0         84   __printf.o
         0          0          0          0          0          0   __rtentry.o
        12          0          0          0          0          0   __rtentry2.o
         8          4          0          0          0          0   __rtentry7.o
        94          8          0          0          0          0   __scatter.o
        26          0          0          0          0          0   __scatter_copy.o
        28          0          0          0          0          0   __scatter_zi.o
        44          0          0          0          0        108   _printf_char.o
        48          6          0          0          0         96   _printf_char_common.o
        36          4          0          0          0         80   _printf_char_file.o
         6          0          0          0          0          0   _printf_d.o
       120         16          0          0          0         92   _printf_dec.o
        88          4         40          0          0         88   _printf_hex_int.o
       178          0          0          0          0         88   _printf_intcommon.o
         0          0          0          0          0          0   _printf_percent.o
         4          0          0          0          0          0   _printf_percent_end.o
         6          0          0          0          0          0   _printf_s.o
        82          0          0          0          0         80   _printf_str.o
         6          0          0          0          0          0   _printf_u.o
         6          0          0          0          0          0   _printf_x.o
        10          0          0          0          0         68   defsig_exit.o
        50          0          0          0          0         88   defsig_general.o
        80         58          0          0          0         76   defsig_rtmem_inner.o
        14          0          0          0          0         80   defsig_rtmem_outer.o
        52         38          0          0          0         76   defsig_rtred_inner.o
        14          0          0          0          0         80   defsig_rtred_outer.o
        18          0          0          0          0         80   exit.o
        76          0          0          0          0         88   fclose.o
         8          0          0          0          0         68   ferror.o
       482          0          0          0          0         92   flsbuf.o
       240          6          0          0          0        128   fopen.o
        28          0          0          0          0         68   fputc.o
       248          6          0          0          0         84   fseek.o
        66          0          0          0          0         76   ftell.o
        94          0          0          0          0         80   h1_alloc.o
        52          0          0          0          0         68   h1_extend.o
        78          0          0          0          0         80   h1_free.o
        12          0          0          0          0         84   h1_init.o
         4          0          0          0          0        136   hguard.o
         0          0          0          0          0          0   indicate_semi.o
       138          0          0          0          0        168   init_alloc.o
       312         46          0          0          0        112   initio.o
         2          0          0          0          0          0   libinit.o
        10          0          0          0          0          0   libinit2.o
        16          8          0          0          0          0   libinit5.o
         2          0          0          0          0          0   libshutdown.o
         6          0          0          0          0          0   libshutdown2.o
         0          0          0          0         96          0   libspace.o
         0          0          0          0          0          0   maybetermalloc1.o
        88          0          0          0          0         76   memcmp.o
        24          4          0          0          0         84   noretval__2printf.o
        44          4          0          0          0         84   puts.o
         8          4          0          0          0         68   rt_errno_addr_intlibspace.o
         8          4          0          0          0         68   rt_heap_descriptor_intlibspace.o
        78          0          0          0          0         80   rt_memclr_w.o
         2          0          0          0          0          0   rtexit.o
        10          0          0          0          0          0   rtexit2.o
        70          0          0          0          0         80   setvbuf.o
       264          6          0          0          0        160   stdio.o
         0          0          0         12        252          0   stdio_streams.o
       124          0          0          0          0         88   strcmpv8m_maindsp.o
        12          4          0          0          0         68   sys_exit.o
        14          0          0          0          0         76   sys_wrch.o
         2          0          0          0          0         68   use_no_semi.o
        26          0          0          0          0        116   fpinit.o

    ----------------------------------------------------------------------
      3810        230         42         12        348       3780   Library Totals
        20          0          2          0          0          0   (incl. Padding)

    ----------------------------------------------------------------------

      Code (inc. data)   RO Data    RW Data    ZI Data      Debug   Library Name

      3764        230         40         12        348       3664   c_w.l
        26          0          0          0          0        116   fz_wm.l

    ----------------------------------------------------------------------
      3810        230         42         12        348       3780   Library Totals

    ----------------------------------------------------------------------

==============================================================================


      Code (inc. data)   RO Data    RW Data    ZI Data      Debug   

     10150       1240       1402         36       6668      48997   Grand Totals
     10150       1240       1402         36       6668      48997   ELF Image Totals
     10150       1240       1402         36          0          0   ROM Totals

==============================================================================

    Total RO  Size (Code + RO Data)                11552 (  11.28kB)
    Total RW  Size (RW Data + ZI Data)              6704 (   6.55kB)
    Total ROM Size (Code + RO Data + RW Data)      11588 (  11.32kB)

==============================================================================

