Component: Arm Compiler for Embedded 6.22 Tool: armlink [5ee90200]

==============================================================================

Section Cross References

    main_ns.o(.text.NonSecure_LED_On) refers to led_v2m-mps2.o(.text.LED_On) for LED_On
    main_ns.o(.ARM.exidx.text.NonSecure_LED_On) refers to main_ns.o(.text.NonSecure_LED_On) for [Anonymous Symbol]
    main_ns.o(.text.NonSecure_LED_Off) refers to led_v2m-mps2.o(.text.LED_Off) for LED_Off
    main_ns.o(.ARM.exidx.text.NonSecure_LED_Off) refers to main_ns.o(.text.NonSecure_LED_Off) for [Anonymous Symbol]
    main_ns.o(.text.SysTick_Handler) refers to main_ns.o(.bss.SysTick_Handler.ticks) for SysTick_Handler.ticks
    main_ns.o(.text.SysTick_Handler) refers to led_v2m-mps2.o(.text.LED_On) for LED_On
    main_ns.o(.text.SysTick_Handler) refers to led_v2m-mps2.o(.text.LED_Off) for LED_Off
    main_ns.o(.ARM.exidx.text.SysTick_Handler) refers to main_ns.o(.text.SysTick_Handler) for [Anonymous Symbol]
    main_ns.o(.ARM.exidxMTBAR_MEM) refers to main_ns.o(MTBAR_MEM) for [Anonymous Symbol]
    main_ns.o(.text.main) refers to main_ns.o(MTBAR_MEM) for matmul3
    main_ns.o(.text.main) refers to main_ns.o(.bss.report_s) for report_s
    main_ns.o(.text.main) refers to main_ns.o(.text.SCB_GetFPUType) for SCB_GetFPUType
    main_ns.o(.text.main) refers to main_ns.o(.bss.x) for x
    main_ns.o(.text.main) refers to main_ns.o(.text.NonSecure_LED_On) for NonSecure_LED_On
    main_ns.o(.text.main) refers to main_ns.o(.text.NonSecure_LED_Off) for NonSecure_LED_Off
    main_ns.o(.text.main) refers to led_v2m-mps2.o(.text.LED_On) for LED_On
    main_ns.o(.text.main) refers to led_v2m-mps2.o(.text.LED_Off) for LED_Off
    main_ns.o(.text.main) refers to main_ns.o(.data.text) for text
    main_ns.o(.ARM.exidx.text.main) refers to main_ns.o(.text.main) for [Anonymous Symbol]
    main_ns.o(.ARM.exidx.text.SCB_GetFPUType) refers to main_ns.o(.text.SCB_GetFPUType) for [Anonymous Symbol]
    led_v2m-mps2.o(.ARM.exidx.text.LED_Initialize) refers to led_v2m-mps2.o(.text.LED_Initialize) for [Anonymous Symbol]
    led_v2m-mps2.o(.ARM.exidx.text.LED_Uninitialize) refers to led_v2m-mps2.o(.text.LED_Uninitialize) for [Anonymous Symbol]
    led_v2m-mps2.o(.ARM.exidx.text.LED_On) refers to led_v2m-mps2.o(.text.LED_On) for [Anonymous Symbol]
    led_v2m-mps2.o(.ARM.exidx.text.LED_Off) refers to led_v2m-mps2.o(.text.LED_Off) for [Anonymous Symbol]
    led_v2m-mps2.o(.ARM.exidx.text.LED_SetOut) refers to led_v2m-mps2.o(.text.LED_SetOut) for [Anonymous Symbol]
    led_v2m-mps2.o(.ARM.exidx.text.LED_GetCount) refers to led_v2m-mps2.o(.text.LED_GetCount) for [Anonymous Symbol]
    startup_iotkit_cm33.o(.ARM.exidx.text.Default_Handler) refers to startup_iotkit_cm33.o(.text.Default_Handler) for [Anonymous Symbol]
    startup_iotkit_cm33.o(.text.Reset_Handler) refers to system_iotkit_cm33.o(.text.SystemInit) for SystemInit
    startup_iotkit_cm33.o(.text.Reset_Handler) refers to __main.o(!!!main) for __main
    startup_iotkit_cm33.o(.ARM.exidx.text.Reset_Handler) refers to startup_iotkit_cm33.o(.text.Reset_Handler) for [Anonymous Symbol]
    startup_iotkit_cm33.o(.ARM.exidx.text.HardFault_Handler) refers to startup_iotkit_cm33.o(.text.HardFault_Handler) for [Anonymous Symbol]
    startup_iotkit_cm33.o(RESET) refers to startup_iotkit_cm33.o(.text.Reset_Handler) for Reset_Handler
    startup_iotkit_cm33.o(RESET) refers to startup_iotkit_cm33.o(.text.Default_Handler) for NMI_Handler
    startup_iotkit_cm33.o(RESET) refers to startup_iotkit_cm33.o(.text.HardFault_Handler) for HardFault_Handler
    startup_iotkit_cm33.o(RESET) refers to main_ns.o(.text.SysTick_Handler) for SysTick_Handler
    system_iotkit_cm33.o(.text.SystemCoreClockUpdate) refers to system_iotkit_cm33.o(.data.SystemCoreClock) for SystemCoreClock
    system_iotkit_cm33.o(.ARM.exidx.text.SystemCoreClockUpdate) refers to system_iotkit_cm33.o(.text.SystemCoreClockUpdate) for [Anonymous Symbol]
    system_iotkit_cm33.o(.text.SystemInit) refers to startup_iotkit_cm33.o(RESET) for __Vectors
    system_iotkit_cm33.o(.text.SystemInit) refers to system_iotkit_cm33.o(.data.SystemCoreClock) for SystemCoreClock
    system_iotkit_cm33.o(.ARM.exidx.text.SystemInit) refers to system_iotkit_cm33.o(.text.SystemInit) for [Anonymous Symbol]
    __main.o(!!!main) refers to __rtentry.o(.ARM.Collect$$rtentry$$00000000) for __rt_entry
    __rtentry.o(.ARM.Collect$$rtentry$$00000000) refers (Special) to __rtentry2.o(.ARM.Collect$$rtentry$$0000000A) for __rt_entry_li
    __rtentry.o(.ARM.Collect$$rtentry$$00000000) refers (Special) to __rtentry2.o(.ARM.Collect$$rtentry$$0000000D) for __rt_entry_main
    __rtentry.o(.ARM.Collect$$rtentry$$00000000) refers (Special) to __rtentry2.o(.ARM.Collect$$rtentry$$0000000C) for __rt_entry_postli_1
    __rtentry.o(.ARM.Collect$$rtentry$$00000000) refers (Special) to __rtentry2.o(.ARM.Collect$$rtentry$$00000009) for __rt_entry_postsh_1
    __rtentry.o(.ARM.Collect$$rtentry$$00000000) refers (Special) to __rtentry2.o(.ARM.Collect$$rtentry$$00000002) for __rt_entry_presh_1
    __rtentry.o(.ARM.Collect$$rtentry$$00000000) refers (Special) to __rtentry7.o(.ARM.Collect$$rtentry$$00000007) for __rt_entry_sh
    __rtentry2.o(.ARM.Collect$$rtentry$$00000008) refers to boardinit2.o(.text) for _platform_post_stackheap_init
    __rtentry2.o(.ARM.Collect$$rtentry$$0000000A) refers to libinit.o(.ARM.Collect$$libinit$$00000000) for __rt_lib_init
    __rtentry2.o(.ARM.Collect$$rtentry$$0000000B) refers to boardinit3.o(.text) for _platform_post_lib_init
    __rtentry2.o(.ARM.Collect$$rtentry$$0000000D) refers to main_ns.o(.text.main) for main
    __rtentry2.o(.ARM.Collect$$rtentry$$0000000D) refers to exit.o(.text) for exit
    __rtentry2.o(.ARM.exidx) refers to __rtentry2.o(.ARM.Collect$$rtentry$$00000001) for .ARM.Collect$$rtentry$$00000001
    __rtentry2.o(.ARM.exidx) refers to __rtentry2.o(.ARM.Collect$$rtentry$$00000008) for .ARM.Collect$$rtentry$$00000008
    __rtentry2.o(.ARM.exidx) refers to __rtentry2.o(.ARM.Collect$$rtentry$$0000000A) for .ARM.Collect$$rtentry$$0000000A
    __rtentry2.o(.ARM.exidx) refers to __rtentry2.o(.ARM.Collect$$rtentry$$0000000B) for .ARM.Collect$$rtentry$$0000000B
    __rtentry2.o(.ARM.exidx) refers to __rtentry2.o(.ARM.Collect$$rtentry$$0000000D) for .ARM.Collect$$rtentry$$0000000D
    __rtentry4.o(.ARM.Collect$$rtentry$$00000004) refers to sys_stackheap_outer.o(.text) for __user_setup_stackheap
    __rtentry4.o(.ARM.exidx) refers to __rtentry4.o(.ARM.Collect$$rtentry$$00000004) for .ARM.Collect$$rtentry$$00000004
    __rtentry7.o(.ARM.Collect$$rtentry$$00000007) refers to __rtentry7.o(.ARM.Collect$$rtentry$$00002718) for __lit__00000000
    __rtentry7.o(__vectab_stack_and_reset_2_area) refers to __main.o(!!!main) for __main
    __rtentry7.o(.ARM.exidx) refers to __rtentry7.o(.ARM.Collect$$rtentry$$00000007) for .ARM.Collect$$rtentry$$00000007
    __rtentry7.o(.ARM.exidx) refers to __rtentry7.o(.ARM.Collect$$rtentry$$00002718) for .ARM.Collect$$rtentry$$00002718
    sys_stackheap_outer.o(.text) refers to libspace.o(.text) for __user_perproc_libspace
    sys_stackheap_outer.o(.text) refers to sys_stackheap.o(.text) for __user_initial_stackheap
    exit.o(.text) refers to rtexit.o(.ARM.Collect$$rtexit$$00000000) for __rt_exit
    libinit.o(.ARM.Collect$$libinit$$00000000) refers (Special) to libinit2.o(.ARM.Collect$$libinit$$00000030) for __rt_lib_init_alloca_1
    libinit.o(.ARM.Collect$$libinit$$00000000) refers (Special) to libinit2.o(.ARM.Collect$$libinit$$0000002E) for __rt_lib_init_argv_1
    libinit.o(.ARM.Collect$$libinit$$00000000) refers (Special) to libinit2.o(.ARM.Collect$$libinit$$0000001D) for __rt_lib_init_atexit_1
    libinit.o(.ARM.Collect$$libinit$$00000000) refers (Special) to libinit2.o(.ARM.Collect$$libinit$$00000023) for __rt_lib_init_clock_1
    libinit.o(.ARM.Collect$$libinit$$00000000) refers (Special) to libinit2.o(.ARM.Collect$$libinit$$00000034) for __rt_lib_init_cpp_1
    libinit.o(.ARM.Collect$$libinit$$00000000) refers (Special) to libinit2.o(.ARM.Collect$$libinit$$00000032) for __rt_lib_init_exceptions_1
    libinit.o(.ARM.Collect$$libinit$$00000000) refers (Special) to libinit2.o(.ARM.Collect$$libinit$$00000001) for __rt_lib_init_fp_1
    libinit.o(.ARM.Collect$$libinit$$00000000) refers (Special) to libinit2.o(.ARM.Collect$$libinit$$00000021) for __rt_lib_init_fp_trap_1
    libinit.o(.ARM.Collect$$libinit$$00000000) refers (Special) to libinit2.o(.ARM.Collect$$libinit$$00000025) for __rt_lib_init_getenv_1
    libinit.o(.ARM.Collect$$libinit$$00000000) refers (Special) to libinit2.o(.ARM.Collect$$libinit$$0000000C) for __rt_lib_init_heap_1
    libinit.o(.ARM.Collect$$libinit$$00000000) refers (Special) to libinit2.o(.ARM.Collect$$libinit$$00000013) for __rt_lib_init_lc_collate_1
    libinit.o(.ARM.Collect$$libinit$$00000000) refers (Special) to libinit2.o(.ARM.Collect$$libinit$$00000015) for __rt_lib_init_lc_ctype_1
    libinit.o(.ARM.Collect$$libinit$$00000000) refers (Special) to libinit2.o(.ARM.Collect$$libinit$$00000017) for __rt_lib_init_lc_monetary_1
    libinit.o(.ARM.Collect$$libinit$$00000000) refers (Special) to libinit2.o(.ARM.Collect$$libinit$$00000019) for __rt_lib_init_lc_numeric_1
    libinit.o(.ARM.Collect$$libinit$$00000000) refers (Special) to libinit2.o(.ARM.Collect$$libinit$$0000001B) for __rt_lib_init_lc_time_1
    libinit.o(.ARM.Collect$$libinit$$00000000) refers (Special) to libinit2.o(.ARM.Collect$$libinit$$00000006) for __rt_lib_init_preinit_1
    libinit.o(.ARM.Collect$$libinit$$00000000) refers (Special) to libinit2.o(.ARM.Collect$$libinit$$00000010) for __rt_lib_init_rand_1
    libinit.o(.ARM.Collect$$libinit$$00000000) refers (Special) to libinit2.o(.ARM.Collect$$libinit$$00000004) for __rt_lib_init_relocate_pie_1
    libinit.o(.ARM.Collect$$libinit$$00000000) refers (Special) to libinit2.o(.ARM.Collect$$libinit$$00000035) for __rt_lib_init_return
    libinit.o(.ARM.Collect$$libinit$$00000000) refers (Special) to libinit2.o(.ARM.Collect$$libinit$$0000001F) for __rt_lib_init_signal_1
    libinit.o(.ARM.Collect$$libinit$$00000000) refers (Special) to libinit2.o(.ARM.Collect$$libinit$$00000027) for __rt_lib_init_stdio_1
    libinit.o(.ARM.Collect$$libinit$$00000000) refers (Special) to libinit2.o(.ARM.Collect$$libinit$$0000000E) for __rt_lib_init_user_alloc_1
    libspace.o(.text) refers to libspace.o(.bss) for __libspace_start
    sys_stackheap.o(.text) refers (Special) to indicate_semi.o(.text) for __semihosting_library_function
    sys_stackheap.o(.text) refers to use_no_semi.o(.text) for __I$use$semihosting
    sys_stackheap_hlt.o(.text) refers (Special) to indicate_semi.o(.text) for __semihosting_library_function
    sys_stackheap_hlt.o(.text) refers to use_no_semi.o(.text) for __I$use$semihosting
    rtexit.o(.ARM.Collect$$rtexit$$00000000) refers (Special) to rtexit2.o(.ARM.Collect$$rtexit$$00000004) for __rt_exit_exit
    rtexit.o(.ARM.Collect$$rtexit$$00000000) refers (Special) to rtexit2.o(.ARM.Collect$$rtexit$$00000003) for __rt_exit_ls
    rtexit.o(.ARM.Collect$$rtexit$$00000000) refers (Special) to rtexit2.o(.ARM.Collect$$rtexit$$00000002) for __rt_exit_prels_1
    rtexit.o(.ARM.exidx) refers (Special) to rtexit2.o(.ARM.Collect$$rtexit$$00000004) for __rt_exit_exit
    rtexit.o(.ARM.exidx) refers (Special) to rtexit2.o(.ARM.Collect$$rtexit$$00000003) for __rt_exit_ls
    rtexit.o(.ARM.exidx) refers (Special) to rtexit2.o(.ARM.Collect$$rtexit$$00000002) for __rt_exit_prels_1
    rtexit.o(.ARM.exidx) refers to rtexit.o(.ARM.Collect$$rtexit$$00000000) for .ARM.Collect$$rtexit$$00000000
    libinit2.o(.ARM.Collect$$libinit$$00000001) refers to fpinit.o(x$fpl$fpinit) for _fp_init
    libinit2.o(.ARM.Collect$$libinit$$00000012) refers to libinit2.o(.ARM.Collect$$libinit$$00000011) for .ARM.Collect$$libinit$$00000011
    libinit2.o(.ARM.Collect$$libinit$$00000014) refers to libinit2.o(.ARM.Collect$$libinit$$00000011) for .ARM.Collect$$libinit$$00000011
    libinit2.o(.ARM.Collect$$libinit$$00000016) refers to libinit2.o(.ARM.Collect$$libinit$$00000011) for .ARM.Collect$$libinit$$00000011
    libinit2.o(.ARM.Collect$$libinit$$00000018) refers to libinit2.o(.ARM.Collect$$libinit$$00000011) for .ARM.Collect$$libinit$$00000011
    libinit2.o(.ARM.Collect$$libinit$$0000001A) refers to libinit2.o(.ARM.Collect$$libinit$$00000011) for .ARM.Collect$$libinit$$00000011
    libinit2.o(.ARM.Collect$$libinit$$00000028) refers to argv_veneer.o(.emb_text) for __ARM_argv_veneer
    libinit2.o(.ARM.Collect$$libinit$$00000029) refers to argv_veneer.o(.emb_text) for __ARM_argv_veneer
    libinit5.o(.ARM.Collect$$libinit$$0000000A) refers to libinit5.o(.ARM.Collect$$libinit$$0000271B) for __lit__00000000
    libinit5.o(.ARM.Collect$$libinit$$0000002C) refers to libinit5.o(.ARM.Collect$$libinit$$0000273D) for __lit__00000002
    libinit5.o(.ARM.Collect$$libinit$$0000002C) refers to argv_veneer.o(.emb_text) for __ARM_argv_veneer
    rtexit2.o(.ARM.Collect$$rtexit$$00000003) refers to libshutdown.o(.ARM.Collect$$libshutdown$$00000000) for __rt_lib_shutdown
    rtexit2.o(.ARM.Collect$$rtexit$$00000004) refers to sys_exit.o(.text) for _sys_exit
    rtexit2.o(.ARM.exidx) refers to rtexit2.o(.ARM.Collect$$rtexit$$00000001) for .ARM.Collect$$rtexit$$00000001
    rtexit2.o(.ARM.exidx) refers to rtexit2.o(.ARM.Collect$$rtexit$$00000003) for .ARM.Collect$$rtexit$$00000003
    rtexit2.o(.ARM.exidx) refers to rtexit2.o(.ARM.Collect$$rtexit$$00000004) for .ARM.Collect$$rtexit$$00000004
    argv_veneer.o(.emb_text) refers to no_argv.o(.text) for __ARM_get_argv
    sys_exit.o(.text) refers (Special) to use_no_semi.o(.text) for __I$use$semihosting
    sys_exit.o(.text) refers (Special) to indicate_semi.o(.text) for __semihosting_library_function
    sys_exit_hlt.o(.text) refers (Special) to use_no_semi.o(.text) for __I$use$semihosting
    sys_exit_hlt.o(.text) refers (Special) to indicate_semi.o(.text) for __semihosting_library_function
    _get_argv_nomalloc.o(.text) refers (Special) to hrguard.o(.text) for __heap_region$guard
    _get_argv_nomalloc.o(.text) refers to defsig_rtmem_outer.o(.text) for __rt_SIGRTMEM
    _get_argv_nomalloc.o(.text) refers to sys_command.o(.text) for _sys_command_string
    libshutdown.o(.ARM.Collect$$libshutdown$$00000000) refers (Special) to libshutdown2.o(.ARM.Collect$$libshutdown$$00000002) for __rt_lib_shutdown_cpp_1
    libshutdown.o(.ARM.Collect$$libshutdown$$00000000) refers (Special) to libshutdown2.o(.ARM.Collect$$libshutdown$$00000007) for __rt_lib_shutdown_fp_trap_1
    libshutdown.o(.ARM.Collect$$libshutdown$$00000000) refers (Special) to libshutdown2.o(.ARM.Collect$$libshutdown$$0000000F) for __rt_lib_shutdown_heap_1
    libshutdown.o(.ARM.Collect$$libshutdown$$00000000) refers (Special) to libshutdown2.o(.ARM.Collect$$libshutdown$$00000010) for __rt_lib_shutdown_return
    libshutdown.o(.ARM.Collect$$libshutdown$$00000000) refers (Special) to libshutdown2.o(.ARM.Collect$$libshutdown$$0000000A) for __rt_lib_shutdown_signal_1
    libshutdown.o(.ARM.Collect$$libshutdown$$00000000) refers (Special) to libshutdown2.o(.ARM.Collect$$libshutdown$$00000004) for __rt_lib_shutdown_stdio_1
    libshutdown.o(.ARM.Collect$$libshutdown$$00000000) refers (Special) to libshutdown2.o(.ARM.Collect$$libshutdown$$0000000C) for __rt_lib_shutdown_user_alloc_1
    sys_command.o(.text) refers (Special) to use_no_semi.o(.text) for __I$use$semihosting
    sys_command.o(.text) refers (Special) to indicate_semi.o(.text) for __semihosting_library_function
    sys_command_hlt.o(.text) refers (Special) to use_no_semi.o(.text) for __I$use$semihosting
    sys_command_hlt.o(.text) refers (Special) to indicate_semi.o(.text) for __semihosting_library_function
    defsig_rtmem_outer.o(.text) refers to defsig_rtmem_inner.o(.text) for __rt_SIGRTMEM_inner
    defsig_rtmem_outer.o(.text) refers to defsig_exit.o(.text) for __sig_exit
    defsig_rtmem_formal.o(.text) refers to rt_raise.o(.text) for __rt_raise
    rt_raise.o(.text) refers to __raise.o(.text) for __raise
    rt_raise.o(.text) refers to sys_exit.o(.text) for _sys_exit
    defsig_exit.o(.text) refers to sys_exit.o(.text) for _sys_exit
    defsig_rtmem_inner.o(.text) refers to defsig_general.o(.text) for __default_signal_display
    __raise.o(.text) refers to defsig.o(CL$$defsig) for __default_signal_handler
    defsig_general.o(.text) refers to sys_wrch.o(.text) for _ttywrch
    sys_wrch.o(.text) refers (Special) to use_no_semi.o(.text) for __I$use$semihosting
    sys_wrch.o(.text) refers (Special) to indicate_semi.o(.text) for __semihosting_library_function
    sys_wrch_hlt.o(.text) refers (Special) to use_no_semi.o(.text) for __I$use$semihosting
    sys_wrch_hlt.o(.text) refers (Special) to indicate_semi.o(.text) for __semihosting_library_function
    defsig.o(CL$$defsig) refers to defsig_rtmem_inner.o(.text) for __rt_SIGRTMEM_inner
    defsig_abrt_inner.o(.text) refers to defsig_general.o(.text) for __default_signal_display
    defsig_fpe_inner.o(.text) refers to defsig_general.o(.text) for __default_signal_display
    defsig_rtred_inner.o(.text) refers to defsig_general.o(.text) for __default_signal_display
    defsig_stak_inner.o(.text) refers to defsig_general.o(.text) for __default_signal_display
    defsig_pvfn_inner.o(.text) refers to defsig_general.o(.text) for __default_signal_display
    defsig_cppl_inner.o(.text) refers to defsig_general.o(.text) for __default_signal_display
    defsig_segv_inner.o(.text) refers to defsig_general.o(.text) for __default_signal_display
    defsig_other.o(.text) refers to defsig_general.o(.text) for __default_signal_display


==============================================================================

Removing Unused input sections from the image.

    Removing main_ns.o(.text), (0 bytes).
    Removing main_ns.o(.ARM.exidx.text.NonSecure_LED_On), (8 bytes).
    Removing main_ns.o(.ARM.exidx.text.NonSecure_LED_Off), (8 bytes).
    Removing main_ns.o(.ARM.exidx.text.SysTick_Handler), (8 bytes).
    Removing main_ns.o(.ARM.exidxMTBAR_MEM), (8 bytes).
    Removing main_ns.o(.ARM.exidx.text.main), (8 bytes).
    Removing main_ns.o(.ARM.exidx.text.SCB_GetFPUType), (8 bytes).
    Removing main_ns.o(.ARM.use_no_argv), (4 bytes).
    Removing led_v2m-mps2.o(.text), (0 bytes).
    Removing led_v2m-mps2.o(.text.LED_Initialize), (12 bytes).
    Removing led_v2m-mps2.o(.ARM.exidx.text.LED_Initialize), (8 bytes).
    Removing led_v2m-mps2.o(.text.LED_Uninitialize), (4 bytes).
    Removing led_v2m-mps2.o(.ARM.exidx.text.LED_Uninitialize), (8 bytes).
    Removing led_v2m-mps2.o(.ARM.exidx.text.LED_On), (8 bytes).
    Removing led_v2m-mps2.o(.ARM.exidx.text.LED_Off), (8 bytes).
    Removing led_v2m-mps2.o(.text.LED_SetOut), (22 bytes).
    Removing led_v2m-mps2.o(.ARM.exidx.text.LED_SetOut), (8 bytes).
    Removing led_v2m-mps2.o(.text.LED_GetCount), (4 bytes).
    Removing led_v2m-mps2.o(.ARM.exidx.text.LED_GetCount), (8 bytes).
    Removing startup_iotkit_cm33.o(.text), (0 bytes).
    Removing startup_iotkit_cm33.o(.ARM.exidx.text.Default_Handler), (8 bytes).
    Removing startup_iotkit_cm33.o(.ARM.exidx.text.Reset_Handler), (8 bytes).
    Removing startup_iotkit_cm33.o(.ARM.exidx.text.HardFault_Handler), (8 bytes).
    Removing system_iotkit_cm33.o(.text), (0 bytes).
    Removing system_iotkit_cm33.o(.text.SystemCoreClockUpdate), (20 bytes).
    Removing system_iotkit_cm33.o(.ARM.exidx.text.SystemCoreClockUpdate), (8 bytes).
    Removing system_iotkit_cm33.o(.ARM.exidx.text.SystemInit), (8 bytes).

27 unused section(s) (total 202 bytes) removed from the image.

==============================================================================

Image Symbol Table

    Local Symbols

    Symbol Name                              Value     Ov Type        Size  Object(Section)

    ../clib/angel/boardlib.s                 0x00000000   Number         0  boardinit1.o ABSOLUTE
    ../clib/angel/boardlib.s                 0x00000000   Number         0  boardinit2.o ABSOLUTE
    ../clib/angel/boardlib.s                 0x00000000   Number         0  boardinit3.o ABSOLUTE
    ../clib/angel/boardlib.s                 0x00000000   Number         0  boardshut.o ABSOLUTE
    ../clib/angel/handlers.s                 0x00000000   Number         0  __scatter_copy.o ABSOLUTE
    ../clib/angel/handlers.s                 0x00000000   Number         0  __scatter_zi.o ABSOLUTE
    ../clib/angel/kernel.s                   0x00000000   Number         0  __rtentry.o ABSOLUTE
    ../clib/angel/kernel.s                   0x00000000   Number         0  __rtentry2.o ABSOLUTE
    ../clib/angel/kernel.s                   0x00000000   Number         0  __rtentry4.o ABSOLUTE
    ../clib/angel/kernel.s                   0x00000000   Number         0  __rtentry7.o ABSOLUTE
    ../clib/angel/kernel.s                   0x00000000   Number         0  rtexit.o ABSOLUTE
    ../clib/angel/kernel.s                   0x00000000   Number         0  rtexit2.o ABSOLUTE
    ../clib/angel/rt.s                       0x00000000   Number         0  rt_raise.o ABSOLUTE
    ../clib/angel/scatter.s                  0x00000000   Number         0  __scatter.o ABSOLUTE
    ../clib/angel/startup.s                  0x00000000   Number         0  __main.o ABSOLUTE
    ../clib/angel/sys.s                      0x00000000   Number         0  sys_stackheap_outer.o ABSOLUTE
    ../clib/angel/sys.s                      0x00000000   Number         0  libspace.o ABSOLUTE
    ../clib/angel/sys.s                      0x00000000   Number         0  sys_stackheap.o ABSOLUTE
    ../clib/angel/sys.s                      0x00000000   Number         0  sys_stackheap_hlt.o ABSOLUTE
    ../clib/angel/sys.s                      0x00000000   Number         0  use_no_semi.o ABSOLUTE
    ../clib/angel/sys.s                      0x00000000   Number         0  indicate_semi.o ABSOLUTE
    ../clib/angel/sysapp.c                   0x00000000   Number         0  sys_exit.o ABSOLUTE
    ../clib/angel/sysapp.c                   0x00000000   Number         0  sys_exit_hlt.o ABSOLUTE
    ../clib/angel/sysapp.c                   0x00000000   Number         0  sys_command.o ABSOLUTE
    ../clib/angel/sysapp.c                   0x00000000   Number         0  sys_command_hlt.o ABSOLUTE
    ../clib/angel/sysapp.c                   0x00000000   Number         0  sys_wrch.o ABSOLUTE
    ../clib/angel/sysapp.c                   0x00000000   Number         0  sys_wrch_hlt.o ABSOLUTE
    ../clib/armsys.c                         0x00000000   Number         0  argv_veneer.o ABSOLUTE
    ../clib/armsys.c                         0x00000000   Number         0  argv_veneer.o ABSOLUTE
    ../clib/armsys.c                         0x00000000   Number         0  _get_argv_nomalloc.o ABSOLUTE
    ../clib/armsys.c                         0x00000000   Number         0  no_argv.o ABSOLUTE
    ../clib/heapalloc.c                      0x00000000   Number         0  hrguard.o ABSOLUTE
    ../clib/libinit.s                        0x00000000   Number         0  libinit.o ABSOLUTE
    ../clib/libinit.s                        0x00000000   Number         0  libinit2.o ABSOLUTE
    ../clib/libinit.s                        0x00000000   Number         0  libinit5.o ABSOLUTE
    ../clib/libinit.s                        0x00000000   Number         0  libshutdown.o ABSOLUTE
    ../clib/libinit.s                        0x00000000   Number         0  libshutdown2.o ABSOLUTE
    ../clib/signal.c                         0x00000000   Number         0  defsig_rtmem_outer.o ABSOLUTE
    ../clib/signal.c                         0x00000000   Number         0  defsig_rtmem_formal.o ABSOLUTE
    ../clib/signal.c                         0x00000000   Number         0  defsig_exit.o ABSOLUTE
    ../clib/signal.c                         0x00000000   Number         0  defsig_rtmem_inner.o ABSOLUTE
    ../clib/signal.c                         0x00000000   Number         0  __raise.o ABSOLUTE
    ../clib/signal.c                         0x00000000   Number         0  defsig_general.o ABSOLUTE
    ../clib/signal.c                         0x00000000   Number         0  defsig_abrt_inner.o ABSOLUTE
    ../clib/signal.c                         0x00000000   Number         0  defsig_fpe_inner.o ABSOLUTE
    ../clib/signal.c                         0x00000000   Number         0  defsig_rtred_inner.o ABSOLUTE
    ../clib/signal.c                         0x00000000   Number         0  defsig_stak_inner.o ABSOLUTE
    ../clib/signal.c                         0x00000000   Number         0  defsig_pvfn_inner.o ABSOLUTE
    ../clib/signal.c                         0x00000000   Number         0  defsig_cppl_inner.o ABSOLUTE
    ../clib/signal.c                         0x00000000   Number         0  defsig_segv_inner.o ABSOLUTE
    ../clib/signal.c                         0x00000000   Number         0  defsig_other.o ABSOLUTE
    ../clib/signal.s                         0x00000000   Number         0  defsig.o ABSOLUTE
    ../clib/stdlib.c                         0x00000000   Number         0  exit.o ABSOLUTE
    ../fplib/fpinit.s                        0x00000000   Number         0  fpinit.o ABSOLUTE
    LED_V2M-MPS2.c                           0x00000000   Number         0  led_v2m-mps2.o ABSOLUTE
    dc.s                                     0x00000000   Number         0  dc.o ABSOLUTE
    main_ns.c                                0x00000000   Number         0  main_ns.o ABSOLUTE
    startup_IOTKit_CM33.c                    0x00000000   Number         0  startup_iotkit_cm33.o ABSOLUTE
    system_IOTKit_CM33.c                     0x00000000   Number         0  system_iotkit_cm33.o ABSOLUTE
    __tagsym$$used.0                         0x10000000   Number         0  startup_iotkit_cm33.o(RESET)
    !!!main                                  0x10000400   Section        8  __main.o(!!!main)
    !!!scatter                               0x10000408   Section       92  __scatter.o(!!!scatter)
    !!handler_copy                           0x10000464   Section       26  __scatter_copy.o(!!handler_copy)
    !!handler_null                           0x10000480   Section        2  __scatter.o(!!handler_null)
    !!handler_zi                             0x10000484   Section       28  __scatter_zi.o(!!handler_zi)
    .ARM.Collect$$libinit$$00000000          0x100004a0   Section        2  libinit.o(.ARM.Collect$$libinit$$00000000)
    .ARM.Collect$$libinit$$00000001          0x100004a2   Section        4  libinit2.o(.ARM.Collect$$libinit$$00000001)
    .ARM.Collect$$libinit$$00000004          0x100004a6   Section        0  libinit2.o(.ARM.Collect$$libinit$$00000004)
    .ARM.Collect$$libinit$$00000006          0x100004a6   Section        0  libinit2.o(.ARM.Collect$$libinit$$00000006)
    .ARM.Collect$$libinit$$0000000C          0x100004a6   Section        0  libinit2.o(.ARM.Collect$$libinit$$0000000C)
    .ARM.Collect$$libinit$$0000000E          0x100004a6   Section        0  libinit2.o(.ARM.Collect$$libinit$$0000000E)
    .ARM.Collect$$libinit$$00000010          0x100004a6   Section        0  libinit2.o(.ARM.Collect$$libinit$$00000010)
    .ARM.Collect$$libinit$$00000013          0x100004a6   Section        0  libinit2.o(.ARM.Collect$$libinit$$00000013)
    .ARM.Collect$$libinit$$00000015          0x100004a6   Section        0  libinit2.o(.ARM.Collect$$libinit$$00000015)
    .ARM.Collect$$libinit$$00000017          0x100004a6   Section        0  libinit2.o(.ARM.Collect$$libinit$$00000017)
    .ARM.Collect$$libinit$$00000019          0x100004a6   Section        0  libinit2.o(.ARM.Collect$$libinit$$00000019)
    .ARM.Collect$$libinit$$0000001B          0x100004a6   Section        0  libinit2.o(.ARM.Collect$$libinit$$0000001B)
    .ARM.Collect$$libinit$$0000001D          0x100004a6   Section        0  libinit2.o(.ARM.Collect$$libinit$$0000001D)
    .ARM.Collect$$libinit$$0000001F          0x100004a6   Section        0  libinit2.o(.ARM.Collect$$libinit$$0000001F)
    .ARM.Collect$$libinit$$00000021          0x100004a6   Section        0  libinit2.o(.ARM.Collect$$libinit$$00000021)
    .ARM.Collect$$libinit$$00000023          0x100004a6   Section        0  libinit2.o(.ARM.Collect$$libinit$$00000023)
    .ARM.Collect$$libinit$$00000025          0x100004a6   Section        0  libinit2.o(.ARM.Collect$$libinit$$00000025)
    .ARM.Collect$$libinit$$00000027          0x100004a6   Section        0  libinit2.o(.ARM.Collect$$libinit$$00000027)
    .ARM.Collect$$libinit$$0000002E          0x100004a6   Section        0  libinit2.o(.ARM.Collect$$libinit$$0000002E)
    .ARM.Collect$$libinit$$00000030          0x100004a6   Section        0  libinit2.o(.ARM.Collect$$libinit$$00000030)
    .ARM.Collect$$libinit$$00000032          0x100004a6   Section        0  libinit2.o(.ARM.Collect$$libinit$$00000032)
    .ARM.Collect$$libinit$$00000034          0x100004a6   Section        0  libinit2.o(.ARM.Collect$$libinit$$00000034)
    .ARM.Collect$$libinit$$00000035          0x100004a6   Section        2  libinit2.o(.ARM.Collect$$libinit$$00000035)
    .ARM.Collect$$libshutdown$$00000000      0x100004a8   Section        2  libshutdown.o(.ARM.Collect$$libshutdown$$00000000)
    .ARM.Collect$$libshutdown$$00000002      0x100004aa   Section        0  libshutdown2.o(.ARM.Collect$$libshutdown$$00000002)
    .ARM.Collect$$libshutdown$$00000004      0x100004aa   Section        0  libshutdown2.o(.ARM.Collect$$libshutdown$$00000004)
    .ARM.Collect$$libshutdown$$00000007      0x100004aa   Section        0  libshutdown2.o(.ARM.Collect$$libshutdown$$00000007)
    .ARM.Collect$$libshutdown$$0000000A      0x100004aa   Section        0  libshutdown2.o(.ARM.Collect$$libshutdown$$0000000A)
    .ARM.Collect$$libshutdown$$0000000C      0x100004aa   Section        0  libshutdown2.o(.ARM.Collect$$libshutdown$$0000000C)
    .ARM.Collect$$libshutdown$$0000000F      0x100004aa   Section        0  libshutdown2.o(.ARM.Collect$$libshutdown$$0000000F)
    .ARM.Collect$$libshutdown$$00000010      0x100004aa   Section        2  libshutdown2.o(.ARM.Collect$$libshutdown$$00000010)
    .ARM.Collect$$rtentry$$00000000          0x100004ac   Section        0  __rtentry.o(.ARM.Collect$$rtentry$$00000000)
    .ARM.Collect$$rtentry$$00000002          0x100004ac   Section        0  __rtentry2.o(.ARM.Collect$$rtentry$$00000002)
    .ARM.Collect$$rtentry$$00000007          0x100004ac   Section        4  __rtentry7.o(.ARM.Collect$$rtentry$$00000007)
    .ARM.Collect$$rtentry$$00000009          0x100004b0   Section        0  __rtentry2.o(.ARM.Collect$$rtentry$$00000009)
    .ARM.Collect$$rtentry$$0000000A          0x100004b0   Section        4  __rtentry2.o(.ARM.Collect$$rtentry$$0000000A)
    .ARM.Collect$$rtentry$$0000000C          0x100004b4   Section        0  __rtentry2.o(.ARM.Collect$$rtentry$$0000000C)
    .ARM.Collect$$rtentry$$0000000D          0x100004b4   Section        8  __rtentry2.o(.ARM.Collect$$rtentry$$0000000D)
    __lit__00000000                          0x100004bc   Data           4  __rtentry7.o(.ARM.Collect$$rtentry$$00002718)
    .ARM.Collect$$rtentry$$00002718          0x100004bc   Section        4  __rtentry7.o(.ARM.Collect$$rtentry$$00002718)
    .ARM.Collect$$rtexit$$00000000           0x100004c0   Section        2  rtexit.o(.ARM.Collect$$rtexit$$00000000)
    .ARM.Collect$$rtexit$$00000002           0x100004c2   Section        0  rtexit2.o(.ARM.Collect$$rtexit$$00000002)
    .ARM.Collect$$rtexit$$00000003           0x100004c2   Section        4  rtexit2.o(.ARM.Collect$$rtexit$$00000003)
    .ARM.Collect$$rtexit$$00000004           0x100004c6   Section        6  rtexit2.o(.ARM.Collect$$rtexit$$00000004)
    .text                                    0x100004cc   Section        0  exit.o(.text)
    .text                                    0x100004de   Section        2  use_no_semi.o(.text)
    .text                                    0x100004e0   Section        0  indicate_semi.o(.text)
    .text                                    0x100004e0   Section        0  sys_exit.o(.text)
    [Anonymous Symbol]                       0x100004ec   Section        0  startup_iotkit_cm33.o(.text.Default_Handler)
    [Anonymous Symbol]                       0x100004f0   Section        0  startup_iotkit_cm33.o(.text.HardFault_Handler)
    [Anonymous Symbol]                       0x100004f4   Section        0  led_v2m-mps2.o(.text.LED_Off)
    [Anonymous Symbol]                       0x1000051c   Section        0  led_v2m-mps2.o(.text.LED_On)
    [Anonymous Symbol]                       0x10000544   Section        0  main_ns.o(.text.NonSecure_LED_Off)
    [Anonymous Symbol]                       0x10000554   Section        0  main_ns.o(.text.NonSecure_LED_On)
    [Anonymous Symbol]                       0x10000564   Section        0  startup_iotkit_cm33.o(.text.Reset_Handler)
    SCB_GetFPUType                           0x10000599   Thumb Code    64  main_ns.o(.text.SCB_GetFPUType)
    [Anonymous Symbol]                       0x10000598   Section        0  main_ns.o(.text.SCB_GetFPUType)
    [Anonymous Symbol]                       0x100005d8   Section        0  main_ns.o(.text.SysTick_Handler)
    [Anonymous Symbol]                       0x10000664   Section        0  system_iotkit_cm33.o(.text.SystemInit)
    [Anonymous Symbol]                       0x1000069c   Section        0  main_ns.o(.text.main)
    [Anonymous Symbol]                       0x100007cc   Section        0  main_ns.o(MTBAR_MEM)
    $v0                                      0x1000084a   Number         0  fpinit.o(x$fpl$fpinit)
    x$fpl$fpinit                             0x1000084a   Section       26  fpinit.o(x$fpl$fpinit)
    SysTick_Handler.ticks                    0x38000020   Data           4  main_ns.o(.bss.SysTick_Handler.ticks)
    [Anonymous Symbol]                       0x38000020   Section        0  main_ns.o(.bss.SysTick_Handler.ticks)
    x                                        0x38000260   Data           4  main_ns.o(.bss.x)
    [Anonymous Symbol]                       0x38000260   Section        0  main_ns.o(.bss.x)

    Global Symbols

    Symbol Name                              Value     Ov Type        Size  Object(Section)

    BuildAttributes$$THM_ISAv4$E$P$D$K$B$S$7EM$8M$VFPi5$EXTD16$VFPS$VFMA$PE$A:L22UL41UL21$X:L11$S22US41US21$IEEE1$IW$USESV6$~STKCKD$USESV7$~SHL$OSPACE$ROPI$UX$STANDARDLIB$REQ8$PRES8$EABIv2 0x00000000   Number         0  anon$$obj.o ABSOLUTE
    Image$$ZI$$Limit                          - Undefined Weak Reference
    __ARM_exceptions_init                     - Undefined Weak Reference
    __alloca_initialize                       - Undefined Weak Reference
    __arm_preinit_                            - Undefined Weak Reference
    __arm_relocate_pie_                       - Undefined Weak Reference
    __cpp_initialize__aeabi_                  - Undefined Weak Reference
    __cxa_finalize                            - Undefined Weak Reference
    __rt_locale                               - Undefined Weak Reference
    __sigvec_lookup                           - Undefined Weak Reference
    _atexit_init                              - Undefined Weak Reference
    _call_atexit_fns                          - Undefined Weak Reference
    _clock_init                               - Undefined Weak Reference
    _fp_trap_init                             - Undefined Weak Reference
    _fp_trap_shutdown                         - Undefined Weak Reference
    _get_lc_collate                           - Undefined Weak Reference
    _get_lc_ctype                             - Undefined Weak Reference
    _get_lc_monetary                          - Undefined Weak Reference
    _get_lc_numeric                           - Undefined Weak Reference
    _get_lc_time                              - Undefined Weak Reference
    _getenv_init                              - Undefined Weak Reference
    _handle_redirection                       - Undefined Weak Reference
    _init_alloc                               - Undefined Weak Reference
    _init_user_alloc                          - Undefined Weak Reference
    _initio                                   - Undefined Weak Reference
    _rand_init                                - Undefined Weak Reference
    _signal_finish                            - Undefined Weak Reference
    _signal_init                              - Undefined Weak Reference
    _terminate_alloc                          - Undefined Weak Reference
    _terminate_user_alloc                     - Undefined Weak Reference
    _terminateio                              - Undefined Weak Reference
    __Vectors                                0x10000000   Data        1024  startup_iotkit_cm33.o(RESET)
    __main                                   0x10000401   Thumb Code     8  __main.o(!!!main)
    __scatterload                            0x10000409   Thumb Code     0  __scatter.o(!!!scatter)
    __scatterload_rt2                        0x10000409   Thumb Code    84  __scatter.o(!!!scatter)
    __scatterload_rt2_thumb_only             0x10000409   Thumb Code     0  __scatter.o(!!!scatter)
    __scatterload_loop                       0x10000413   Thumb Code     0  __scatter.o(!!!scatter)
    __scatterload_copy                       0x10000465   Thumb Code    26  __scatter_copy.o(!!handler_copy)
    __scatterload_null                       0x10000481   Thumb Code     2  __scatter.o(!!handler_null)
    __scatterload_zeroinit                   0x10000485   Thumb Code    28  __scatter_zi.o(!!handler_zi)
    __rt_lib_init                            0x100004a1   Thumb Code     0  libinit.o(.ARM.Collect$$libinit$$00000000)
    __rt_lib_init_fp_1                       0x100004a3   Thumb Code     0  libinit2.o(.ARM.Collect$$libinit$$00000001)
    __rt_lib_init_alloca_1                   0x100004a7   Thumb Code     0  libinit2.o(.ARM.Collect$$libinit$$00000030)
    __rt_lib_init_argv_1                     0x100004a7   Thumb Code     0  libinit2.o(.ARM.Collect$$libinit$$0000002E)
    __rt_lib_init_atexit_1                   0x100004a7   Thumb Code     0  libinit2.o(.ARM.Collect$$libinit$$0000001D)
    __rt_lib_init_clock_1                    0x100004a7   Thumb Code     0  libinit2.o(.ARM.Collect$$libinit$$00000023)
    __rt_lib_init_cpp_1                      0x100004a7   Thumb Code     0  libinit2.o(.ARM.Collect$$libinit$$00000034)
    __rt_lib_init_exceptions_1               0x100004a7   Thumb Code     0  libinit2.o(.ARM.Collect$$libinit$$00000032)
    __rt_lib_init_fp_trap_1                  0x100004a7   Thumb Code     0  libinit2.o(.ARM.Collect$$libinit$$00000021)
    __rt_lib_init_getenv_1                   0x100004a7   Thumb Code     0  libinit2.o(.ARM.Collect$$libinit$$00000025)
    __rt_lib_init_heap_1                     0x100004a7   Thumb Code     0  libinit2.o(.ARM.Collect$$libinit$$0000000C)
    __rt_lib_init_lc_collate_1               0x100004a7   Thumb Code     0  libinit2.o(.ARM.Collect$$libinit$$00000013)
    __rt_lib_init_lc_ctype_1                 0x100004a7   Thumb Code     0  libinit2.o(.ARM.Collect$$libinit$$00000015)
    __rt_lib_init_lc_monetary_1              0x100004a7   Thumb Code     0  libinit2.o(.ARM.Collect$$libinit$$00000017)
    __rt_lib_init_lc_numeric_1               0x100004a7   Thumb Code     0  libinit2.o(.ARM.Collect$$libinit$$00000019)
    __rt_lib_init_lc_time_1                  0x100004a7   Thumb Code     0  libinit2.o(.ARM.Collect$$libinit$$0000001B)
    __rt_lib_init_preinit_1                  0x100004a7   Thumb Code     0  libinit2.o(.ARM.Collect$$libinit$$00000006)
    __rt_lib_init_rand_1                     0x100004a7   Thumb Code     0  libinit2.o(.ARM.Collect$$libinit$$00000010)
    __rt_lib_init_relocate_pie_1             0x100004a7   Thumb Code     0  libinit2.o(.ARM.Collect$$libinit$$00000004)
    __rt_lib_init_return                     0x100004a7   Thumb Code     0  libinit2.o(.ARM.Collect$$libinit$$00000035)
    __rt_lib_init_signal_1                   0x100004a7   Thumb Code     0  libinit2.o(.ARM.Collect$$libinit$$0000001F)
    __rt_lib_init_stdio_1                    0x100004a7   Thumb Code     0  libinit2.o(.ARM.Collect$$libinit$$00000027)
    __rt_lib_init_user_alloc_1               0x100004a7   Thumb Code     0  libinit2.o(.ARM.Collect$$libinit$$0000000E)
    __rt_lib_shutdown                        0x100004a9   Thumb Code     0  libshutdown.o(.ARM.Collect$$libshutdown$$00000000)
    __rt_lib_shutdown_cpp_1                  0x100004ab   Thumb Code     0  libshutdown2.o(.ARM.Collect$$libshutdown$$00000002)
    __rt_lib_shutdown_fp_trap_1              0x100004ab   Thumb Code     0  libshutdown2.o(.ARM.Collect$$libshutdown$$00000007)
    __rt_lib_shutdown_heap_1                 0x100004ab   Thumb Code     0  libshutdown2.o(.ARM.Collect$$libshutdown$$0000000F)
    __rt_lib_shutdown_return                 0x100004ab   Thumb Code     0  libshutdown2.o(.ARM.Collect$$libshutdown$$00000010)
    __rt_lib_shutdown_signal_1               0x100004ab   Thumb Code     0  libshutdown2.o(.ARM.Collect$$libshutdown$$0000000A)
    __rt_lib_shutdown_stdio_1                0x100004ab   Thumb Code     0  libshutdown2.o(.ARM.Collect$$libshutdown$$00000004)
    __rt_lib_shutdown_user_alloc_1           0x100004ab   Thumb Code     0  libshutdown2.o(.ARM.Collect$$libshutdown$$0000000C)
    __rt_entry                               0x100004ad   Thumb Code     0  __rtentry.o(.ARM.Collect$$rtentry$$00000000)
    __rt_entry_presh_1                       0x100004ad   Thumb Code     0  __rtentry2.o(.ARM.Collect$$rtentry$$00000002)
    __rt_entry_sh                            0x100004ad   Thumb Code     0  __rtentry7.o(.ARM.Collect$$rtentry$$00000007)
    __rt_entry_li                            0x100004b1   Thumb Code     0  __rtentry2.o(.ARM.Collect$$rtentry$$0000000A)
    __rt_entry_postsh_1                      0x100004b1   Thumb Code     0  __rtentry2.o(.ARM.Collect$$rtentry$$00000009)
    __rt_entry_main                          0x100004b5   Thumb Code     0  __rtentry2.o(.ARM.Collect$$rtentry$$0000000D)
    __rt_entry_postli_1                      0x100004b5   Thumb Code     0  __rtentry2.o(.ARM.Collect$$rtentry$$0000000C)
    __rt_exit                                0x100004c1   Thumb Code     0  rtexit.o(.ARM.Collect$$rtexit$$00000000)
    __rt_exit_ls                             0x100004c3   Thumb Code     0  rtexit2.o(.ARM.Collect$$rtexit$$00000003)
    __rt_exit_prels_1                        0x100004c3   Thumb Code     0  rtexit2.o(.ARM.Collect$$rtexit$$00000002)
    __rt_exit_exit                           0x100004c7   Thumb Code     0  rtexit2.o(.ARM.Collect$$rtexit$$00000004)
    exit                                     0x100004cd   Thumb Code    18  exit.o(.text)
    __I$use$semihosting                      0x100004df   Thumb Code     0  use_no_semi.o(.text)
    __use_no_semihosting_swi                 0x100004df   Thumb Code     2  use_no_semi.o(.text)
    __semihosting_library_function           0x100004e1   Thumb Code     0  indicate_semi.o(.text)
    _sys_exit                                0x100004e1   Thumb Code     8  sys_exit.o(.text)
    BRIDGE_ERROR_Handler                     0x100004ed   Thumb Code     4  startup_iotkit_cm33.o(.text.Default_Handler)
    BusFault_Handler                         0x100004ed   Thumb Code     4  startup_iotkit_cm33.o(.text.Default_Handler)
    DMA0_ERROR_Handler                       0x100004ed   Thumb Code     4  startup_iotkit_cm33.o(.text.Default_Handler)
    DMA0_Handler                             0x100004ed   Thumb Code     4  startup_iotkit_cm33.o(.text.Default_Handler)
    DMA0_TC_Handler                          0x100004ed   Thumb Code     4  startup_iotkit_cm33.o(.text.Default_Handler)
    DMA1_ERROR_Handler                       0x100004ed   Thumb Code     4  startup_iotkit_cm33.o(.text.Default_Handler)
    DMA1_Handler                             0x100004ed   Thumb Code     4  startup_iotkit_cm33.o(.text.Default_Handler)
    DMA1_TC_Handler                          0x100004ed   Thumb Code     4  startup_iotkit_cm33.o(.text.Default_Handler)
    DMA2_ERROR_Handler                       0x100004ed   Thumb Code     4  startup_iotkit_cm33.o(.text.Default_Handler)
    DMA2_Handler                             0x100004ed   Thumb Code     4  startup_iotkit_cm33.o(.text.Default_Handler)
    DMA2_TC_Handler                          0x100004ed   Thumb Code     4  startup_iotkit_cm33.o(.text.Default_Handler)
    DMA3_ERROR_Handler                       0x100004ed   Thumb Code     4  startup_iotkit_cm33.o(.text.Default_Handler)
    DMA3_Handler                             0x100004ed   Thumb Code     4  startup_iotkit_cm33.o(.text.Default_Handler)
    DMA3_TC_Handler                          0x100004ed   Thumb Code     4  startup_iotkit_cm33.o(.text.Default_Handler)
    DUALTIMER_Handler                        0x100004ed   Thumb Code     4  startup_iotkit_cm33.o(.text.Default_Handler)
    DebugMon_Handler                         0x100004ed   Thumb Code     4  startup_iotkit_cm33.o(.text.Default_Handler)
    Default_Handler                          0x100004ed   Thumb Code     4  startup_iotkit_cm33.o(.text.Default_Handler)
    ETHERNET_Handler                         0x100004ed   Thumb Code     4  startup_iotkit_cm33.o(.text.Default_Handler)
    GPIO0_0_Handler                          0x100004ed   Thumb Code     4  startup_iotkit_cm33.o(.text.Default_Handler)
    GPIO0_10_Handler                         0x100004ed   Thumb Code     4  startup_iotkit_cm33.o(.text.Default_Handler)
    GPIO0_11_Handler                         0x100004ed   Thumb Code     4  startup_iotkit_cm33.o(.text.Default_Handler)
    GPIO0_12_Handler                         0x100004ed   Thumb Code     4  startup_iotkit_cm33.o(.text.Default_Handler)
    GPIO0_13_Handler                         0x100004ed   Thumb Code     4  startup_iotkit_cm33.o(.text.Default_Handler)
    GPIO0_14_Handler                         0x100004ed   Thumb Code     4  startup_iotkit_cm33.o(.text.Default_Handler)
    GPIO0_15_Handler                         0x100004ed   Thumb Code     4  startup_iotkit_cm33.o(.text.Default_Handler)
    GPIO0_1_Handler                          0x100004ed   Thumb Code     4  startup_iotkit_cm33.o(.text.Default_Handler)
    GPIO0_2_Handler                          0x100004ed   Thumb Code     4  startup_iotkit_cm33.o(.text.Default_Handler)
    GPIO0_3_Handler                          0x100004ed   Thumb Code     4  startup_iotkit_cm33.o(.text.Default_Handler)
    GPIO0_4_Handler                          0x100004ed   Thumb Code     4  startup_iotkit_cm33.o(.text.Default_Handler)
    GPIO0_5_Handler                          0x100004ed   Thumb Code     4  startup_iotkit_cm33.o(.text.Default_Handler)
    GPIO0_6_Handler                          0x100004ed   Thumb Code     4  startup_iotkit_cm33.o(.text.Default_Handler)
    GPIO0_7_Handler                          0x100004ed   Thumb Code     4  startup_iotkit_cm33.o(.text.Default_Handler)
    GPIO0_8_Handler                          0x100004ed   Thumb Code     4  startup_iotkit_cm33.o(.text.Default_Handler)
    GPIO0_9_Handler                          0x100004ed   Thumb Code     4  startup_iotkit_cm33.o(.text.Default_Handler)
    GPIO0_Handler                            0x100004ed   Thumb Code     4  startup_iotkit_cm33.o(.text.Default_Handler)
    GPIO1_0_Handler                          0x100004ed   Thumb Code     4  startup_iotkit_cm33.o(.text.Default_Handler)
    GPIO1_10_Handler                         0x100004ed   Thumb Code     4  startup_iotkit_cm33.o(.text.Default_Handler)
    GPIO1_11_Handler                         0x100004ed   Thumb Code     4  startup_iotkit_cm33.o(.text.Default_Handler)
    GPIO1_12_Handler                         0x100004ed   Thumb Code     4  startup_iotkit_cm33.o(.text.Default_Handler)
    GPIO1_13_Handler                         0x100004ed   Thumb Code     4  startup_iotkit_cm33.o(.text.Default_Handler)
    GPIO1_14_Handler                         0x100004ed   Thumb Code     4  startup_iotkit_cm33.o(.text.Default_Handler)
    GPIO1_15_Handler                         0x100004ed   Thumb Code     4  startup_iotkit_cm33.o(.text.Default_Handler)
    GPIO1_1_Handler                          0x100004ed   Thumb Code     4  startup_iotkit_cm33.o(.text.Default_Handler)
    GPIO1_2_Handler                          0x100004ed   Thumb Code     4  startup_iotkit_cm33.o(.text.Default_Handler)
    GPIO1_3_Handler                          0x100004ed   Thumb Code     4  startup_iotkit_cm33.o(.text.Default_Handler)
    GPIO1_4_Handler                          0x100004ed   Thumb Code     4  startup_iotkit_cm33.o(.text.Default_Handler)
    GPIO1_5_Handler                          0x100004ed   Thumb Code     4  startup_iotkit_cm33.o(.text.Default_Handler)
    GPIO1_6_Handler                          0x100004ed   Thumb Code     4  startup_iotkit_cm33.o(.text.Default_Handler)
    GPIO1_7_Handler                          0x100004ed   Thumb Code     4  startup_iotkit_cm33.o(.text.Default_Handler)
    GPIO1_8_Handler                          0x100004ed   Thumb Code     4  startup_iotkit_cm33.o(.text.Default_Handler)
    GPIO1_9_Handler                          0x100004ed   Thumb Code     4  startup_iotkit_cm33.o(.text.Default_Handler)
    GPIO1_Handler                            0x100004ed   Thumb Code     4  startup_iotkit_cm33.o(.text.Default_Handler)
    GPIO2_0_Handler                          0x100004ed   Thumb Code     4  startup_iotkit_cm33.o(.text.Default_Handler)
    GPIO2_10_Handler                         0x100004ed   Thumb Code     4  startup_iotkit_cm33.o(.text.Default_Handler)
    GPIO2_11_Handler                         0x100004ed   Thumb Code     4  startup_iotkit_cm33.o(.text.Default_Handler)
    GPIO2_12_Handler                         0x100004ed   Thumb Code     4  startup_iotkit_cm33.o(.text.Default_Handler)
    GPIO2_13_Handler                         0x100004ed   Thumb Code     4  startup_iotkit_cm33.o(.text.Default_Handler)
    GPIO2_14_Handler                         0x100004ed   Thumb Code     4  startup_iotkit_cm33.o(.text.Default_Handler)
    GPIO2_15_Handler                         0x100004ed   Thumb Code     4  startup_iotkit_cm33.o(.text.Default_Handler)
    GPIO2_1_Handler                          0x100004ed   Thumb Code     4  startup_iotkit_cm33.o(.text.Default_Handler)
    GPIO2_2_Handler                          0x100004ed   Thumb Code     4  startup_iotkit_cm33.o(.text.Default_Handler)
    GPIO2_3_Handler                          0x100004ed   Thumb Code     4  startup_iotkit_cm33.o(.text.Default_Handler)
    GPIO2_4_Handler                          0x100004ed   Thumb Code     4  startup_iotkit_cm33.o(.text.Default_Handler)
    GPIO2_5_Handler                          0x100004ed   Thumb Code     4  startup_iotkit_cm33.o(.text.Default_Handler)
    GPIO2_6_Handler                          0x100004ed   Thumb Code     4  startup_iotkit_cm33.o(.text.Default_Handler)
    GPIO2_7_Handler                          0x100004ed   Thumb Code     4  startup_iotkit_cm33.o(.text.Default_Handler)
    GPIO2_8_Handler                          0x100004ed   Thumb Code     4  startup_iotkit_cm33.o(.text.Default_Handler)
    GPIO2_9_Handler                          0x100004ed   Thumb Code     4  startup_iotkit_cm33.o(.text.Default_Handler)
    GPIO2_Handler                            0x100004ed   Thumb Code     4  startup_iotkit_cm33.o(.text.Default_Handler)
    GPIO3_0_Handler                          0x100004ed   Thumb Code     4  startup_iotkit_cm33.o(.text.Default_Handler)
    GPIO3_1_Handler                          0x100004ed   Thumb Code     4  startup_iotkit_cm33.o(.text.Default_Handler)
    GPIO3_2_Handler                          0x100004ed   Thumb Code     4  startup_iotkit_cm33.o(.text.Default_Handler)
    GPIO3_3_Handler                          0x100004ed   Thumb Code     4  startup_iotkit_cm33.o(.text.Default_Handler)
    GPIO3_Handler                            0x100004ed   Thumb Code     4  startup_iotkit_cm33.o(.text.Default_Handler)
    I2S_Handler                              0x100004ed   Thumb Code     4  startup_iotkit_cm33.o(.text.Default_Handler)
    MPC_Handler                              0x100004ed   Thumb Code     4  startup_iotkit_cm33.o(.text.Default_Handler)
    MSC_Handler                              0x100004ed   Thumb Code     4  startup_iotkit_cm33.o(.text.Default_Handler)
    MemManage_Handler                        0x100004ed   Thumb Code     4  startup_iotkit_cm33.o(.text.Default_Handler)
    NMI_Handler                              0x100004ed   Thumb Code     4  startup_iotkit_cm33.o(.text.Default_Handler)
    NONSEC_WATCHDOG_Handler                  0x100004ed   Thumb Code     4  startup_iotkit_cm33.o(.text.Default_Handler)
    NONSEC_WATCHDOG_RESET_Handler            0x100004ed   Thumb Code     4  startup_iotkit_cm33.o(.text.Default_Handler)
    PPC_Handler                              0x100004ed   Thumb Code     4  startup_iotkit_cm33.o(.text.Default_Handler)
    PendSV_Handler                           0x100004ed   Thumb Code     4  startup_iotkit_cm33.o(.text.Default_Handler)
    S32K_TIMER_Handler                       0x100004ed   Thumb Code     4  startup_iotkit_cm33.o(.text.Default_Handler)
    SPI0_Handler                             0x100004ed   Thumb Code     4  startup_iotkit_cm33.o(.text.Default_Handler)
    SPI1_Handler                             0x100004ed   Thumb Code     4  startup_iotkit_cm33.o(.text.Default_Handler)
    SPI2_Handler                             0x100004ed   Thumb Code     4  startup_iotkit_cm33.o(.text.Default_Handler)
    SPI3_Handler                             0x100004ed   Thumb Code     4  startup_iotkit_cm33.o(.text.Default_Handler)
    SPI4_Handler                             0x100004ed   Thumb Code     4  startup_iotkit_cm33.o(.text.Default_Handler)
    SVC_Handler                              0x100004ed   Thumb Code     4  startup_iotkit_cm33.o(.text.Default_Handler)
    SecureFault_Handler                      0x100004ed   Thumb Code     4  startup_iotkit_cm33.o(.text.Default_Handler)
    TIMER0_Handler                           0x100004ed   Thumb Code     4  startup_iotkit_cm33.o(.text.Default_Handler)
    TIMER1_Handler                           0x100004ed   Thumb Code     4  startup_iotkit_cm33.o(.text.Default_Handler)
    TSC_Handler                              0x100004ed   Thumb Code     4  startup_iotkit_cm33.o(.text.Default_Handler)
    UART0RX_Handler                          0x100004ed   Thumb Code     4  startup_iotkit_cm33.o(.text.Default_Handler)
    UART0TX_Handler                          0x100004ed   Thumb Code     4  startup_iotkit_cm33.o(.text.Default_Handler)
    UART0_Handler                            0x100004ed   Thumb Code     4  startup_iotkit_cm33.o(.text.Default_Handler)
    UART1RX_Handler                          0x100004ed   Thumb Code     4  startup_iotkit_cm33.o(.text.Default_Handler)
    UART1TX_Handler                          0x100004ed   Thumb Code     4  startup_iotkit_cm33.o(.text.Default_Handler)
    UART1_Handler                            0x100004ed   Thumb Code     4  startup_iotkit_cm33.o(.text.Default_Handler)
    UART2RX_Handler                          0x100004ed   Thumb Code     4  startup_iotkit_cm33.o(.text.Default_Handler)
    UART2TX_Handler                          0x100004ed   Thumb Code     4  startup_iotkit_cm33.o(.text.Default_Handler)
    UART2_Handler                            0x100004ed   Thumb Code     4  startup_iotkit_cm33.o(.text.Default_Handler)
    UART3RX_Handler                          0x100004ed   Thumb Code     4  startup_iotkit_cm33.o(.text.Default_Handler)
    UART3TX_Handler                          0x100004ed   Thumb Code     4  startup_iotkit_cm33.o(.text.Default_Handler)
    UART3_Handler                            0x100004ed   Thumb Code     4  startup_iotkit_cm33.o(.text.Default_Handler)
    UART4RX_Handler                          0x100004ed   Thumb Code     4  startup_iotkit_cm33.o(.text.Default_Handler)
    UART4TX_Handler                          0x100004ed   Thumb Code     4  startup_iotkit_cm33.o(.text.Default_Handler)
    UART4_Handler                            0x100004ed   Thumb Code     4  startup_iotkit_cm33.o(.text.Default_Handler)
    UARTOVF_Handler                          0x100004ed   Thumb Code     4  startup_iotkit_cm33.o(.text.Default_Handler)
    UsageFault_Handler                       0x100004ed   Thumb Code     4  startup_iotkit_cm33.o(.text.Default_Handler)
    HardFault_Handler                        0x100004f1   Thumb Code     4  startup_iotkit_cm33.o(.text.HardFault_Handler)
    LED_Off                                  0x100004f5   Thumb Code    40  led_v2m-mps2.o(.text.LED_Off)
    LED_On                                   0x1000051d   Thumb Code    40  led_v2m-mps2.o(.text.LED_On)
    NonSecure_LED_Off                        0x10000545   Thumb Code    16  main_ns.o(.text.NonSecure_LED_Off)
    NonSecure_LED_On                         0x10000555   Thumb Code    16  main_ns.o(.text.NonSecure_LED_On)
    Reset_Handler                            0x10000565   Thumb Code    50  startup_iotkit_cm33.o(.text.Reset_Handler)
    SysTick_Handler                          0x100005d9   Thumb Code   140  main_ns.o(.text.SysTick_Handler)
    SystemInit                               0x10000665   Thumb Code    54  system_iotkit_cm33.o(.text.SystemInit)
    main                                     0x1000069d   Thumb Code   304  main_ns.o(.text.main)
    matmul3                                  0x100007cd   Thumb Code   126  main_ns.o(MTBAR_MEM)
    _fp_init                                 0x1000084b   Thumb Code    26  fpinit.o(x$fpl$fpinit)
    __fplib_config_fpu_vfp                   0x10000863   Thumb Code     0  fpinit.o(x$fpl$fpinit)
    __fplib_config_pureend_doubles           0x10000863   Thumb Code     0  fpinit.o(x$fpl$fpinit)
    Region$$Table$$Base                      0x10000864   Number         0  anon$$obj.o(Region$$Table)
    Region$$Table$$Limit                     0x10000884   Number         0  anon$$obj.o(Region$$Table)
    SECURE_register_callback                 0x101ffe01   Thumb Code     8  IOTKit_CM33_s_CMSE_Lib.o ABSOLUTE
    SECURE_start_cfa                         0x101ffe09   Thumb Code     8  IOTKit_CM33_s_CMSE_Lib.o ABSOLUTE
    Secure_LED_On                            0x101ffe11   Thumb Code     8  IOTKit_CM33_s_CMSE_Lib.o ABSOLUTE
    Secure_LED_Off                           0x101ffe19   Thumb Code     8  IOTKit_CM33_s_CMSE_Lib.o ABSOLUTE
    Secure_printf                            0x101ffe21   Thumb Code     8  IOTKit_CM33_s_CMSE_Lib.o ABSOLUTE
    Secure_LED_On_callback                   0x101ffe29   Thumb Code     8  IOTKit_CM33_s_CMSE_Lib.o ABSOLUTE
    Secure_LED_Off_callback                  0x101ffe31   Thumb Code     8  IOTKit_CM33_s_CMSE_Lib.o ABSOLUTE
    SystemCoreClock                          0x38000000   Data           4  system_iotkit_cm33.o(.data.SystemCoreClock)
    text                                     0x38000004   Data          27  main_ns.o(.data.text)
    report_s                                 0x38000024   Data         572  main_ns.o(.bss.report_s)
    Image$$ARM_LIB_HEAP$$ZI$$Base            0x38000268   Number         0  anon$$obj.o ABSOLUTE
    Image$$ARM_LIB_HEAP$$ZI$$Limit           0x38000e68   Number         0  anon$$obj.o ABSOLUTE
    Image$$ARM_LIB_STACK$$ZI$$Base           0x381ffc00   Number         0  anon$$obj.o ABSOLUTE
    Image$$ARM_LIB_STACK$$ZI$$Limit          0x38200000   Number         0  anon$$obj.o ABSOLUTE



==============================================================================

Memory Map of the image

  Image Entry point : 0x10000401

  Load Region LR_ROM (Base: 0x10000000, Size: 0x000008a4, Max: 0x00200000, ABSOLUTE)

    Execution Region ER_MTBAR (Exec base: 0x00300000, Load base: 0x10000884, Size: 0x00000000, Max: 0x00080000, ABSOLUTE)

    **** No section assigned to this execution region ****


    Execution Region ER_MTBDR (Exec base: 0x00380000, Load base: 0x10000884, Size: 0x00000000, Max: 0x00080000, ABSOLUTE)

    **** No section assigned to this execution region ****


    Execution Region ER_ROM (Exec base: 0x10000000, Load base: 0x10000000, Size: 0x00000884, Max: 0x00100000, ABSOLUTE)

    Exec Addr    Load Addr    Size         Type   Attr      Idx    E Section Name        Object

    0x10000000   0x10000000   0x00000400   Data   RO           53    RESET               startup_iotkit_cm33.o
    0x10000400   0x10000400   0x00000008   Code   RO           74  * !!!main             c_w.l(__main.o)
    0x10000408   0x10000408   0x0000005c   Code   RO          252    !!!scatter          c_w.l(__scatter.o)
    0x10000464   0x10000464   0x0000001a   Code   RO          256    !!handler_copy      c_w.l(__scatter_copy.o)
    0x1000047e   0x1000047e   0x00000002   PAD
    0x10000480   0x10000480   0x00000002   Code   RO          253    !!handler_null      c_w.l(__scatter.o)
    0x10000482   0x10000482   0x00000002   PAD
    0x10000484   0x10000484   0x0000001c   Code   RO          258    !!handler_zi        c_w.l(__scatter_zi.o)
    0x100004a0   0x100004a0   0x00000002   Code   RO          106    .ARM.Collect$$libinit$$00000000  c_w.l(libinit.o)
    0x100004a2   0x100004a2   0x00000004   Code   RO          116    .ARM.Collect$$libinit$$00000001  c_w.l(libinit2.o)
    0x100004a6   0x100004a6   0x00000000   Code   RO          119    .ARM.Collect$$libinit$$00000004  c_w.l(libinit2.o)
    0x100004a6   0x100004a6   0x00000000   Code   RO          121    .ARM.Collect$$libinit$$00000006  c_w.l(libinit2.o)
    0x100004a6   0x100004a6   0x00000000   Code   RO          124    .ARM.Collect$$libinit$$0000000C  c_w.l(libinit2.o)
    0x100004a6   0x100004a6   0x00000000   Code   RO          126    .ARM.Collect$$libinit$$0000000E  c_w.l(libinit2.o)
    0x100004a6   0x100004a6   0x00000000   Code   RO          128    .ARM.Collect$$libinit$$00000010  c_w.l(libinit2.o)
    0x100004a6   0x100004a6   0x00000000   Code   RO          131    .ARM.Collect$$libinit$$00000013  c_w.l(libinit2.o)
    0x100004a6   0x100004a6   0x00000000   Code   RO          133    .ARM.Collect$$libinit$$00000015  c_w.l(libinit2.o)
    0x100004a6   0x100004a6   0x00000000   Code   RO          135    .ARM.Collect$$libinit$$00000017  c_w.l(libinit2.o)
    0x100004a6   0x100004a6   0x00000000   Code   RO          137    .ARM.Collect$$libinit$$00000019  c_w.l(libinit2.o)
    0x100004a6   0x100004a6   0x00000000   Code   RO          139    .ARM.Collect$$libinit$$0000001B  c_w.l(libinit2.o)
    0x100004a6   0x100004a6   0x00000000   Code   RO          141    .ARM.Collect$$libinit$$0000001D  c_w.l(libinit2.o)
    0x100004a6   0x100004a6   0x00000000   Code   RO          143    .ARM.Collect$$libinit$$0000001F  c_w.l(libinit2.o)
    0x100004a6   0x100004a6   0x00000000   Code   RO          145    .ARM.Collect$$libinit$$00000021  c_w.l(libinit2.o)
    0x100004a6   0x100004a6   0x00000000   Code   RO          147    .ARM.Collect$$libinit$$00000023  c_w.l(libinit2.o)
    0x100004a6   0x100004a6   0x00000000   Code   RO          149    .ARM.Collect$$libinit$$00000025  c_w.l(libinit2.o)
    0x100004a6   0x100004a6   0x00000000   Code   RO          151    .ARM.Collect$$libinit$$00000027  c_w.l(libinit2.o)
    0x100004a6   0x100004a6   0x00000000   Code   RO          155    .ARM.Collect$$libinit$$0000002E  c_w.l(libinit2.o)
    0x100004a6   0x100004a6   0x00000000   Code   RO          157    .ARM.Collect$$libinit$$00000030  c_w.l(libinit2.o)
    0x100004a6   0x100004a6   0x00000000   Code   RO          159    .ARM.Collect$$libinit$$00000032  c_w.l(libinit2.o)
    0x100004a6   0x100004a6   0x00000000   Code   RO          161    .ARM.Collect$$libinit$$00000034  c_w.l(libinit2.o)
    0x100004a6   0x100004a6   0x00000002   Code   RO          162    .ARM.Collect$$libinit$$00000035  c_w.l(libinit2.o)
    0x100004a8   0x100004a8   0x00000002   Code   RO          191    .ARM.Collect$$libshutdown$$00000000  c_w.l(libshutdown.o)
    0x100004aa   0x100004aa   0x00000000   Code   RO          203    .ARM.Collect$$libshutdown$$00000002  c_w.l(libshutdown2.o)
    0x100004aa   0x100004aa   0x00000000   Code   RO          205    .ARM.Collect$$libshutdown$$00000004  c_w.l(libshutdown2.o)
    0x100004aa   0x100004aa   0x00000000   Code   RO          208    .ARM.Collect$$libshutdown$$00000007  c_w.l(libshutdown2.o)
    0x100004aa   0x100004aa   0x00000000   Code   RO          211    .ARM.Collect$$libshutdown$$0000000A  c_w.l(libshutdown2.o)
    0x100004aa   0x100004aa   0x00000000   Code   RO          213    .ARM.Collect$$libshutdown$$0000000C  c_w.l(libshutdown2.o)
    0x100004aa   0x100004aa   0x00000000   Code   RO          216    .ARM.Collect$$libshutdown$$0000000F  c_w.l(libshutdown2.o)
    0x100004aa   0x100004aa   0x00000002   Code   RO          217    .ARM.Collect$$libshutdown$$00000010  c_w.l(libshutdown2.o)
    0x100004ac   0x100004ac   0x00000000   Code   RO           76    .ARM.Collect$$rtentry$$00000000  c_w.l(__rtentry.o)
    0x100004ac   0x100004ac   0x00000000   Code   RO           78    .ARM.Collect$$rtentry$$00000002  c_w.l(__rtentry2.o)
    0x100004ac   0x100004ac   0x00000004   Code   RO           92    .ARM.Collect$$rtentry$$00000007  c_w.l(__rtentry7.o)
    0x100004b0   0x100004b0   0x00000000   Code   RO           80    .ARM.Collect$$rtentry$$00000009  c_w.l(__rtentry2.o)
    0x100004b0   0x100004b0   0x00000004   Code   RO           81    .ARM.Collect$$rtentry$$0000000A  c_w.l(__rtentry2.o)
    0x100004b4   0x100004b4   0x00000000   Code   RO           83    .ARM.Collect$$rtentry$$0000000C  c_w.l(__rtentry2.o)
    0x100004b4   0x100004b4   0x00000008   Code   RO           84    .ARM.Collect$$rtentry$$0000000D  c_w.l(__rtentry2.o)
    0x100004bc   0x100004bc   0x00000004   Code   RO           93    .ARM.Collect$$rtentry$$00002718  c_w.l(__rtentry7.o)
    0x100004c0   0x100004c0   0x00000002   Code   RO          114    .ARM.Collect$$rtexit$$00000000  c_w.l(rtexit.o)
    0x100004c2   0x100004c2   0x00000000   Code   RO          171    .ARM.Collect$$rtexit$$00000002  c_w.l(rtexit2.o)
    0x100004c2   0x100004c2   0x00000004   Code   RO          172    .ARM.Collect$$rtexit$$00000003  c_w.l(rtexit2.o)
    0x100004c6   0x100004c6   0x00000006   Code   RO          173    .ARM.Collect$$rtexit$$00000004  c_w.l(rtexit2.o)
    0x100004cc   0x100004cc   0x00000012   Code   RO           99    .text               c_w.l(exit.o)
    0x100004de   0x100004de   0x00000002   Code   RO          167    .text               c_w.l(use_no_semi.o)
    0x100004e0   0x100004e0   0x00000000   Code   RO          169    .text               c_w.l(indicate_semi.o)
    0x100004e0   0x100004e0   0x0000000c   Code   RO          181    .text               c_w.l(sys_exit.o)
    0x100004ec   0x100004ec   0x00000004   Code   RO           47    .text.Default_Handler  startup_iotkit_cm33.o
    0x100004f0   0x100004f0   0x00000004   Code   RO           51    .text.HardFault_Handler  startup_iotkit_cm33.o
    0x100004f4   0x100004f4   0x00000028   Code   RO           34    .text.LED_Off       led_v2m-mps2.o
    0x1000051c   0x1000051c   0x00000028   Code   RO           32    .text.LED_On        led_v2m-mps2.o
    0x10000544   0x10000544   0x00000010   Code   RO            6    .text.NonSecure_LED_Off  main_ns.o
    0x10000554   0x10000554   0x00000010   Code   RO            4    .text.NonSecure_LED_On  main_ns.o
    0x10000564   0x10000564   0x00000032   Code   RO           49    .text.Reset_Handler  startup_iotkit_cm33.o
    0x10000596   0x10000596   0x00000002   PAD
    0x10000598   0x10000598   0x00000040   Code   RO           14    .text.SCB_GetFPUType  main_ns.o
    0x100005d8   0x100005d8   0x0000008c   Code   RO            8    .text.SysTick_Handler  main_ns.o
    0x10000664   0x10000664   0x00000036   Code   RO           63    .text.SystemInit    system_iotkit_cm33.o
    0x1000069a   0x1000069a   0x00000002   PAD
    0x1000069c   0x1000069c   0x00000130   Code   RO           12    .text.main          main_ns.o
    0x100007cc   0x100007cc   0x0000007e   Code   RO           10    MTBAR_MEM           main_ns.o
    0x1000084a   0x1000084a   0x0000001a   Code   RO          179    x$fpl$fpinit        fz_wm.l(fpinit.o)
    0x10000864   0x10000864   0x00000020   Data   RO          251    Region$$Table       anon$$obj.o


    Execution Region RW_RAM (Exec base: 0x38000000, Load base: 0x10000884, Size: 0x00000264, Max: 0x001ff000, ABSOLUTE)

    Exec Addr    Load Addr    Size         Type   Attr      Idx    E Section Name        Object

    0x38000000   0x10000884   0x00000004   Data   RW           65    .data.SystemCoreClock  system_iotkit_cm33.o
    0x38000004   0x10000888   0x0000001b   Data   RW           16    .data.text          main_ns.o
    0x3800001f   0x100008a3   0x00000001   PAD
    0x38000020        -       0x00000004   Zero   RW           17    .bss.SysTick_Handler.ticks  main_ns.o
    0x38000024        -       0x0000023c   Zero   RW           18    .bss.report_s       main_ns.o
    0x38000260        -       0x00000004   Zero   RW           19    .bss.x              main_ns.o


    Execution Region ARM_LIB_HEAP (Exec base: 0x38000268, Load base: 0x100008a4, Size: 0x00000c00, Max: 0x00000c00, ABSOLUTE)

    Exec Addr    Load Addr    Size         Type   Attr      Idx    E Section Name        Object

    0x38000268        -       0x00000c00   Zero   RW            1    ARM_LIB_HEAP.bss    anon$$obj.o


    Execution Region ARM_LIB_STACK (Exec base: 0x381ffc00, Load base: 0x100008a4, Size: 0x00000400, Max: 0x00000400, ABSOLUTE)

    Exec Addr    Load Addr    Size         Type   Attr      Idx    E Section Name        Object

    0x381ffc00        -       0x00000400   Zero   RW            2    ARM_LIB_STACK.bss   anon$$obj.o


==============================================================================

Image component sizes


      Code (inc. data)   RO Data    RW Data    ZI Data      Debug   Object Name

        80          0          0          0          0       1968   led_v2m-mps2.o
       666          0          0         27        580       3019   main_ns.o
        58          0       1024          0          0       1498   startup_iotkit_cm33.o
        54          0          0          4          0       2048   system_iotkit_cm33.o

    ----------------------------------------------------------------------
       862          0       1056         32       4676       8533   Object Totals
         0          0         32          0       4096          0   (incl. Generated)
         4          0          0          1          0          0   (incl. Padding)

    ----------------------------------------------------------------------

      Code (inc. data)   RO Data    RW Data    ZI Data      Debug   Library Member Name

         8          0          0          0          0         68   __main.o
         0          0          0          0          0          0   __rtentry.o
        12          0          0          0          0          0   __rtentry2.o
         8          4          0          0          0          0   __rtentry7.o
        94          8          0          0          0          0   __scatter.o
        26          0          0          0          0          0   __scatter_copy.o
        28          0          0          0          0          0   __scatter_zi.o
        18          0          0          0          0         80   exit.o
         0          0          0          0          0          0   indicate_semi.o
         2          0          0          0          0          0   libinit.o
         6          0          0          0          0          0   libinit2.o
         2          0          0          0          0          0   libshutdown.o
         2          0          0          0          0          0   libshutdown2.o
         2          0          0          0          0          0   rtexit.o
        10          0          0          0          0          0   rtexit2.o
        12          4          0          0          0         68   sys_exit.o
         2          0          0          0          0         68   use_no_semi.o
        26          0          0          0          0        116   fpinit.o

    ----------------------------------------------------------------------
       262         16          0          0          0        400   Library Totals
         4          0          0          0          0          0   (incl. Padding)

    ----------------------------------------------------------------------

      Code (inc. data)   RO Data    RW Data    ZI Data      Debug   Library Name

       232         16          0          0          0        284   c_w.l
        26          0          0          0          0        116   fz_wm.l

    ----------------------------------------------------------------------
       262         16          0          0          0        400   Library Totals

    ----------------------------------------------------------------------

==============================================================================


      Code (inc. data)   RO Data    RW Data    ZI Data      Debug   

      1124         16       1056         32       4676       9041   Grand Totals
      1124         16       1056         32       4676       9041   ELF Image Totals
      1124         16       1056         32          0          0   ROM Totals

==============================================================================

    Total RO  Size (Code + RO Data)                 2180 (   2.13kB)
    Total RW  Size (RW Data + ZI Data)              4708 (   4.60kB)
    Total ROM Size (Code + RO Data + RW Data)       2212 (   2.16kB)

==============================================================================

