<html>
<body>
<pre>
<h1>µVision Build Log</h1>
<h2>Tool Versions:</h2>
IDE-Version: µVision V5.41.0.0
Copyright (C) 2024 ARM Ltd and ARM Germany GmbH. All rights reserved.
License Information: Antonio Joia
Rochester Institute of Technology
User-based license: Keil MDK Community (non-commercial free of charge)
Valid until: May 31 2033. Cached until: Nov 20 2024
 
Tool Versions:
Toolchain:       Keil MDK Community (non-commercial free of charge  Version: 5.41.0.0
Toolchain Path:  C:\Users\aj4775\AppData\Local\Keil_v5\ARM\ARMCLANG\Bin
C Compiler:      ArmClang.exe V6.22
Assembler:       Armasm.exe V6.22
Linker/Locator:  ArmLink.exe V6.22
Library Manager: ArmAr.exe V6.22
Hex Converter:   FromElf.exe V6.22
CPU DLL:         
Dialog DLL:      
Target DLL:      CMSIS_AGDI_V8M.DLL V1.8.5.0
Dialog DLL:      TCM.DLL V1.56.4.0
 
<h2>Project:</h2>
P:\Workspace\Git\MTB_CFA\IOTKit_CM33_S_NS\IOTKit_CM33_s\IOTKit_CM33_s.uvprojx
Project File Date:  11/05/2024

<h2>Output:</h2>
*** Using Compiler 'V6.22', folder: 'C:\Users\aj4775\AppData\Local\Keil_v5\ARM\ARMCLANG\Bin'
*** Note: Rebuilding project, since 'Options->Output->Create Batch File' is selected.
Rebuild Project 'IOTKit_CM33_s' - Target 'V2M-MPS2+'
creating list file for main_s.c...
compiling main_s.c...
creating list file for stdout_USART.c...
compiling stdout_USART.c...
creating list file for mtb.c...
compiling mtb.c...
creating list file for Secure_Functions.c...
compiling Secure_Functions.c...
creating list file for cfa.c...
compiling cfa.c...
creating list file for GLCD_Fonts.c...
compiling GLCD_Fonts.c...
creating list file for GLCD_V2M-MPS2.c...
compiling GLCD_V2M-MPS2.c...
creating list file for LED_V2M-MPS2.c...
compiling LED_V2M-MPS2.c...
creating list file for USART_V2M-MPS2.c...
compiling USART_V2M-MPS2.c...
creating list file for retarget_io.c...
compiling retarget_io.c...
creating list file for startup_IOTKit_CM33.c...
compiling startup_IOTKit_CM33.c...
creating list file for system_IOTKit_CM33.c...
compiling system_IOTKit_CM33.c...
linking...
Program Size: Code=16100 RO-data=2880 RW-data=52 ZI-data=6660  
".\Objects\IOTKit_CM33_s.axf" - 0 Error(s), 0 Warning(s).

<h2>Software Packages used:</h2>

Package Vendor: ARM
                https://www.keil.com/pack/ARM.CMSIS.6.1.0.pack
                ARM::CMSIS@6.1.0
                CMSIS (Common Microcontroller Software Interface Standard)
   * Component: USART Version: 2.4.0
   * Component: CORE Version: 6.1.0

Package Vendor: Keil
                https://www.keil.com/pack/Keil.ARM_Compiler.1.7.2.pack
                Keil::ARM_Compiler@1.7.2
                Keil ARM Compiler extensions for ARM Compiler 5 and ARM Compiler 6
   * Component: STDOUT Variant: User Version: 1.2.0

Package Vendor: Keil
                https://www.keil.com/pack/Keil.MDK-Middleware.7.17.0.pack
                Keil::MDK-Middleware@7.17.0
                Middleware for Keil MDK-Professional and MDK-Plus
   * Component: Graphic LCD Version: 1.0.0
   * Component: LED Version: 1.0.0

Package Vendor: Keil
                https://www.keil.com/pack/Keil.V2M-MPS2_IOTKit_BSP.1.5.2.pack
                Keil::V2M-MPS2_IOTKit_BSP@1.5.2
                ARM V2M-MPS2 Device Family Pack for IOT-Kit devices
   * Component: Graphic LCD Version: 2.0.0
   * Component: LED Version: 2.0.0
   * Component: USART Version: 1.0.0
   * Component: Startup Variant: C Startup Version: 1.2.0

<h2>Collection of Component include folders:</h2>
  ./RTE/Device/IOTKit_CM33_FP
  ./RTE/_V2M-MPS2_
  C:/Users/aj4775/AppData/Local/arm/packs/ARM/CMSIS/6.1.0/CMSIS/Core/Include
  C:/Users/aj4775/AppData/Local/arm/packs/ARM/CMSIS/6.1.0/CMSIS/Driver/Include
  C:/Users/aj4775/AppData/Local/arm/packs/Keil/MDK-Middleware/7.17.0/Board
  C:/Users/aj4775/AppData/Local/arm/packs/Keil/V2M-MPS2_IOTKit_BSP/1.5.2/Boards/ARM/V2M-MPS2/Common
  C:/Users/aj4775/AppData/Local/arm/packs/Keil/V2M-MPS2_IOTKit_BSP/1.5.2/Device/Common/Include
  C:/Users/aj4775/AppData/Local/arm/packs/Keil/V2M-MPS2_IOTKit_BSP/1.5.2/Device/IOTKit_CM33/Include

<h2>Collection of Component Files used:</h2>

   * Component: ::Board Support:Graphic LCD(API)@1.0.0
      Include file:  Board/Board_GLCD.h

   * Component: ::Board Support:LED(API)@1.0.0
      Include file:  Board/Board_LED.h

   * Component: ::CMSIS Driver:USART(API)@2.4.0
      Include file:  CMSIS/Driver/Include/Driver_USART.h

   * Component: ARM::CMSIS:CORE@6.1.0
      Source file:   CMSIS/Core/Template/ARMv8-M/tz_context.c
      Include file:  CMSIS/Core/Include/tz_context.h
      Source file:   CMSIS/Core/Template/ARMv8-M/main_s.c

   * Component: Keil::Board Support&V2M-MPS2 IOT-Kit:Graphic LCD@2.0.0
      Include file:  Boards/ARM/V2M-MPS2/Common/GLCD_Config.h
      Source file:   Boards/ARM/V2M-MPS2/Common/GLCD_V2M-MPS2.c
      Source file:   Boards/ARM/V2M-MPS2/Common/GLCD_Fonts.c

   * Component: Keil::Board Support&V2M-MPS2 IOT-Kit:LED@2.0.0
      Source file:   Boards/ARM/V2M-MPS2/Common/LED_V2M-MPS2.c

   * Component: Keil::CMSIS Driver:USART@1.0.0
      Source file:   CMSIS/Driver/USART_V2M-MPS2.c

   * Component: Keil::Compiler&ARM Compiler:I/O:STDOUT&User@1.2.0
      Source file:   Template/stdout_user.c
      Source file:   Template/stdout_USART.c
      Source file:   Template/stdout_display.c
      Source file:   Source/retarget_io.c

   * Component: Keil::Device:Startup&C Startup@1.2.0
      Include file:  Device/Common/Include/SMM_MPS2.h
      Source file:   Device/IOTKit_CM33/Source/system_IOTKit_CM33.c
      Include file:  CMSIS/Config/RTE_Device.h
      Include file:  Device/IOTKit_CM33/Include/Template/partition_IOTKit_CM33.h
      Source file:   Device/IOTKit_CM33/Source/startup_IOTKit_CM33.c
Build Time Elapsed:  00:00:10
</pre>
</body>
</html>
