<html>
<body>
<pre>
<h1>µVision Build Log</h1>
<h2>Tool Versions:</h2>
IDE-Version: µVision V5.41.0.0
Copyright (C) 2024 ARM Ltd and ARM Germany GmbH. All rights reserved.
License Information: Antonio nneto430@hotmail.com
RIT
User-based license: Keil MDK Community (non-commercial free of charge)
Valid until: May 31 2033. Cached until: Oct 23 2024
 
Tool Versions:
Toolchain:       Keil MDK Community (non-commercial free of charge  Version: 5.41.0.0
Toolchain Path:  D:\ArmKeil\Keil_v5\ARM\ARMCLANG\Bin
C Compiler:      ArmClang.exe V6.22
Assembler:       Armasm.exe V6.22
Linker/Locator:  ArmLink.exe V6.22
Library Manager: ArmAr.exe V6.22
Hex Converter:   FromElf.exe V6.22
CPU DLL:         
Dialog DLL:      
Target DLL:      CMSIS_AGDI_V8M.DLL V1.8.5.0
Dialog DLL:      TCM.DLL V1.56.4.0
 
<h2>Project:</h2>
D:\Workspace\Git\MTB_CFA\IOTKit_CM33_S_NS\IOTKit_CM33_ns\IOTKit_CM33_ns.uvprojx
Project File Date:  10/16/2024

<h2>Output:</h2>
*** Using Compiler 'V6.22', folder: 'D:\ArmKeil\Keil_v5\ARM\ARMCLANG\Bin'
Rebuild Project 'IOTKit_CM33_ns' - Target 'V2M-MPS2+'
compiling system_IOTKit_CM33.c...
compiling LED_V2M-MPS2.c...
compiling startup_IOTKit_CM33.c...
compiling main_ns.c...
linking...
Program Size: Code=772 RO-data=1056 RW-data=32 ZI-data=4100  
".\Objects\IOTKit_CM33_ns.axf" - 0 Error(s), 0 Warning(s).

<h2>Software Packages used:</h2>

Package Vendor: ARM
                https://www.keil.com/pack/ARM.CMSIS.6.1.0.pack
                ARM::CMSIS@6.1.0
                CMSIS (Common Microcontroller Software Interface Standard)
   * Component: CORE Version: 6.1.0

Package Vendor: Keil
                https://www.keil.com/pack/Keil.MDK-Middleware.7.17.0.pack
                Keil::MDK-Middleware@7.17.0
                Middleware for Keil MDK-Professional and MDK-Plus
   * Component: LED Version: 1.0.0

Package Vendor: Keil
                https://www.keil.com/pack/Keil.V2M-MPS2_IOTKit_BSP.1.5.2.pack
                Keil::V2M-MPS2_IOTKit_BSP@1.5.2
                ARM V2M-MPS2 Device Family Pack for IOT-Kit devices
   * Component: LED Version: 2.0.0
   * Component: Startup Variant: C Startup Version: 1.2.0

<h2>Collection of Component include folders:</h2>
  ./RTE/Device/IOTKit_CM33_FP
  ./RTE/_V2M-MPS2_
  D:/ArmKeil/Arm/Packs/ARM/CMSIS/6.1.0/CMSIS/Core/Include
  D:/ArmKeil/Arm/Packs/Keil/MDK-Middleware/7.17.0/Board
  D:/ArmKeil/Arm/Packs/Keil/V2M-MPS2_IOTKit_BSP/1.5.2/Device/Common/Include
  D:/ArmKeil/Arm/Packs/Keil/V2M-MPS2_IOTKit_BSP/1.5.2/Device/IOTKit_CM33/Include

<h2>Collection of Component Files used:</h2>

   * Component: ::Board Support:LED(API)@1.0.0
      Include file:  Board/Board_LED.h

   * Component: ARM::CMSIS:CORE@6.1.0
      Include file:  CMSIS/Core/Include/tz_context.h

   * Component: Keil::Board Support&V2M-MPS2 IOT-Kit:LED@2.0.0
      Source file:   Boards/ARM/V2M-MPS2/Common/LED_V2M-MPS2.c

   * Component: Keil::Device:Startup&C Startup@1.2.0
      Source file:   Device/IOTKit_CM33/Source/startup_IOTKit_CM33.c
      Source file:   Device/IOTKit_CM33/Source/system_IOTKit_CM33.c
      Include file:  CMSIS/Config/RTE_Device.h
      Include file:  Device/Common/Include/SMM_MPS2.h
      Include file:  Device/IOTKit_CM33/Include/Template/partition_IOTKit_CM33.h
Build Time Elapsed:  00:00:01
</pre>
</body>
</html>
