Component: Arm Compiler for Embedded 6.22 Tool: armlink [5ee90200]

==============================================================================

Section Cross References

    main_s.o(.text.SysTick_Handler) refers to main_s.o(.bss.SysTick_Handler.ticks) for SysTick_Handler.ticks
    main_s.o(.text.SysTick_Handler) refers to main_s.o(.rodata.str1.1) for .L.str
    main_s.o(.text.SysTick_Handler) refers to printf.o(.text) for printf
    main_s.o(.ARM.exidx.text.SysTick_Handler) refers to main_s.o(.text.SysTick_Handler) for [Anonymous Symbol]
    main_s.o(.text.main) refers to main_s.o(.text.SCB_GetFPUType) for SCB_GetFPUType
    main_s.o(.text.main) refers to main_s.o(.bss.x) for x
    main_s.o(.text.main) refers to system_iotkit_cm33.o(.text.SystemCoreClockUpdate) for SystemCoreClockUpdate
    main_s.o(.text.main) refers to stdout_usart.o(.text.stdout_init) for stdout_init
    main_s.o(.text.main) refers to system_iotkit_cm33.o(.data.SystemCoreClock) for SystemCoreClock
    main_s.o(.text.main) refers to main_s.o(.text.SysTick_Config) for SysTick_Config
    main_s.o(.ARM.exidx.text.main) refers to main_s.o(.text.main) for [Anonymous Symbol]
    main_s.o(.ARM.exidx.text.SCB_GetFPUType) refers to main_s.o(.text.SCB_GetFPUType) for [Anonymous Symbol]
    main_s.o(.text.SysTick_Config) refers to main_s.o(.text.__NVIC_SetPriority) for __NVIC_SetPriority
    main_s.o(.ARM.exidx.text.SysTick_Config) refers to main_s.o(.text.SysTick_Config) for [Anonymous Symbol]
    main_s.o(.ARM.exidx.text.__NVIC_SetPriority) refers to main_s.o(.text.__NVIC_SetPriority) for [Anonymous Symbol]
    stdout_usart.o(.text.stdout_init) refers to usart_v2m-mps2.o(.rodata.Driver_USART0) for Driver_USART0
    stdout_usart.o(.ARM.exidx.text.stdout_init) refers to stdout_usart.o(.text.stdout_init) for [Anonymous Symbol]
    stdout_usart.o(.text.stdout_putchar) refers to usart_v2m-mps2.o(.rodata.Driver_USART0) for Driver_USART0
    stdout_usart.o(.ARM.exidx.text.stdout_putchar) refers to stdout_usart.o(.text.stdout_putchar) for [Anonymous Symbol]
    stdout_usart.o(.text.stdout_putbuffer) refers to stdout_usart.o(.text.stdout_putchar) for stdout_putchar
    stdout_usart.o(.text.stdout_putbuffer) refers to usart_v2m-mps2.o(.rodata.Driver_USART0) for Driver_USART0
    stdout_usart.o(.ARM.exidx.text.stdout_putbuffer) refers to stdout_usart.o(.text.stdout_putbuffer) for [Anonymous Symbol]
    mtb.o(.text.mtb_setup_DWT) refers to mtb.o(.data.CoreDebug_) for CoreDebug_
    mtb.o(.text.mtb_setup_DWT) refers to mtb.o(.data.ITM_) for ITM_
    mtb.o(.text.mtb_setup_DWT) refers to mtb.o(.data.DWT_) for DWT_
    mtb.o(.text.mtb_setup_DWT) refers to mtb.o(.rodata.str1.1) for .L.str
    mtb.o(.text.mtb_setup_DWT) refers to printf.o(.text) for printf
    mtb.o(.ARM.exidx.text.mtb_setup_DWT) refers to mtb.o(.text.mtb_setup_DWT) for [Anonymous Symbol]
    mtb.o(.text.mtb_cleanMTB) refers to mtb.o(.data.mtb) for mtb
    mtb.o(.ARM.exidx.text.mtb_cleanMTB) refers to mtb.o(.text.mtb_cleanMTB) for [Anonymous Symbol]
    mtb.o(.text.vMTB_sendBuffer) refers to mtb.o(.rodata.str1.1) for .L.str.2
    mtb.o(.text.vMTB_sendBuffer) refers to printf.o(.text) for printf
    mtb.o(.text.vMTB_sendBuffer) refers to mtb.o(.data.mtb) for mtb
    mtb.o(.text.vMTB_sendBuffer) refers to mtb.o(.bss.log_counter) for log_counter
    mtb.o(.ARM.exidx.text.vMTB_sendBuffer) refers to mtb.o(.text.vMTB_sendBuffer) for [Anonymous Symbol]
    mtb.o(.text.mtb_debugMonitorHandler) refers to mtb.o(.rodata.str1.1) for .L.str.7
    mtb.o(.text.mtb_debugMonitorHandler) refers to printf.o(.text) for printf
    mtb.o(.text.mtb_debugMonitorHandler) refers to mtb.o(.data.mtb) for mtb
    mtb.o(.text.mtb_debugMonitorHandler) refers to mtb.o(.text.vMTB_sendBuffer) for vMTB_sendBuffer
    mtb.o(.ARM.exidx.text.mtb_debugMonitorHandler) refers to mtb.o(.text.mtb_debugMonitorHandler) for [Anonymous Symbol]
    mtb.o(.ARM.exidx.text.mtb_debugMonitorHandlerEmpty) refers to mtb.o(.text.mtb_debugMonitorHandlerEmpty) for [Anonymous Symbol]
    mtb.o(.text.mtb_remove_debugMonitor) refers to mtb.o(.data.SCB_) for SCB_
    mtb.o(.text.mtb_remove_debugMonitor) refers to mtb.o(.text.mtb_debugMonitorHandlerEmpty) for mtb_debugMonitorHandlerEmpty
    mtb.o(.ARM.exidx.text.mtb_remove_debugMonitor) refers to mtb.o(.text.mtb_remove_debugMonitor) for [Anonymous Symbol]
    mtb.o(.text.pendsv_handler) refers to mtb.o(.rodata.str1.1) for .L.str.8
    mtb.o(.text.pendsv_handler) refers to printf.o(.text) for printf
    mtb.o(.text.pendsv_handler) refers to mtb.o(.text.vMTB_sendBuffer) for vMTB_sendBuffer
    mtb.o(.ARM.exidx.text.pendsv_handler) refers to mtb.o(.text.pendsv_handler) for [Anonymous Symbol]
    mtb.o(.text.hardfault_handler) refers to mtb.o(.rodata.str1.1) for .L.str.9
    mtb.o(.text.hardfault_handler) refers to printf.o(.text) for printf
    mtb.o(.text.hardfault_handler) refers to mtb.o(.text.vMTB_sendBuffer) for vMTB_sendBuffer
[...]
    .bss                                     0x380000dc   Section       84  stdio_streams.o(.bss)
    .bss                                     0x38000130   Section       96  libspace.o(.bss)
    SysTick_Handler.ticks                    0x38000194   Data           4  main_s.o(.bss.SysTick_Handler.ticks)
    [Anonymous Symbol]                       0x38000194   Section        0  main_s.o(.bss.SysTick_Handler.ticks)
    USART0_Info                              0x38000198   Data           8  usart_v2m-mps2.o(.bss.USART0_Info)
    [Anonymous Symbol]                       0x38000198   Section        0  usart_v2m-mps2.o(.bss.USART0_Info)
    USART0_TransferInfo                      0x380001a0   Data          24  usart_v2m-mps2.o(.bss.USART0_TransferInfo)
    [Anonymous Symbol]                       0x380001a0   Section        0  usart_v2m-mps2.o(.bss.USART0_TransferInfo)
    x                                        0x38000a2c   Data           4  main_s.o(.bss.x)
    [Anonymous Symbol]                       0x38000a2c   Section        0  main_s.o(.bss.x)

    Global Symbols

    Symbol Name                              Value     Ov Type        Size  Object(Section)

    BuildAttributes$$THM_ISAv4$E$P$D$K$B$S$7EM$8M$VFPi5$EXTD16$VFPS$VFMA$PE$A:L22UL41UL21$X:L11$S22US41US21$IEEE1$IW$USESV6$~STKCKD$USESV7$~SHL$OTIME$ROPI$IEEEJ$UX$STANDARDLIB$REQ8$PRES8$EABIv2 0x00000000   Number         0  anon$$obj.o ABSOLUTE
    _printf_flags                            0x00000000   Number         0  printf_stubs.o ABSOLUTE
    _printf_return_value                     0x00000000   Number         0  printf_stubs.o ABSOLUTE
    _printf_sizespec                         0x00000000   Number         0  printf_stubs.o ABSOLUTE
    _printf_widthprec                        0x00000000   Number         0  printf_stubs.o ABSOLUTE
    Image$$ZI$$Limit                          - Undefined Weak Reference
    __ARM_exceptions_init                     - Undefined Weak Reference
    __alloca_initialize                       - Undefined Weak Reference
    __arm_preinit_                            - Undefined Weak Reference
    __arm_relocate_pie_                       - Undefined Weak Reference
    __cpp_initialize__aeabi_                  - Undefined Weak Reference
    __cxa_finalize                            - Undefined Weak Reference
    __sigvec_lookup                           - Undefined Weak Reference
    __user_heap_extent                        - Undefined Weak Reference
    _atexit_init                              - Undefined Weak Reference
    _call_atexit_fns                          - Undefined Weak Reference
    _clock_init                               - Undefined Weak Reference
    _fp_trap_init                             - Undefined Weak Reference
    _fp_trap_shutdown                         - Undefined Weak Reference
    _get_lc_collate                           - Undefined Weak Reference
    _get_lc_monetary                          - Undefined Weak Reference
    _get_lc_time                              - Undefined Weak Reference
    _getenv_init                              - Undefined Weak Reference
    _handle_redirection                       - Undefined Weak Reference
    _mutex_acquire                            - Undefined Weak Reference
    _mutex_free                               - Undefined Weak Reference
    _mutex_release                            - Undefined Weak Reference
    _printf_mbtowc                            - Undefined Weak Reference
    _printf_wc                                - Undefined Weak Reference
    _rand_init                                - Undefined Weak Reference
    _signal_finish                            - Undefined Weak Reference
    _signal_init                              - Undefined Weak Reference
    __Vectors                                0x10000000   Data        1024  startup_iotkit_cm33.o(RESET)
    __main                                   0x10000401   Thumb Code     8  __main.o(!!!main)
    __scatterload                            0x10000409   Thumb Code     0  __scatter.o(!!!scatter)
    __scatterload_rt2                        0x10000409   Thumb Code    84  __scatter.o(!!!scatter)
    __scatterload_rt2_thumb_only             0x10000409   Thumb Code     0  __scatter.o(!!!scatter)
    __scatterload_loop                       0x10000413   Thumb Code     0  __scatter.o(!!!scatter)
    __scatterload_copy                       0x10000465   Thumb Code    26  __scatter_copy.o(!!handler_copy)
    __scatterload_null                       0x10000481   Thumb Code     2  __scatter.o(!!handler_null)
    __scatterload_zeroinit                   0x10000485   Thumb Code    28  __scatter_zi.o(!!handler_zi)
    _printf_n                                0x100004a1   Thumb Code     0  _printf_n.o(.ARM.Collect$$_printf_percent$$00000001)
    _printf_percent                          0x100004a1   Thumb Code     0  _printf_percent.o(.ARM.Collect$$_printf_percent$$00000000)
    _printf_p                                0x100004a7   Thumb Code     0  _printf_p.o(.ARM.Collect$$_printf_percent$$00000002)
    _printf_f                                0x100004ad   Thumb Code     0  _printf_f.o(.ARM.Collect$$_printf_percent$$00000003)
    _printf_e                                0x100004b3   Thumb Code     0  _printf_e.o(.ARM.Collect$$_printf_percent$$00000004)
    _printf_g                                0x100004b9   Thumb Code     0  _printf_g.o(.ARM.Collect$$_printf_percent$$00000005)
    _printf_a                                0x100004bf   Thumb Code     0  _printf_a.o(.ARM.Collect$$_printf_percent$$00000006)
    _printf_ll                               0x100004c5   Thumb Code     0  _printf_ll.o(.ARM.Collect$$_printf_percent$$00000007)
    _printf_i                                0x100004cf   Thumb Code     0  _printf_i.o(.ARM.Collect$$_printf_percent$$00000008)
    _printf_d                                0x100004d5   Thumb Code     0  _printf_d.o(.ARM.Collect$$_printf_percent$$00000009)
    _printf_u                                0x100004db   Thumb Code     0  _printf_u.o(.ARM.Collect$$_printf_percent$$0000000A)
    _printf_o                                0x100004e1   Thumb Code     0  _printf_o.o(.ARM.Collect$$_printf_percent$$0000000B)
    _printf_x                                0x100004e7   Thumb Code     0  _printf_x.o(.ARM.Collect$$_printf_percent$$0000000C)
    _printf_lli                              0x100004ed   Thumb Code     0  _printf_lli.o(.ARM.Collect$$_printf_percent$$0000000D)
    _printf_lld                              0x100004f3   Thumb Code     0  _printf_lld.o(.ARM.Collect$$_printf_percent$$0000000E)
    _printf_llu                              0x100004f9   Thumb Code     0  _printf_llu.o(.ARM.Collect$$_printf_percent$$0000000F)
    _printf_llo                              0x100004ff   Thumb Code     0  _printf_llo.o(.ARM.Collect$$_printf_percent$$00000010)
    _printf_llx                              0x10000505   Thumb Code     0  _printf_llx.o(.ARM.Collect$$_printf_percent$$00000011)
    _printf_l                                0x1000050b   Thumb Code     0  _printf_l.o(.ARM.Collect$$_printf_percent$$00000012)
    _printf_c                                0x10000515   Thumb Code     0  _printf_c.o(.ARM.Collect$$_printf_percent$$00000013)
    _printf_s                                0x1000051b   Thumb Code     0  _printf_s.o(.ARM.Collect$$_printf_percent$$00000014)
    _printf_lc                               0x10000521   Thumb Code     0  _printf_lc.o(.ARM.Collect$$_printf_percent$$00000015)
    _printf_ls                               0x10000527   Thumb Code     0  _printf_ls.o(.ARM.Collect$$_printf_percent$$00000016)
    _printf_percent_end                      0x1000052d   Thumb Code     0  _printf_percent_end.o(.ARM.Collect$$_printf_percent$$00000017)
    __rt_lib_init                            0x10000531   Thumb Code     0  libinit.o(.ARM.Collect$$libinit$$00000000)
    __rt_lib_init_fp_1                       0x10000533   Thumb Code     0  libinit2.o(.ARM.Collect$$libinit$$00000001)
    __rt_lib_init_heap_2                     0x10000537   Thumb Code     0  libinit5.o(.ARM.Collect$$libinit$$0000000A)
    __rt_lib_init_preinit_1                  0x10000537   Thumb Code     0  libinit2.o(.ARM.Collect$$libinit$$00000006)
    __rt_lib_init_relocate_pie_1             0x10000537   Thumb Code     0  libinit2.o(.ARM.Collect$$libinit$$00000004)
    __rt_lib_init_heap_1                     0x1000053f   Thumb Code     0  libinit2.o(.ARM.Collect$$libinit$$0000000C)
    __rt_lib_init_lc_common                  0x1000053f   Thumb Code     0  libinit2.o(.ARM.Collect$$libinit$$00000011)
    __rt_lib_init_rand_1                     0x1000053f   Thumb Code     0  libinit2.o(.ARM.Collect$$libinit$$00000010)
    __rt_lib_init_user_alloc_1               0x1000053f   Thumb Code     0  libinit2.o(.ARM.Collect$$libinit$$0000000E)
    __rt_lib_init_lc_collate_1               0x10000545   Thumb Code     0  libinit2.o(.ARM.Collect$$libinit$$00000013)
    __rt_lib_init_lc_ctype_2                 0x10000545   Thumb Code     0  libinit2.o(.ARM.Collect$$libinit$$00000014)
    __rt_lib_init_lc_ctype_1                 0x10000551   Thumb Code     0  libinit2.o(.ARM.Collect$$libinit$$00000015)
    __rt_lib_init_lc_monetary_1              0x10000551   Thumb Code     0  libinit2.o(.ARM.Collect$$libinit$$00000017)
    __rt_lib_init_lc_numeric_2               0x10000551   Thumb Code     0  libinit2.o(.ARM.Collect$$libinit$$00000018)
    __rt_lib_init_atexit_1                   0x1000055b   Thumb Code     0  libinit2.o(.ARM.Collect$$libinit$$0000001D)
    __rt_lib_init_clock_1                    0x1000055b   Thumb Code     0  libinit2.o(.ARM.Collect$$libinit$$00000023)
    __rt_lib_init_fp_trap_1                  0x1000055b   Thumb Code     0  libinit2.o(.ARM.Collect$$libinit$$00000021)
    __rt_lib_init_getenv_1                   0x1000055b   Thumb Code     0  libinit2.o(.ARM.Collect$$libinit$$00000025)
    __rt_lib_init_lc_numeric_1               0x1000055b   Thumb Code     0  libinit2.o(.ARM.Collect$$libinit$$00000019)
    __rt_lib_init_lc_time_1                  0x1000055b   Thumb Code     0  libinit2.o(.ARM.Collect$$libinit$$0000001B)
    __rt_lib_init_signal_1                   0x1000055b   Thumb Code     0  libinit2.o(.ARM.Collect$$libinit$$0000001F)
    __rt_lib_init_stdio_2                    0x1000055b   Thumb Code     0  libinit2.o(.ARM.Collect$$libinit$$00000026)
    __rt_lib_init_alloca_1                   0x1000055f   Thumb Code     0  libinit2.o(.ARM.Collect$$libinit$$00000030)
    __rt_lib_init_argv_1                     0x1000055f   Thumb Code     0  libinit2.o(.ARM.Collect$$libinit$$0000002E)
    __rt_lib_init_cpp_1                      0x1000055f   Thumb Code     0  libinit2.o(.ARM.Collect$$libinit$$00000034)
    __rt_lib_init_exceptions_1               0x1000055f   Thumb Code     0  libinit2.o(.ARM.Collect$$libinit$$00000032)
    __rt_lib_init_return                     0x1000055f   Thumb Code     0  libinit2.o(.ARM.Collect$$libinit$$00000035)
    __rt_lib_init_stdio_1                    0x1000055f   Thumb Code     0  libinit2.o(.ARM.Collect$$libinit$$00000027)
    __rt_lib_shutdown                        0x10000569   Thumb Code     0  libshutdown.o(.ARM.Collect$$libshutdown$$00000000)
    __rt_lib_shutdown_cpp_1                  0x1000056b   Thumb Code     0  libshutdown2.o(.ARM.Collect$$libshutdown$$00000002)
    __rt_lib_shutdown_stdio_2                0x1000056b   Thumb Code     0  libshutdown2.o(.ARM.Collect$$libshutdown$$00000003)
    __rt_lib_shutdown_fp_trap_1              0x1000056f   Thumb Code     0  libshutdown2.o(.ARM.Collect$$libshutdown$$00000007)
    __rt_lib_shutdown_heap_1                 0x1000056f   Thumb Code     0  libshutdown2.o(.ARM.Collect$$libshutdown$$0000000F)
    __rt_lib_shutdown_return                 0x1000056f   Thumb Code     0  libshutdown2.o(.ARM.Collect$$libshutdown$$00000010)
    __rt_lib_shutdown_signal_1               0x1000056f   Thumb Code     0  libshutdown2.o(.ARM.Collect$$libshutdown$$0000000A)
    __rt_lib_shutdown_stdio_1                0x1000056f   Thumb Code     0  libshutdown2.o(.ARM.Collect$$libshutdown$$00000004)
    __rt_lib_shutdown_user_alloc_1           0x1000056f   Thumb Code     0  libshutdown2.o(.ARM.Collect$$libshutdown$$0000000C)
    __rt_entry                               0x10000571   Thumb Code     0  __rtentry.o(.ARM.Collect$$rtentry$$00000000)
    __rt_entry_presh_1                       0x10000571   Thumb Code     0  __rtentry2.o(.ARM.Collect$$rtentry$$00000002)
    __rt_entry_sh                            0x10000571   Thumb Code     0  __rtentry7.o(.ARM.Collect$$rtentry$$00000007)
    __rt_entry_li                            0x10000575   Thumb Code     0  __rtentry2.o(.ARM.Collect$$rtentry$$0000000A)
    __rt_entry_postsh_1                      0x10000575   Thumb Code     0  __rtentry2.o(.ARM.Collect$$rtentry$$00000009)
    __rt_entry_main                          0x10000579   Thumb Code     0  __rtentry2.o(.ARM.Collect$$rtentry$$0000000D)
    __rt_entry_postli_1                      0x10000579   Thumb Code     0  __rtentry2.o(.ARM.Collect$$rtentry$$0000000C)
    __rt_exit                                0x10000585   Thumb Code     0  rtexit.o(.ARM.Collect$$rtexit$$00000000)
    __rt_exit_ls                             0x10000587   Thumb Code     0  rtexit2.o(.ARM.Collect$$rtexit$$00000003)
    __rt_exit_prels_1                        0x10000587   Thumb Code     0  rtexit2.o(.ARM.Collect$$rtexit$$00000002)
    __rt_exit_exit                           0x1000058b   Thumb Code     0  rtexit2.o(.ARM.Collect$$rtexit$$00000004)
    printf                                   0x10000591   Thumb Code    20  printf.o(.text)
    memcmp                                   0x100005a9   Thumb Code    88  memcmp.o(.text)
    __aeabi_memclr4                          0x10000601   Thumb Code     0  rt_memclr_w.o(.text)
    __aeabi_memclr8                          0x10000601   Thumb Code     0  rt_memclr_w.o(.text)
    __rt_memclr_w                            0x10000601   Thumb Code     0  rt_memclr_w.o(.text)
    _memset_w                                0x10000605   Thumb Code    74  rt_memclr_w.o(.text)
    strcmp                                   0x10000651   Thumb Code   124  strcmpv8m_maindsp.o(.text)
    _printf_pre_padding                      0x100006cd   Thumb Code    44  _printf_pad.o(.text)
    _printf_post_padding                     0x100006f9   Thumb Code    34  _printf_pad.o(.text)
    _printf_truncate_signed                  0x1000071b   Thumb Code    18  _printf_truncate.o(.text)
    _printf_truncate_unsigned                0x1000072d   Thumb Code    18  _printf_truncate.o(.text)
    _printf_str                              0x1000073f   Thumb Code    82  _printf_str.o(.text)
    _printf_int_dec                          0x10000791   Thumb Code   104  _printf_dec.o(.text)
    _printf_charcount                        0x10000809   Thumb Code    40  _printf_charcount.o(.text)
    _printf_char_file                        0x10000831   Thumb Code    32  _printf_char_file.o(.text)
    _printf_wctomb                           0x10000855   Thumb Code   182  _printf_wctomb.o(.text)
    _printf_longlong_dec                     0x10000911   Thumb Code   108  _printf_longlong_dec.o(.text)
    _printf_longlong_oct                     0x1000098d   Thumb Code    68  _printf_oct_int_ll.o(.text)
    _printf_int_oct                          0x100009d1   Thumb Code    24  _printf_oct_int_ll.o(.text)
    _printf_ll_oct                           0x100009e9   Thumb Code    12  _printf_oct_int_ll.o(.text)
    _printf_longlong_hex                     0x100009fd   Thumb Code    86  _printf_hex_int_ll_ptr.o(.text)
    _printf_int_hex                          0x10000a53   Thumb Code    28  _printf_hex_int_ll_ptr.o(.text)
    _printf_ll_hex                           0x10000a6f   Thumb Code    12  _printf_hex_int_ll_ptr.o(.text)
    _printf_hex_ptr                          0x10000a7b   Thumb Code    18  _printf_hex_int_ll_ptr.o(.text)
    __printf                                 0x10000a91   Thumb Code   388  __printf_flags_ss_wp.o(.text)
    _ll_udiv10                               0x10000c19   Thumb Code   138  lludiv10.o(.text)
    _printf_int_common                       0x10000ca3   Thumb Code   178  _printf_intcommon.o(.text)
    _printf_fp_dec_real                      0x10000f05   Thumb Code   620  _printf_fp_dec.o(.text)
    _printf_fp_hex_real                      0x10001171   Thumb Code   756  _printf_fp_hex.o(.text)
    _printf_char_common                      0x10001477   Thumb Code    32  _printf_char_common.o(.text)
    _printf_cs_common                        0x1000149d   Thumb Code    20  _printf_char.o(.text)
    _printf_char                             0x100014b1   Thumb Code    16  _printf_char.o(.text)
    _printf_string                           0x100014c1   Thumb Code     8  _printf_char.o(.text)
    _printf_lcs_common                       0x100014c9   Thumb Code    20  _printf_wchar.o(.text)
    _printf_wchar                            0x100014dd   Thumb Code    16  _printf_wchar.o(.text)
    _printf_wstring                          0x100014ed   Thumb Code     8  _printf_wchar.o(.text)
    ferror                                   0x100014f5   Thumb Code     8  ferror.o(.text)
    _initio                                  0x100014fd   Thumb Code   210  initio.o(.text)
    _terminateio                             0x100015cf   Thumb Code    56  initio.o(.text)
    _c16rtomb                                0x10001635   Thumb Code    72  _c16rtomb.o(.text)
    _wcrtomb                                 0x10001635   Thumb Code     0  _c16rtomb.o(.text)
    __rt_ctype_table                         0x1000167d   Thumb Code    16  rt_ctype_table.o(.text)
    __rt_locale                              0x1000168d   Thumb Code     8  rt_locale_intlibspace.o(.text)
    free                                     0x10001695   Thumb Code    78  h1_free.o(.text)
    _printf_fp_infnan                        0x100016e5   Thumb Code   112  _printf_fp_infnan.o(.text)
    _btod_etento                             0x10001765   Thumb Code   224  bigflt0.o(.text)
    __flsbuf                                 0x10001849   Thumb Code   482  flsbuf.o(.text)
    __flsbuf_byte                            0x10001849   Thumb Code     0  flsbuf.o(.text)
    __flsbuf_wide                            0x10001849   Thumb Code     0  flsbuf.o(.text)
    setvbuf                                  0x10001a2b   Thumb Code    70  setvbuf.o(.text)
    freopen                                  0x10001a71   Thumb Code   160  fopen.o(.text)
    fopen                                    0x10001b11   Thumb Code    74  fopen.o(.text)
    _fclose_internal                         0x10001b61   Thumb Code    76  fclose.o(.text)
    fclose                                   0x10001b61   Thumb Code     0  fclose.o(.text)
    exit                                     0x10001bad   Thumb Code    18  exit.o(.text)
    __rt_SIGRTRED                            0x10001bbf   Thumb Code    14  defsig_rtred_outer.o(.text)
    __rt_heap_descriptor                     0x10001bcd   Thumb Code     8  rt_heap_descriptor_intlibspace.o(.text)
    __use_no_heap                            0x10001bd5   Thumb Code     2  hguard.o(.text)
    __heap$guard                             0x10001bd7   Thumb Code     2  hguard.o(.text)
    _terminate_user_alloc                    0x10001bd9   Thumb Code     2  init_alloc.o(.text)
    _init_user_alloc                         0x10001bdb   Thumb Code     2  init_alloc.o(.text)
    __Heap_Full                              0x10001bdd   Thumb Code    34  init_alloc.o(.text)
    __Heap_Broken                            0x10001bff   Thumb Code     6  init_alloc.o(.text)
    _init_alloc                              0x10001c05   Thumb Code    94  init_alloc.o(.text)
    malloc                                   0x10001c63   Thumb Code    94  h1_alloc.o(.text)
    _fseek                                   0x10001cc1   Thumb Code   242  fseek.o(.text)
    fseek                                    0x10001cc1   Thumb Code     0  fseek.o(.text)
    _seterr                                  0x10001db9   Thumb Code    20  stdio.o(.text)
    _writebuf                                0x10001dcd   Thumb Code   108  stdio.o(.text)
    _fflush                                  0x10001e39   Thumb Code    70  stdio.o(.text)
    _deferredlazyseek                        0x10001e7f   Thumb Code    60  stdio.o(.text)
    __sig_exit                               0x10001ec1   Thumb Code    10  defsig_exit.o(.text)
    __rt_SIGRTRED_inner                      0x10001ecd   Thumb Code    14  defsig_rtred_inner.o(.text)
    _sys_exit                                0x10001f01   Thumb Code     8  sys_exit.o(.text)
    __I$use$semihosting                      0x10001f0d   Thumb Code     0  use_no_semi.o(.text)
    __use_no_semihosting_swi                 0x10001f0d   Thumb Code     2  use_no_semi.o(.text)
    __Heap_Initialize                        0x10001f0f   Thumb Code     8  h1_init.o(.text)
    __semihosting_library_function           0x10001f0f   Thumb Code     0  indicate_semi.o(.text)
    _maybe_terminate_alloc                   0x10001f0f   Thumb Code     0  maybetermalloc1.o(.text)
    __Heap_DescSize                          0x10001f17   Thumb Code     4  h1_init.o(.text)
    __Heap_ProvideMemory                     0x10001f1b   Thumb Code    52  h1_extend.o(.text)
    _ftell_internal                          0x10001f4f   Thumb Code    66  ftell.o(.text)
    ftell                                    0x10001f4f   Thumb Code     0  ftell.o(.text)
    __default_signal_display                 0x10001f91   Thumb Code    50  defsig_general.o(.text)
    __rt_SIGRTMEM                            0x10001fc3   Thumb Code    14  defsig_rtmem_outer.o(.text)
    _ttywrch                                 0x10001fd1   Thumb Code    14  sys_wrch.o(.text)
    __aeabi_errno_addr                       0x10001fe1   Thumb Code     8  rt_errno_addr_intlibspace.o(.text)
    __errno$intlibspace                      0x10001fe1   Thumb Code     0  rt_errno_addr_intlibspace.o(.text)
    __rt_errno_addr$intlibspace              0x10001fe1   Thumb Code     0  rt_errno_addr_intlibspace.o(.text)
    __rt_SIGRTMEM_inner                      0x10001fe9   Thumb Code    22  defsig_rtmem_inner.o(.text)
    BRIDGE_ERROR_Handler                     0x10002039   Thumb Code    18  startup_iotkit_cm33.o(.text.Default_Handler)
    BusFault_Handler                         0x10002039   Thumb Code    18  startup_iotkit_cm33.o(.text.Default_Handler)
    DMA0_ERROR_Handler                       0x10002039   Thumb Code    18  startup_iotkit_cm33.o(.text.Default_Handler)
    DMA0_Handler                             0x10002039   Thumb Code    18  startup_iotkit_cm33.o(.text.Default_Handler)
    DMA0_TC_Handler                          0x10002039   Thumb Code    18  startup_iotkit_cm33.o(.text.Default_Handler)
    DMA1_ERROR_Handler                       0x10002039   Thumb Code    18  startup_iotkit_cm33.o(.text.Default_Handler)
    DMA1_Handler                             0x10002039   Thumb Code    18  startup_iotkit_cm33.o(.text.Default_Handler)
    DMA1_TC_Handler                          0x10002039   Thumb Code    18  startup_iotkit_cm33.o(.text.Default_Handler)
    DMA2_ERROR_Handler                       0x10002039   Thumb Code    18  startup_iotkit_cm33.o(.text.Default_Handler)
    DMA2_Handler                             0x10002039   Thumb Code    18  startup_iotkit_cm33.o(.text.Default_Handler)
    DMA2_TC_Handler                          0x10002039   Thumb Code    18  startup_iotkit_cm33.o(.text.Default_Handler)
    DMA3_ERROR_Handler                       0x10002039   Thumb Code    18  startup_iotkit_cm33.o(.text.Default_Handler)
    DMA3_Handler                             0x10002039   Thumb Code    18  startup_iotkit_cm33.o(.text.Default_Handler)
    DMA3_TC_Handler                          0x10002039   Thumb Code    18  startup_iotkit_cm33.o(.text.Default_Handler)
    DUALTIMER_Handler                        0x10002039   Thumb Code    18  startup_iotkit_cm33.o(.text.Default_Handler)
    DebugMon_Handler                         0x10002039   Thumb Code    18  startup_iotkit_cm33.o(.text.Default_Handler)
    Default_Handler                          0x10002039   Thumb Code    18  startup_iotkit_cm33.o(.text.Default_Handler)
    ETHERNET_Handler                         0x10002039   Thumb Code    18  startup_iotkit_cm33.o(.text.Default_Handler)
    GPIO0_0_Handler                          0x10002039   Thumb Code    18  startup_iotkit_cm33.o(.text.Default_Handler)
    GPIO0_10_Handler                         0x10002039   Thumb Code    18  startup_iotkit_cm33.o(.text.Default_Handler)
    GPIO0_11_Handler                         0x10002039   Thumb Code    18  startup_iotkit_cm33.o(.text.Default_Handler)
    GPIO0_12_Handler                         0x10002039   Thumb Code    18  startup_iotkit_cm33.o(.text.Default_Handler)
    GPIO0_13_Handler                         0x10002039   Thumb Code    18  startup_iotkit_cm33.o(.text.Default_Handler)
    GPIO0_14_Handler                         0x10002039   Thumb Code    18  startup_iotkit_cm33.o(.text.Default_Handler)
    GPIO0_15_Handler                         0x10002039   Thumb Code    18  startup_iotkit_cm33.o(.text.Default_Handler)
    GPIO0_1_Handler                          0x10002039   Thumb Code    18  startup_iotkit_cm33.o(.text.Default_Handler)
    GPIO0_2_Handler                          0x10002039   Thumb Code    18  startup_iotkit_cm33.o(.text.Default_Handler)
    GPIO0_3_Handler                          0x10002039   Thumb Code    18  startup_iotkit_cm33.o(.text.Default_Handler)
    GPIO0_4_Handler                          0x10002039   Thumb Code    18  startup_iotkit_cm33.o(.text.Default_Handler)
    GPIO0_5_Handler                          0x10002039   Thumb Code    18  startup_iotkit_cm33.o(.text.Default_Handler)
    GPIO0_6_Handler                          0x10002039   Thumb Code    18  startup_iotkit_cm33.o(.text.Default_Handler)
    GPIO0_7_Handler                          0x10002039   Thumb Code    18  startup_iotkit_cm33.o(.text.Default_Handler)
    GPIO0_8_Handler                          0x10002039   Thumb Code    18  startup_iotkit_cm33.o(.text.Default_Handler)
    GPIO0_9_Handler                          0x10002039   Thumb Code    18  startup_iotkit_cm33.o(.text.Default_Handler)
    GPIO0_Handler                            0x10002039   Thumb Code    18  startup_iotkit_cm33.o(.text.Default_Handler)
    GPIO1_0_Handler                          0x10002039   Thumb Code    18  startup_iotkit_cm33.o(.text.Default_Handler)
    GPIO1_10_Handler                         0x10002039   Thumb Code    18  startup_iotkit_cm33.o(.text.Default_Handler)
    GPIO1_11_Handler                         0x10002039   Thumb Code    18  startup_iotkit_cm33.o(.text.Default_Handler)
    GPIO1_12_Handler                         0x10002039   Thumb Code    18  startup_iotkit_cm33.o(.text.Default_Handler)
    GPIO1_13_Handler                         0x10002039   Thumb Code    18  startup_iotkit_cm33.o(.text.Default_Handler)
    GPIO1_14_Handler                         0x10002039   Thumb Code    18  startup_iotkit_cm33.o(.text.Default_Handler)
    GPIO1_15_Handler                         0x10002039   Thumb Code    18  startup_iotkit_cm33.o(.text.Default_Handler)
    GPIO1_1_Handler                          0x10002039   Thumb Code    18  startup_iotkit_cm33.o(.text.Default_Handler)
    GPIO1_2_Handler                          0x10002039   Thumb Code    18  startup_iotkit_cm33.o(.text.Default_Handler)
    GPIO1_3_Handler                          0x10002039   Thumb Code    18  startup_iotkit_cm33.o(.text.Default_Handler)
    GPIO1_4_Handler                          0x10002039   Thumb Code    18  startup_iotkit_cm33.o(.text.Default_Handler)
    GPIO1_5_Handler                          0x10002039   Thumb Code    18  startup_iotkit_cm33.o(.text.Default_Handler)
    GPIO1_6_Handler                          0x10002039   Thumb Code    18  startup_iotkit_cm33.o(.text.Default_Handler)
    GPIO1_7_Handler                          0x10002039   Thumb Code    18  startup_iotkit_cm33.o(.text.Default_Handler)
    GPIO1_8_Handler                          0x10002039   Thumb Code    18  startup_iotkit_cm33.o(.text.Default_Handler)
    GPIO1_9_Handler                          0x10002039   Thumb Code    18  startup_iotkit_cm33.o(.text.Default_Handler)
    GPIO1_Handler                            0x10002039   Thumb Code    18  startup_iotkit_cm33.o(.text.Default_Handler)
    GPIO2_0_Handler                          0x10002039   Thumb Code    18  startup_iotkit_cm33.o(.text.Default_Handler)
    GPIO2_10_Handler                         0x10002039   Thumb Code    18  startup_iotkit_cm33.o(.text.Default_Handler)
    GPIO2_11_Handler                         0x10002039   Thumb Code    18  startup_iotkit_cm33.o(.text.Default_Handler)
    GPIO2_12_Handler                         0x10002039   Thumb Code    18  startup_iotkit_cm33.o(.text.Default_Handler)
    GPIO2_13_Handler                         0x10002039   Thumb Code    18  startup_iotkit_cm33.o(.text.Default_Handler)
    GPIO2_14_Handler                         0x10002039   Thumb Code    18  startup_iotkit_cm33.o(.text.Default_Handler)
    GPIO2_15_Handler                         0x10002039   Thumb Code    18  startup_iotkit_cm33.o(.text.Default_Handler)
    GPIO2_1_Handler                          0x10002039   Thumb Code    18  startup_iotkit_cm33.o(.text.Default_Handler)
    GPIO2_2_Handler                          0x10002039   Thumb Code    18  startup_iotkit_cm33.o(.text.Default_Handler)
    GPIO2_3_Handler                          0x10002039   Thumb Code    18  startup_iotkit_cm33.o(.text.Default_Handler)
    GPIO2_4_Handler                          0x10002039   Thumb Code    18  startup_iotkit_cm33.o(.text.Default_Handler)
    GPIO2_5_Handler                          0x10002039   Thumb Code    18  startup_iotkit_cm33.o(.text.Default_Handler)
    GPIO2_6_Handler                          0x10002039   Thumb Code    18  startup_iotkit_cm33.o(.text.Default_Handler)
    GPIO2_7_Handler                          0x10002039   Thumb Code    18  startup_iotkit_cm33.o(.text.Default_Handler)
    GPIO2_8_Handler                          0x10002039   Thumb Code    18  startup_iotkit_cm33.o(.text.Default_Handler)
    GPIO2_9_Handler                          0x10002039   Thumb Code    18  startup_iotkit_cm33.o(.text.Default_Handler)
    GPIO2_Handler                            0x10002039   Thumb Code    18  startup_iotkit_cm33.o(.text.Default_Handler)
    GPIO3_0_Handler                          0x10002039   Thumb Code    18  startup_iotkit_cm33.o(.text.Default_Handler)
    GPIO3_1_Handler                          0x10002039   Thumb Code    18  startup_iotkit_cm33.o(.text.Default_Handler)
    GPIO3_2_Handler                          0x10002039   Thumb Code    18  startup_iotkit_cm33.o(.text.Default_Handler)
    GPIO3_3_Handler                          0x10002039   Thumb Code    18  startup_iotkit_cm33.o(.text.Default_Handler)
    GPIO3_Handler                            0x10002039   Thumb Code    18  startup_iotkit_cm33.o(.text.Default_Handler)
    I2S_Handler                              0x10002039   Thumb Code    18  startup_iotkit_cm33.o(.text.Default_Handler)
    MPC_Handler                              0x10002039   Thumb Code    18  startup_iotkit_cm33.o(.text.Default_Handler)
    MSC_Handler                              0x10002039   Thumb Code    18  startup_iotkit_cm33.o(.text.Default_Handler)
    MemManage_Handler                        0x10002039   Thumb Code    18  startup_iotkit_cm33.o(.text.Default_Handler)
    NMI_Handler                              0x10002039   Thumb Code    18  startup_iotkit_cm33.o(.text.Default_Handler)
    NONSEC_WATCHDOG_Handler                  0x10002039   Thumb Code    18  startup_iotkit_cm33.o(.text.Default_Handler)
    NONSEC_WATCHDOG_RESET_Handler            0x10002039   Thumb Code    18  startup_iotkit_cm33.o(.text.Default_Handler)
    PPC_Handler                              0x10002039   Thumb Code    18  startup_iotkit_cm33.o(.text.Default_Handler)
    PendSV_Handler                           0x10002039   Thumb Code    18  startup_iotkit_cm33.o(.text.Default_Handler)
    S32K_TIMER_Handler                       0x10002039   Thumb Code    18  startup_iotkit_cm33.o(.text.Default_Handler)
    SPI0_Handler                             0x10002039   Thumb Code    18  startup_iotkit_cm33.o(.text.Default_Handler)
    SPI1_Handler                             0x10002039   Thumb Code    18  startup_iotkit_cm33.o(.text.Default_Handler)
    SPI2_Handler                             0x10002039   Thumb Code    18  startup_iotkit_cm33.o(.text.Default_Handler)
    SPI3_Handler                             0x10002039   Thumb Code    18  startup_iotkit_cm33.o(.text.Default_Handler)
    SPI4_Handler                             0x10002039   Thumb Code    18  startup_iotkit_cm33.o(.text.Default_Handler)
    SVC_Handler                              0x10002039   Thumb Code    18  startup_iotkit_cm33.o(.text.Default_Handler)
    SecureFault_Handler                      0x10002039   Thumb Code    18  startup_iotkit_cm33.o(.text.Default_Handler)
    TIMER0_Handler                           0x10002039   Thumb Code    18  startup_iotkit_cm33.o(.text.Default_Handler)
    TIMER1_Handler                           0x10002039   Thumb Code    18  startup_iotkit_cm33.o(.text.Default_Handler)
    TSC_Handler                              0x10002039   Thumb Code    18  startup_iotkit_cm33.o(.text.Default_Handler)
    UART0_Handler                            0x10002039   Thumb Code    18  startup_iotkit_cm33.o(.text.Default_Handler)
    UART1RX_Handler                          0x10002039   Thumb Code    18  startup_iotkit_cm33.o(.text.Default_Handler)
    UART1TX_Handler                          0x10002039   Thumb Code    18  startup_iotkit_cm33.o(.text.Default_Handler)
    UART1_Handler                            0x10002039   Thumb Code    18  startup_iotkit_cm33.o(.text.Default_Handler)
    UART2RX_Handler                          0x10002039   Thumb Code    18  startup_iotkit_cm33.o(.text.Default_Handler)
    UART2TX_Handler                          0x10002039   Thumb Code    18  startup_iotkit_cm33.o(.text.Default_Handler)
    UART2_Handler                            0x10002039   Thumb Code    18  startup_iotkit_cm33.o(.text.Default_Handler)
    UART3RX_Handler                          0x10002039   Thumb Code    18  startup_iotkit_cm33.o(.text.Default_Handler)
    UART3TX_Handler                          0x10002039   Thumb Code    18  startup_iotkit_cm33.o(.text.Default_Handler)
    UART3_Handler                            0x10002039   Thumb Code    18  startup_iotkit_cm33.o(.text.Default_Handler)
    UART4RX_Handler                          0x10002039   Thumb Code    18  startup_iotkit_cm33.o(.text.Default_Handler)
    UART4TX_Handler                          0x10002039   Thumb Code    18  startup_iotkit_cm33.o(.text.Default_Handler)
    UART4_Handler                            0x10002039   Thumb Code    18  startup_iotkit_cm33.o(.text.Default_Handler)
    UARTOVF_Handler                          0x10002039   Thumb Code    18  startup_iotkit_cm33.o(.text.Default_Handler)
    UsageFault_Handler                       0x10002039   Thumb Code    18  startup_iotkit_cm33.o(.text.Default_Handler)
    HardFault_Handler                        0x1000204d   Thumb Code    18  startup_iotkit_cm33.o(.text.HardFault_Handler)
    LED_Off                                  0x10002061   Thumb Code    40  led_v2m-mps2.o(.text.LED_Off)
    LED_On                                   0x10002089   Thumb Code    40  led_v2m-mps2.o(.text.LED_On)
    Reset_Handler                            0x100020b1   Thumb Code    74  startup_iotkit_cm33.o(.text.Reset_Handler)
    __acle_se_SECURE_NOPE                    0x1000213d   Thumb Code     0  secure_functions.o(.text.SECURE_NOPE)
    __acle_se_SECURE_register_callback       0x10002189   Thumb Code     0  secure_functions.o(.text.SECURE_register_callback)
    __acle_se_SECURE_start_cfa               0x10002205   Thumb Code     0  secure_functions.o(.text.SECURE_start_cfa)
    __acle_se_Secure_LED_Off                 0x100022b1   Thumb Code     0  secure_functions.o(.text.Secure_LED_Off)
    __acle_se_Secure_LED_Off_callback        0x1000230d   Thumb Code     0  secure_functions.o(.text.Secure_LED_Off_callback)
    __acle_se_Secure_LED_On                  0x10002369   Thumb Code     0  secure_functions.o(.text.Secure_LED_On)
    __acle_se_Secure_LED_On_callback         0x100023c5   Thumb Code     0  secure_functions.o(.text.Secure_LED_On_callback)
    __acle_se_Secure_printf                  0x10002421   Thumb Code     0  secure_functions.o(.text.Secure_printf)
    SysTick_Handler                          0x100024d9   Thumb Code    30  main_s.o(.text.SysTick_Handler)
    SystemCoreClockUpdate                    0x100024f9   Thumb Code    20  system_iotkit_cm33.o(.text.SystemCoreClockUpdate)
    SystemInit                               0x1000250d   Thumb Code   220  system_iotkit_cm33.o(.text.SystemInit)
    UART0RX_Handler                          0x100026b5   Thumb Code    16  usart_v2m-mps2.o(.text.UART0RX_Handler)
    UART0TX_Handler                          0x100026c5   Thumb Code    16  usart_v2m-mps2.o(.text.UART0TX_Handler)
    __debug_DWT_Registers                    0x10002f39   Thumb Code   172  mtb.o(.text.__debug_DWT_Registers)
    __debug_MTB_Registers                    0x10002fe5   Thumb Code   154  mtb.o(.text.__debug_MTB_Registers)
    _clear_stat                              0x10003081   Thumb Code    18  secure_functions.o(.text._clear_stat)
    _set_stat                                0x10003095   Thumb Code    60  secure_functions.o(.text._set_stat)
    _sys_close                               0x100030d1   Thumb Code    74  retarget_io.o(.text._sys_close)
    _sys_flen                                0x1000311d   Thumb Code    72  retarget_io.o(.text._sys_flen)
    _sys_istty                               0x10003165   Thumb Code    72  retarget_io.o(.text._sys_istty)
    _sys_open                                0x100031ad   Thumb Code   132  retarget_io.o(.text._sys_open)
    _sys_seek                                0x10003231   Thumb Code    82  retarget_io.o(.text._sys_seek)
    _sys_write                               0x10003285   Thumb Code   118  retarget_io.o(.text._sys_write)
    config_hardfault_handler                 0x100032fd   Thumb Code    82  mtb.o(.text.config_hardfault_handler)
    eCFA_init_cfa                            0x10003351   Thumb Code   292  cfa.o(.text.eCFA_init_cfa)
    hardfault_handler                        0x10003475   Thumb Code    36  mtb.o(.text.hardfault_handler)
    main                                     0x10003499   Thumb Code   270  main_s.o(.text.main)
    mtb_cleanMTB                             0x100035a9   Thumb Code    56  mtb.o(.text.mtb_cleanMTB)
    mtb_config_interrupthandlers             0x100035e1   Thumb Code    42  mtb.o(.text.mtb_config_interrupthandlers)
    mtb_debugMonitorHandler                  0x1000360d   Thumb Code    52  mtb.o(.text.mtb_debugMonitorHandler)
    mtb_debugMonitorHandlerEmpty             0x10003641   Thumb Code     4  mtb.o(.text.mtb_debugMonitorHandlerEmpty)
    mtb_exit                                 0x10003645   Thumb Code    96  mtb.o(.text.mtb_exit)
    mtb_init                                 0x100036a5   Thumb Code    80  mtb.o(.text.mtb_init)
    mtb_remove_debugMonitor                  0x100036f5   Thumb Code    32  mtb.o(.text.mtb_remove_debugMonitor)
    mtb_setup_DWT                            0x10003715   Thumb Code   326  mtb.o(.text.mtb_setup_DWT)
    mtb_setup_MTB                            0x1000385d   Thumb Code    74  mtb.o(.text.mtb_setup_MTB)
    pendsv_handler                           0x100038a9   Thumb Code    22  mtb.o(.text.pendsv_handler)
    stdout_init                              0x100038c1   Thumb Code   142  stdout_usart.o(.text.stdout_init)
    stdout_putchar                           0x10003951   Thumb Code    76  stdout_usart.o(.text.stdout_putchar)
    vMTB_sendBuffer                          0x1000399d   Thumb Code   158  mtb.o(.text.vMTB_sendBuffer)
    _btod_d2e                                0x10003a3b   Thumb Code    62  btod.o(CL$$btod_d2e)
    _d2e_denorm_low                          0x10003a79   Thumb Code    70  btod.o(CL$$btod_d2e_denorm_low)
    _d2e_norm_op1                            0x10003abf   Thumb Code    96  btod.o(CL$$btod_d2e_norm_op1)
    __btod_div_common                        0x10003b21   Thumb Code   696  btod.o(CL$$btod_div_common)
    _e2e                                     0x10003e59   Thumb Code   220  btod.o(CL$$btod_e2e)
    _btod_ediv                               0x10003f35   Thumb Code    42  btod.o(CL$$btod_ediv)
    _btod_emul                               0x10003f5f   Thumb Code    42  btod.o(CL$$btod_emul)
    __btod_mult_common                       0x10003f89   Thumb Code   580  btod.o(CL$$btod_mult_common)
    __ARM_fpclassify                         0x100041cd   Thumb Code    48  fpclassify.o(i.__ARM_fpclassify)
    _is_digit                                0x100041fd   Thumb Code    14  __printf_wp.o(i._is_digit)
    fputc                                    0x1000420b   Thumb Code    28  fputc.o(i.fputc)
    _get_lc_numeric                          0x10004229   Thumb Code    44  lc_numeric_c.o(locale$$code)
    _get_lc_ctype                            0x10004255   Thumb Code    44  lc_ctype_c.o(locale$$code)
    _fp_init                                 0x10004281   Thumb Code    26  fpinit.o(x$fpl$fpinit)
    __fplib_config_fpu_vfp                   0x10004299   Thumb Code     0  fpinit.o(x$fpl$fpinit)
    __fplib_config_pureend_doubles           0x10004299   Thumb Code     0  fpinit.o(x$fpl$fpinit)
    _printf_fp_dec                           0x1000429b   Thumb Code     4  printf1.o(x$fpl$printf1)
    _printf_fp_hex                           0x1000429f   Thumb Code     4  printf2.o(x$fpl$printf2)
    __I$use$fp                               0x100042a2   Number         0  usenofp.o(x$fpl$usenofp)
    Driver_USART0                            0x100043a0   Data          56  usart_v2m-mps2.o(.rodata.Driver_USART0)
    __stderr_name                            0x100043f4   Data           8  retarget_io.o(.rodata.__stderr_name)
    __stdin_name                             0x100043fc   Data           7  retarget_io.o(.rodata.__stdin_name)
    __stdout_name                            0x10004403   Data           8  retarget_io.o(.rodata.__stdout_name)
    Region$$Table$$Base                      0x10004898   Number         0  anon$$obj.o(Region$$Table)
    Region$$Table$$Limit                     0x100048b8   Number         0  anon$$obj.o(Region$$Table)
    __ctype                                  0x100048e1   Data           0  lc_ctype_c.o(locale$$data)
    SECURE_NOPE                              0x101ffe01   Thumb Code     8  anon$$obj.o(Veneer$$CMSE)
    SECURE_register_callback                 0x101ffe09   Thumb Code     8  anon$$obj.o(Veneer$$CMSE)
    SECURE_start_cfa                         0x101ffe11   Thumb Code     8  anon$$obj.o(Veneer$$CMSE)
    Secure_LED_On                            0x101ffe19   Thumb Code     8  anon$$obj.o(Veneer$$CMSE)
    Secure_LED_Off                           0x101ffe21   Thumb Code     8  anon$$obj.o(Veneer$$CMSE)
    Secure_printf                            0x101ffe29   Thumb Code     8  anon$$obj.o(Veneer$$CMSE)
    Secure_LED_On_callback                   0x101ffe31   Thumb Code     8  anon$$obj.o(Veneer$$CMSE)
    Secure_LED_Off_callback                  0x101ffe39   Thumb Code     8  anon$$obj.o(Veneer$$CMSE)
    __aeabi_stdin                            0x38000000   Data           4  stdio_streams.o(.data)
    __aeabi_stdout                           0x38000004   Data           4  stdio_streams.o(.data)
    __aeabi_stderr                           0x38000008   Data           4  stdio_streams.o(.data)
    CoreDebug_                               0x3800000c   Data           4  mtb.o(.data.CoreDebug_)
    DWT_                                     0x38000010   Data           4  mtb.o(.data.DWT_)
    ITM_                                     0x38000014   Data           4  mtb.o(.data.ITM_)
    SCB_                                     0x38000018   Data           4  mtb.o(.data.SCB_)
    SystemCoreClock                          0x3800001c   Data           4  system_iotkit_cm33.o(.data.SystemCoreClock)
    mtb                                      0x38000030   Data           4  mtb.o(.data.mtb)
    __stdin                                  0x38000034   Data          84  stdio_streams.o(.bss)
    __stdout                                 0x38000088   Data          84  stdio_streams.o(.bss)
    __stderr                                 0x380000dc   Data          84  stdio_streams.o(.bss)
    __libspace_start                         0x38000130   Data          96  libspace.o(.bss)
    CFA_stat                                 0x38000190   Data           4  secure_functions.o(.bss.CFA_stat)
    __temporary_stack_top$libspace           0x38000190   Data           0  libspace.o(.bss)
    fNSFunc                                  0x380001b8   Data           4  secure_functions.o(.bss.fNSFunc)
    log_counter                              0x380001bc   Data           4  mtb.o(.bss.log_counter)
    pfNonSecure_LED_Off                      0x380001c0   Data           4  secure_functions.o(.bss.pfNonSecure_LED_Off)
    pfNonSecure_LED_On                       0x380001c4   Data           4  secure_functions.o(.bss.pfNonSecure_LED_On)
    report_s                                 0x380001c8   Data        2148  cfa.o(.bss.report_s)
    Image$$ARM_LIB_HEAP$$ZI$$Base            0x38000a30   Number         0  anon$$obj.o ABSOLUTE
    Image$$ARM_LIB_HEAP$$ZI$$Limit           0x38001630   Number         0  anon$$obj.o ABSOLUTE
    Image$$ARM_LIB_STACK$$ZI$$Base           0x381ffbf8   Number         0  anon$$obj.o ABSOLUTE
    Image$$ARM_LIB_STACK$$ZI$$Limit          0x381ffff8   Number         0  anon$$obj.o ABSOLUTE
    Image$$STACKSEAL$$ZI$$Base               0x381ffff8   Number         0  anon$$obj.o ABSOLUTE



==============================================================================

Memory Map of the image

  Image Entry point : 0x10000401

  Load Region LR_ROM (Base: 0x10000000, Size: 0x00004a18, Max: 0x001ffe00, ABSOLUTE)

    Execution Region ER_ROM (Exec base: 0x10000000, Load base: 0x10000000, Size: 0x000049e4, Max: 0x001ffe00, ABSOLUTE)

    Exec Addr    Load Addr    Size         Type   Attr      Idx    E Section Name        Object

    0x10000000   0x10000000   0x00000400   Data   RO          350    RESET               startup_iotkit_cm33.o
    0x10000400   0x10000400   0x00000008   Code   RO          384  * !!!main             c_w.l(__main.o)
    0x10000408   0x10000408   0x0000005c   Code   RO          908    !!!scatter          c_w.l(__scatter.o)
    0x10000464   0x10000464   0x0000001a   Code   RO          912    !!handler_copy      c_w.l(__scatter_copy.o)
    0x1000047e   0x1000047e   0x00000002   PAD
    0x10000480   0x10000480   0x00000002   Code   RO          909    !!handler_null      c_w.l(__scatter.o)
    0x10000482   0x10000482   0x00000002   PAD
    0x10000484   0x10000484   0x0000001c   Code   RO          914    !!handler_zi        c_w.l(__scatter_zi.o)
    0x100004a0   0x100004a0   0x00000000   Code   RO          467    .ARM.Collect$$_printf_percent$$00000000  c_w.l(_printf_percent.o)
    0x100004a0   0x100004a0   0x00000006   Code   RO          456    .ARM.Collect$$_printf_percent$$00000001  c_w.l(_printf_n.o)
    0x100004a6   0x100004a6   0x00000006   Code   RO          458    .ARM.Collect$$_printf_percent$$00000002  c_w.l(_printf_p.o)
    0x100004ac   0x100004ac   0x00000006   Code   RO          463    .ARM.Collect$$_printf_percent$$00000003  c_w.l(_printf_f.o)
    0x100004b2   0x100004b2   0x00000006   Code   RO          464    .ARM.Collect$$_printf_percent$$00000004  c_w.l(_printf_e.o)
    0x100004b8   0x100004b8   0x00000006   Code   RO          465    .ARM.Collect$$_printf_percent$$00000005  c_w.l(_printf_g.o)
    0x100004be   0x100004be   0x00000006   Code   RO          466    .ARM.Collect$$_printf_percent$$00000006  c_w.l(_printf_a.o)
    0x100004c4   0x100004c4   0x0000000a   Code   RO          471    .ARM.Collect$$_printf_percent$$00000007  c_w.l(_printf_ll.o)
    0x100004ce   0x100004ce   0x00000006   Code   RO          460    .ARM.Collect$$_printf_percent$$00000008  c_w.l(_printf_i.o)
    0x100004d4   0x100004d4   0x00000006   Code   RO          461    .ARM.Collect$$_printf_percent$$00000009  c_w.l(_printf_d.o)
    0x100004da   0x100004da   0x00000006   Code   RO          462    .ARM.Collect$$_printf_percent$$0000000A  c_w.l(_printf_u.o)
    0x100004e0   0x100004e0   0x00000006   Code   RO          459    .ARM.Collect$$_printf_percent$$0000000B  c_w.l(_printf_o.o)
    0x100004e6   0x100004e6   0x00000006   Code   RO          457    .ARM.Collect$$_printf_percent$$0000000C  c_w.l(_printf_x.o)
    0x100004ec   0x100004ec   0x00000006   Code   RO          468    .ARM.Collect$$_printf_percent$$0000000D  c_w.l(_printf_lli.o)
    0x100004f2   0x100004f2   0x00000006   Code   RO          469    .ARM.Collect$$_printf_percent$$0000000E  c_w.l(_printf_lld.o)
    0x100004f8   0x100004f8   0x00000006   Code   RO          470    .ARM.Collect$$_printf_percent$$0000000F  c_w.l(_printf_llu.o)
    0x100004fe   0x100004fe   0x00000006   Code   RO          475    .ARM.Collect$$_printf_percent$$00000010  c_w.l(_printf_llo.o)
    0x10000504   0x10000504   0x00000006   Code   RO          476    .ARM.Collect$$_printf_percent$$00000011  c_w.l(_printf_llx.o)
    0x1000050a   0x1000050a   0x0000000a   Code   RO          472    .ARM.Collect$$_printf_percent$$00000012  c_w.l(_printf_l.o)
    0x10000514   0x10000514   0x00000006   Code   RO          454    .ARM.Collect$$_printf_percent$$00000013  c_w.l(_printf_c.o)
    0x1000051a   0x1000051a   0x00000006   Code   RO          455    .ARM.Collect$$_printf_percent$$00000014  c_w.l(_printf_s.o)
    0x10000520   0x10000520   0x00000006   Code   RO          473    .ARM.Collect$$_printf_percent$$00000015  c_w.l(_printf_lc.o)
    0x10000526   0x10000526   0x00000006   Code   RO          474    .ARM.Collect$$_printf_percent$$00000016  c_w.l(_printf_ls.o)
    0x1000052c   0x1000052c   0x00000004   Code   RO          528    .ARM.Collect$$_printf_percent$$00000017  c_w.l(_printf_percent_end.o)
    0x10000530   0x10000530   0x00000002   Code   RO          670    .ARM.Collect$$libinit$$00000000  c_w.l(libinit.o)
    0x10000532   0x10000532   0x00000004   Code   RO          671    .ARM.Collect$$libinit$$00000001  c_w.l(libinit2.o)
    0x10000536   0x10000536   0x00000000   Code   RO          674    .ARM.Collect$$libinit$$00000004  c_w.l(libinit2.o)
    0x10000536   0x10000536   0x00000000   Code   RO          676    .ARM.Collect$$libinit$$00000006  c_w.l(libinit2.o)
    0x10000536   0x10000536   0x00000008   Code   RO          800    .ARM.Collect$$libinit$$0000000A  c_w.l(libinit5.o)
    0x1000053e   0x1000053e   0x00000000   Code   RO          679    .ARM.Collect$$libinit$$0000000C  c_w.l(libinit2.o)
    0x1000053e   0x1000053e   0x00000000   Code   RO          681    .ARM.Collect$$libinit$$0000000E  c_w.l(libinit2.o)
    0x1000053e   0x1000053e   0x00000000   Code   RO          683    .ARM.Collect$$libinit$$00000010  c_w.l(libinit2.o)
    0x1000053e   0x1000053e   0x00000006   Code   RO          684    .ARM.Collect$$libinit$$00000011  c_w.l(libinit2.o)
    0x10000544   0x10000544   0x00000000   Code   RO          686    .ARM.Collect$$libinit$$00000013  c_w.l(libinit2.o)
    0x10000544   0x10000544   0x0000000c   Code   RO          687    .ARM.Collect$$libinit$$00000014  c_w.l(libinit2.o)
    0x10000550   0x10000550   0x00000000   Code   RO          688    .ARM.Collect$$libinit$$00000015  c_w.l(libinit2.o)
    0x10000550   0x10000550   0x00000000   Code   RO          690    .ARM.Collect$$libinit$$00000017  c_w.l(libinit2.o)
    0x10000550   0x10000550   0x0000000a   Code   RO          691    .ARM.Collect$$libinit$$00000018  c_w.l(libinit2.o)
    0x1000055a   0x1000055a   0x00000000   Code   RO          692    .ARM.Collect$$libinit$$00000019  c_w.l(libinit2.o)
    0x1000055a   0x1000055a   0x00000000   Code   RO          694    .ARM.Collect$$libinit$$0000001B  c_w.l(libinit2.o)
    0x1000055a   0x1000055a   0x00000000   Code   RO          696    .ARM.Collect$$libinit$$0000001D  c_w.l(libinit2.o)
    0x1000055a   0x1000055a   0x00000000   Code   RO          698    .ARM.Collect$$libinit$$0000001F  c_w.l(libinit2.o)
    0x1000055a   0x1000055a   0x00000000   Code   RO          700    .ARM.Collect$$libinit$$00000021  c_w.l(libinit2.o)
    0x1000055a   0x1000055a   0x00000000   Code   RO          702    .ARM.Collect$$libinit$$00000023  c_w.l(libinit2.o)
    0x1000055a   0x1000055a   0x00000000   Code   RO          704    .ARM.Collect$$libinit$$00000025  c_w.l(libinit2.o)
    0x1000055a   0x1000055a   0x00000004   Code   RO          705    .ARM.Collect$$libinit$$00000026  c_w.l(libinit2.o)
    0x1000055e   0x1000055e   0x00000000   Code   RO          706    .ARM.Collect$$libinit$$00000027  c_w.l(libinit2.o)
    0x1000055e   0x1000055e   0x00000000   Code   RO          710    .ARM.Collect$$libinit$$0000002E  c_w.l(libinit2.o)
    0x1000055e   0x1000055e   0x00000000   Code   RO          712    .ARM.Collect$$libinit$$00000030  c_w.l(libinit2.o)
    0x1000055e   0x1000055e   0x00000000   Code   RO          714    .ARM.Collect$$libinit$$00000032  c_w.l(libinit2.o)
    0x1000055e   0x1000055e   0x00000000   Code   RO          716    .ARM.Collect$$libinit$$00000034  c_w.l(libinit2.o)
    0x1000055e   0x1000055e   0x00000002   Code   RO          717    .ARM.Collect$$libinit$$00000035  c_w.l(libinit2.o)
    0x10000560   0x10000560   0x00000008   Code   RO          801    .ARM.Collect$$libinit$$0000271B  c_w.l(libinit5.o)
    0x10000568   0x10000568   0x00000002   Code   RO          886    .ARM.Collect$$libshutdown$$00000000  c_w.l(libshutdown.o)
    0x1000056a   0x1000056a   0x00000000   Code   RO          719    .ARM.Collect$$libshutdown$$00000002  c_w.l(libshutdown2.o)
    0x1000056a   0x1000056a   0x00000004   Code   RO          720    .ARM.Collect$$libshutdown$$00000003  c_w.l(libshutdown2.o)
    0x1000056e   0x1000056e   0x00000000   Code   RO          721    .ARM.Collect$$libshutdown$$00000004  c_w.l(libshutdown2.o)
    0x1000056e   0x1000056e   0x00000000   Code   RO          724    .ARM.Collect$$libshutdown$$00000007  c_w.l(libshutdown2.o)
    0x1000056e   0x1000056e   0x00000000   Code   RO          727    .ARM.Collect$$libshutdown$$0000000A  c_w.l(libshutdown2.o)
    0x1000056e   0x1000056e   0x00000000   Code   RO          729    .ARM.Collect$$libshutdown$$0000000C  c_w.l(libshutdown2.o)
    0x1000056e   0x1000056e   0x00000000   Code   RO          732    .ARM.Collect$$libshutdown$$0000000F  c_w.l(libshutdown2.o)
    0x1000056e   0x1000056e   0x00000002   Code   RO          733    .ARM.Collect$$libshutdown$$00000010  c_w.l(libshutdown2.o)
    0x10000570   0x10000570   0x00000000   Code   RO          386    .ARM.Collect$$rtentry$$00000000  c_w.l(__rtentry.o)
    0x10000570   0x10000570   0x00000000   Code   RO          492    .ARM.Collect$$rtentry$$00000002  c_w.l(__rtentry2.o)
    0x10000570   0x10000570   0x00000004   Code   RO          506    .ARM.Collect$$rtentry$$00000007  c_w.l(__rtentry7.o)
    0x10000574   0x10000574   0x00000000   Code   RO          494    .ARM.Collect$$rtentry$$00000009  c_w.l(__rtentry2.o)
    0x10000574   0x10000574   0x00000004   Code   RO          495    .ARM.Collect$$rtentry$$0000000A  c_w.l(__rtentry2.o)
    0x10000578   0x10000578   0x00000000   Code   RO          497    .ARM.Collect$$rtentry$$0000000C  c_w.l(__rtentry2.o)
    0x10000578   0x10000578   0x00000008   Code   RO          498    .ARM.Collect$$rtentry$$0000000D  c_w.l(__rtentry2.o)
    0x10000580   0x10000580   0x00000004   Code   RO          507    .ARM.Collect$$rtentry$$00002718  c_w.l(__rtentry7.o)
    0x10000584   0x10000584   0x00000002   Code   RO          748    .ARM.Collect$$rtexit$$00000000  c_w.l(rtexit.o)
    0x10000586   0x10000586   0x00000000   Code   RO          814    .ARM.Collect$$rtexit$$00000002  c_w.l(rtexit2.o)
    0x10000586   0x10000586   0x00000004   Code   RO          815    .ARM.Collect$$rtexit$$00000003  c_w.l(rtexit2.o)
    0x1000058a   0x1000058a   0x00000006   Code   RO          816    .ARM.Collect$$rtexit$$00000004  c_w.l(rtexit2.o)
    0x10000590   0x10000590   0x00000018   Code   RO          374    .text               c_w.l(printf.o)
    0x100005a8   0x100005a8   0x00000058   Code   RO          376    .text               c_w.l(memcmp.o)
    0x10000600   0x10000600   0x0000004e   Code   RO          380    .text               c_w.l(rt_memclr_w.o)
    0x1000064e   0x1000064e   0x00000002   PAD
    0x10000650   0x10000650   0x0000007c   Code   RO          382    .text               c_w.l(strcmpv8m_maindsp.o)
    0x100006cc   0x100006cc   0x0000004e   Code   RO          389    .text               c_w.l(_printf_pad.o)
    0x1000071a   0x1000071a   0x00000024   Code   RO          391    .text               c_w.l(_printf_truncate.o)
    0x1000073e   0x1000073e   0x00000052   Code   RO          393    .text               c_w.l(_printf_str.o)
    0x10000790   0x10000790   0x00000078   Code   RO          395    .text               c_w.l(_printf_dec.o)
    0x10000808   0x10000808   0x00000028   Code   RO          397    .text               c_w.l(_printf_charcount.o)
    0x10000830   0x10000830   0x00000024   Code   RO          399    .text               c_w.l(_printf_char_file.o)
    0x10000854   0x10000854   0x000000bc   Code   RO          401    .text               c_w.l(_printf_wctomb.o)
    0x10000910   0x10000910   0x0000007c   Code   RO          404    .text               c_w.l(_printf_longlong_dec.o)
    0x1000098c   0x1000098c   0x00000070   Code   RO          410    .text               c_w.l(_printf_oct_int_ll.o)
    0x100009fc   0x100009fc   0x00000094   Code   RO          430    .text               c_w.l(_printf_hex_int_ll_ptr.o)
    0x10000a90   0x10000a90   0x00000188   Code   RO          451    .text               c_w.l(__printf_flags_ss_wp.o)
    0x10000c18   0x10000c18   0x0000008a   Code   RO          511    .text               c_w.l(lludiv10.o)
    0x10000ca2   0x10000ca2   0x000000b2   Code   RO          513    .text               c_w.l(_printf_intcommon.o)
    0x10000d54   0x10000d54   0x0000041c   Code   RO          515    .text               c_w.l(_printf_fp_dec.o)
    0x10001170   0x10001170   0x000002fc   Code   RO          519    .text               c_w.l(_printf_fp_hex.o)
    0x1000146c   0x1000146c   0x00000030   Code   RO          522    .text               c_w.l(_printf_char_common.o)
    0x1000149c   0x1000149c   0x0000002c   Code   RO          524    .text               c_w.l(_printf_char.o)
    0x100014c8   0x100014c8   0x0000002c   Code   RO          526    .text               c_w.l(_printf_wchar.o)
    0x100014f4   0x100014f4   0x00000008   Code   RO          529    .text               c_w.l(ferror.o)
    0x100014fc   0x100014fc   0x00000138   Code   RO          535    .text               c_w.l(initio.o)
    0x10001634   0x10001634   0x00000048   Code   RO          543    .text               c_w.l(_c16rtomb.o)
    0x1000167c   0x1000167c   0x00000010   Code   RO          549    .text               c_w.l(rt_ctype_table.o)
    0x1000168c   0x1000168c   0x00000008   Code   RO          554    .text               c_w.l(rt_locale_intlibspace.o)
    0x10001694   0x10001694   0x0000004e   Code   RO          558    .text               c_w.l(h1_free.o)
    0x100016e2   0x100016e2   0x00000002   PAD
    0x100016e4   0x100016e4   0x00000080   Code   RO          612    .text               c_w.l(_printf_fp_infnan.o)
    0x10001764   0x10001764   0x000000e4   Code   RO          616    .text               c_w.l(bigflt0.o)
    0x10001848   0x10001848   0x000001e2   Code   RO          643    .text               c_w.l(flsbuf.o)
    0x10001a2a   0x10001a2a   0x00000046   Code   RO          645    .text               c_w.l(setvbuf.o)
    0x10001a70   0x10001a70   0x000000f0   Code   RO          648    .text               c_w.l(fopen.o)
    0x10001b60   0x10001b60   0x0000004c   Code   RO          650    .text               c_w.l(fclose.o)
    0x10001bac   0x10001bac   0x00000012   Code   RO          659    .text               c_w.l(exit.o)
    0x10001bbe   0x10001bbe   0x0000000e   Code   RO          661    .text               c_w.l(defsig_rtred_outer.o)
    0x10001bcc   0x10001bcc   0x00000008   Code   RO          755    .text               c_w.l(rt_heap_descriptor_intlibspace.o)
    0x10001bd4   0x10001bd4   0x00000004   Code   RO          757    .text               c_w.l(hguard.o)
    0x10001bd8   0x10001bd8   0x0000008a   Code   RO          759    .text               c_w.l(init_alloc.o)
    0x10001c62   0x10001c62   0x0000005e   Code   RO          765    .text               c_w.l(h1_alloc.o)
    0x10001cc0   0x10001cc0   0x000000f8   Code   RO          781    .text               c_w.l(fseek.o)
    0x10001db8   0x10001db8   0x00000108   Code   RO          783    .text               c_w.l(stdio.o)
    0x10001ec0   0x10001ec0   0x0000000a   Code   RO          792    .text               c_w.l(defsig_exit.o)
    0x10001eca   0x10001eca   0x00000002   PAD
    0x10001ecc   0x10001ecc   0x00000034   Code   RO          794    .text               c_w.l(defsig_rtred_inner.o)
    0x10001f00   0x10001f00   0x0000000c   Code   RO          806    .text               c_w.l(sys_exit.o)
    0x10001f0c   0x10001f0c   0x00000002   Code   RO          810    .text               c_w.l(use_no_semi.o)
    0x10001f0e   0x10001f0e   0x00000000   Code   RO          812    .text               c_w.l(indicate_semi.o)
    0x10001f0e   0x10001f0e   0x00000000   Code   RO          820    .text               c_w.l(maybetermalloc1.o)
    0x10001f0e   0x10001f0e   0x0000000c   Code   RO          822    .text               c_w.l(h1_init.o)
    0x10001f1a   0x10001f1a   0x00000034   Code   RO          824    .text               c_w.l(h1_extend.o)
    0x10001f4e   0x10001f4e   0x00000042   Code   RO          836    .text               c_w.l(ftell.o)
    0x10001f90   0x10001f90   0x00000032   Code   RO          844    .text               c_w.l(defsig_general.o)
    0x10001fc2   0x10001fc2   0x0000000e   Code   RO          846    .text               c_w.l(defsig_rtmem_outer.o)
    0x10001fd0   0x10001fd0   0x0000000e   Code   RO          863    .text               c_w.l(sys_wrch.o)
    0x10001fde   0x10001fde   0x00000002   PAD
    0x10001fe0   0x10001fe0   0x00000008   Code   RO          874    .text               c_w.l(rt_errno_addr_intlibspace.o)
    0x10001fe8   0x10001fe8   0x00000050   Code   RO          880    .text               c_w.l(defsig_rtmem_inner.o)
    0x10002038   0x10002038   0x00000012   Code   RO          344    .text.Default_Handler  startup_iotkit_cm33.o
    0x1000204a   0x1000204a   0x00000002   PAD
    0x1000204c   0x1000204c   0x00000012   Code   RO          348    .text.HardFault_Handler  startup_iotkit_cm33.o
    0x1000205e   0x1000205e   0x00000002   PAD
    0x10002060   0x10002060   0x00000028   Code   RO          224    .text.LED_Off       led_v2m-mps2.o
    0x10002088   0x10002088   0x00000028   Code   RO          222    .text.LED_On        led_v2m-mps2.o
    0x100020b0   0x100020b0   0x0000004a   Code   RO          346    .text.Reset_Handler  startup_iotkit_cm33.o
    0x100020fa   0x100020fa   0x00000002   PAD
    0x100020fc   0x100020fc   0x00000040   Code   RO            9    .text.SCB_GetFPUType  main_s.o
    0x1000213c   0x1000213c   0x0000004a   Code   RO           86    .text.SECURE_NOPE   secure_functions.o
    0x10002186   0x10002186   0x00000002   PAD
    0x10002188   0x10002188   0x0000007a   Code   RO           88    .text.SECURE_register_callback  secure_functions.o
    0x10002202   0x10002202   0x00000002   PAD
    0x10002204   0x10002204   0x000000ac   Code   RO           94    .text.SECURE_start_cfa  secure_functions.o
    0x100022b0   0x100022b0   0x0000005a   Code   RO           98    .text.Secure_LED_Off  secure_functions.o
    0x1000230a   0x1000230a   0x00000002   PAD
    0x1000230c   0x1000230c   0x0000005c   Code   RO          104    .text.Secure_LED_Off_callback  secure_functions.o
    0x10002368   0x10002368   0x0000005a   Code   RO           96    .text.Secure_LED_On  secure_functions.o
    0x100023c2   0x100023c2   0x00000002   PAD
    0x100023c4   0x100023c4   0x0000005c   Code   RO          102    .text.Secure_LED_On_callback  secure_functions.o
    0x10002420   0x10002420   0x00000064   Code   RO          100    .text.Secure_printf  secure_functions.o
    0x10002484   0x10002484   0x00000054   Code   RO           11    .text.SysTick_Config  main_s.o
    0x100024d8   0x100024d8   0x0000001e   Code   RO            5    .text.SysTick_Handler  main_s.o
    0x100024f6   0x100024f6   0x00000002   PAD
    0x100024f8   0x100024f8   0x00000014   Code   RO          359    .text.SystemCoreClockUpdate  system_iotkit_cm33.o
    0x1000250c   0x1000250c   0x000000dc   Code   RO          361    .text.SystemInit    system_iotkit_cm33.o
    0x100025e8   0x100025e8   0x000000cc   Code   RO          363    .text.TZ_SAU_Setup  system_iotkit_cm33.o
    0x100026b4   0x100026b4   0x00000010   Code   RO          237    .text.UART0RX_Handler  usart_v2m-mps2.o
    0x100026c4   0x100026c4   0x00000010   Code   RO          241    .text.UART0TX_Handler  usart_v2m-mps2.o
    0x100026d4   0x100026d4   0x0000001c   Code   RO          265    .text.USART0_Control  usart_v2m-mps2.o
    0x100026f0   0x100026f0   0x00000018   Code   RO          247    .text.USART0_GetCapabilities  usart_v2m-mps2.o
    0x10002708   0x10002708   0x00000018   Code   RO          271    .text.USART0_GetModemStatus  usart_v2m-mps2.o
    0x10002720   0x10002720   0x00000010   Code   RO          263    .text.USART0_GetRxCount  usart_v2m-mps2.o
    0x10002730   0x10002730   0x00000018   Code   RO          267    .text.USART0_GetStatus  usart_v2m-mps2.o
    0x10002748   0x10002748   0x00000010   Code   RO          261    .text.USART0_GetTxCount  usart_v2m-mps2.o
    0x10002758   0x10002758   0x00000018   Code   RO          249    .text.USART0_Initialize  usart_v2m-mps2.o
    0x10002770   0x10002770   0x0000001c   Code   RO          253    .text.USART0_PowerControl  usart_v2m-mps2.o
    0x1000278c   0x1000278c   0x0000001c   Code   RO          257    .text.USART0_Receive  usart_v2m-mps2.o
    0x100027a8   0x100027a8   0x0000001c   Code   RO          255    .text.USART0_Send   usart_v2m-mps2.o
    0x100027c4   0x100027c4   0x0000001c   Code   RO          269    .text.USART0_SetModemControl  usart_v2m-mps2.o
    0x100027e0   0x100027e0   0x00000020   Code   RO          259    .text.USART0_Transfer  usart_v2m-mps2.o
    0x10002800   0x10002800   0x00000010   Code   RO          251    .text.USART0_Uninitialize  usart_v2m-mps2.o
    0x10002810   0x10002810   0x00000082   Code   RO          239    .text.USARTRX_IRQHandler  usart_v2m-mps2.o
    0x10002892   0x10002892   0x00000002   PAD
    0x10002894   0x10002894   0x00000080   Code   RO          243    .text.USARTTX_IRQHandler  usart_v2m-mps2.o
    0x10002914   0x10002914   0x0000019e   Code   RO          297    .text.USART_Control  usart_v2m-mps2.o
    0x10002ab2   0x10002ab2   0x00000002   PAD
    0x10002ab4   0x10002ab4   0x00000010   Code   RO          273    .text.USART_GetCapabilities  usart_v2m-mps2.o
    0x10002ac4   0x10002ac4   0x0000000e   Code   RO          303    .text.USART_GetModemStatus  usart_v2m-mps2.o
    0x10002ad2   0x10002ad2   0x00000002   PAD
    0x10002ad4   0x10002ad4   0x0000000e   Code   RO          295    .text.USART_GetRxCount  usart_v2m-mps2.o
    0x10002ae2   0x10002ae2   0x00000002   PAD
    0x10002ae4   0x10002ae4   0x00000044   Code   RO          299    .text.USART_GetStatus  usart_v2m-mps2.o
    0x10002b28   0x10002b28   0x0000000e   Code   RO          293    .text.USART_GetTxCount  usart_v2m-mps2.o
    0x10002b36   0x10002b36   0x00000002   PAD
    0x10002b38   0x10002b38   0x0000006c   Code   RO          275    .text.USART_Initialize  usart_v2m-mps2.o
    0x10002ba4   0x10002ba4   0x000000de   Code   RO          279    .text.USART_PowerControl  usart_v2m-mps2.o
    0x10002c82   0x10002c82   0x00000002   PAD
    0x10002c84   0x10002c84   0x0000008e   Code   RO          289    .text.USART_Receive  usart_v2m-mps2.o
    0x10002d12   0x10002d12   0x00000002   PAD
    0x10002d14   0x10002d14   0x00000094   Code   RO          287    .text.USART_Send    usart_v2m-mps2.o
    0x10002da8   0x10002da8   0x00000010   Code   RO          301    .text.USART_SetModemControl  usart_v2m-mps2.o
    0x10002db8   0x10002db8   0x00000012   Code   RO          291    .text.USART_Transfer  usart_v2m-mps2.o
    0x10002dca   0x10002dca   0x00000002   PAD
    0x10002dcc   0x10002dcc   0x00000036   Code   RO          277    .text.USART_Uninitialize  usart_v2m-mps2.o
    0x10002e02   0x10002e02   0x00000002   PAD
    0x10002e04   0x10002e04   0x00000012   Code   RO          245    .text.USARTx_GetVersion  usart_v2m-mps2.o
    0x10002e16   0x10002e16   0x00000002   PAD
    0x10002e18   0x10002e18   0x00000030   Code   RO          283    .text.__NVIC_ClearPendingIRQ  usart_v2m-mps2.o
    0x10002e48   0x10002e48   0x00000038   Code   RO          281    .text.__NVIC_DisableIRQ  usart_v2m-mps2.o
    0x10002e80   0x10002e80   0x00000030   Code   RO          285    .text.__NVIC_EnableIRQ  usart_v2m-mps2.o
    0x10002eb0   0x10002eb0   0x00000042   Code   RO           13    .text.__NVIC_SetPriority  main_s.o
    0x10002ef2   0x10002ef2   0x00000002   PAD
    0x10002ef4   0x10002ef4   0x00000042   Code   RO           58    .text.__NVIC_SetPriority  mtb.o
    0x10002f36   0x10002f36   0x00000002   PAD
    0x10002f38   0x10002f38   0x000000ac   Code   RO           70    .text.__debug_DWT_Registers  mtb.o
    0x10002fe4   0x10002fe4   0x0000009a   Code   RO           68    .text.__debug_MTB_Registers  mtb.o
    0x1000307e   0x1000307e   0x00000002   PAD
    0x10003080   0x10003080   0x00000012   Code   RO           92    .text._clear_stat   secure_functions.o
    0x10003092   0x10003092   0x00000002   PAD
    0x10003094   0x10003094   0x0000003c   Code   RO           90    .text._set_stat     secure_functions.o
    0x100030d0   0x100030d0   0x0000004a   Code   RO          321    .text._sys_close    retarget_io.o
    0x1000311a   0x1000311a   0x00000002   PAD
    0x1000311c   0x1000311c   0x00000048   Code   RO          331    .text._sys_flen     retarget_io.o
    0x10003164   0x10003164   0x00000048   Code   RO          327    .text._sys_istty    retarget_io.o
    0x100031ac   0x100031ac   0x00000084   Code   RO          319    .text._sys_open     retarget_io.o
    0x10003230   0x10003230   0x00000052   Code   RO          329    .text._sys_seek     retarget_io.o
    0x10003282   0x10003282   0x00000002   PAD
    0x10003284   0x10003284   0x00000076   Code   RO          323    .text._sys_write    retarget_io.o
    0x100032fa   0x100032fa   0x00000002   PAD
    0x100032fc   0x100032fc   0x00000052   Code   RO           56    .text.config_hardfault_handler  mtb.o
    0x1000334e   0x1000334e   0x00000002   PAD
    0x10003350   0x10003350   0x00000124   Code   RO          127    .text.eCFA_init_cfa  cfa.o
    0x10003474   0x10003474   0x00000024   Code   RO           54    .text.hardfault_handler  mtb.o
    0x10003498   0x10003498   0x0000010e   Code   RO            7    .text.main          main_s.o
    0x100035a6   0x100035a6   0x00000002   PAD
    0x100035a8   0x100035a8   0x00000038   Code   RO           42    .text.mtb_cleanMTB  mtb.o
    0x100035e0   0x100035e0   0x0000002a   Code   RO           60    .text.mtb_config_interrupthandlers  mtb.o
    0x1000360a   0x1000360a   0x00000002   PAD
    0x1000360c   0x1000360c   0x00000034   Code   RO           46    .text.mtb_debugMonitorHandler  mtb.o
    0x10003640   0x10003640   0x00000004   Code   RO           48    .text.mtb_debugMonitorHandlerEmpty  mtb.o
    0x10003644   0x10003644   0x00000060   Code   RO           66    .text.mtb_exit      mtb.o
    0x100036a4   0x100036a4   0x00000050   Code   RO           64    .text.mtb_init      mtb.o
    0x100036f4   0x100036f4   0x00000020   Code   RO           50    .text.mtb_remove_debugMonitor  mtb.o
    0x10003714   0x10003714   0x00000146   Code   RO           40    .text.mtb_setup_DWT  mtb.o
    0x1000385a   0x1000385a   0x00000002   PAD
    0x1000385c   0x1000385c   0x0000004a   Code   RO           62    .text.mtb_setup_MTB  mtb.o
    0x100038a6   0x100038a6   0x00000002   PAD
    0x100038a8   0x100038a8   0x00000016   Code   RO           52    .text.pendsv_handler  mtb.o
    0x100038be   0x100038be   0x00000002   PAD
    0x100038c0   0x100038c0   0x0000008e   Code   RO           27    .text.stdout_init   stdout_usart.o
    0x1000394e   0x1000394e   0x00000002   PAD
    0x10003950   0x10003950   0x0000004c   Code   RO           29    .text.stdout_putchar  stdout_usart.o
    0x1000399c   0x1000399c   0x0000009e   Code   RO           44    .text.vMTB_sendBuffer  mtb.o
    0x10003a3a   0x10003a3a   0x0000003e   Code   RO          619    CL$$btod_d2e        c_w.l(btod.o)
    0x10003a78   0x10003a78   0x00000046   Code   RO          621    CL$$btod_d2e_denorm_low  c_w.l(btod.o)
    0x10003abe   0x10003abe   0x00000060   Code   RO          620    CL$$btod_d2e_norm_op1  c_w.l(btod.o)
    0x10003b1e   0x10003b1e   0x00000002   PAD
    0x10003b20   0x10003b20   0x00000338   Code   RO          629    CL$$btod_div_common  c_w.l(btod.o)
    0x10003e58   0x10003e58   0x000000dc   Code   RO          626    CL$$btod_e2e        c_w.l(btod.o)
    0x10003f34   0x10003f34   0x0000002a   Code   RO          623    CL$$btod_ediv       c_w.l(btod.o)
    0x10003f5e   0x10003f5e   0x0000002a   Code   RO          622    CL$$btod_emul       c_w.l(btod.o)
    0x10003f88   0x10003f88   0x00000244   Code   RO          628    CL$$btod_mult_common  c_w.l(btod.o)
    0x100041cc   0x100041cc   0x00000030   Code   RO          739    i.__ARM_fpclassify  m_wm.l(fpclassify.o)
    0x100041fc   0x100041fc   0x0000000e   Code   RO          444    i._is_digit         c_w.l(__printf_wp.o)
    0x1000420a   0x1000420a   0x0000001c   Code   RO          532    i.fputc             c_w.l(fputc.o)
    0x10004226   0x10004226   0x00000002   PAD
    0x10004228   0x10004228   0x0000002c   Code   RO          657    locale$$code        c_w.l(lc_numeric_c.o)
    0x10004254   0x10004254   0x0000002c   Code   RO          790    locale$$code        c_w.l(lc_ctype_c.o)
    0x10004280   0x10004280   0x0000001a   Code   RO          804    x$fpl$fpinit        fz_wm.l(fpinit.o)
    0x1000429a   0x1000429a   0x00000004   Code   RO          483    x$fpl$printf1       fz_wm.l(printf1.o)
    0x1000429e   0x1000429e   0x00000004   Code   RO          485    x$fpl$printf2       fz_wm.l(printf2.o)
    0x100042a2   0x100042a2   0x00000000   Code   RO          738    x$fpl$usenofp       fz_wm.l(usenofp.o)
    0x100042a2   0x100042a2   0x00000002   PAD
    0x100042a4   0x100042a4   0x00000008   Data   RO          402    .constdata          c_w.l(_printf_wctomb.o)
    0x100042ac   0x100042ac   0x00000028   Data   RO          431    .constdata          c_w.l(_printf_hex_int_ll_ptr.o)
    0x100042d4   0x100042d4   0x00000011   Data   RO          452    .constdata          c_w.l(__printf_flags_ss_wp.o)
    0x100042e5   0x100042e5   0x00000026   Data   RO          520    .constdata          c_w.l(_printf_fp_hex.o)
    0x1000430b   0x1000430b   0x00000001   PAD
    0x1000430c   0x1000430c   0x00000094   Data   RO          617    .constdata          c_w.l(bigflt0.o)
    0x100043a0   0x100043a0   0x00000038   Data   RO          305    .rodata.Driver_USART0  usart_v2m-mps2.o
    0x100043d8   0x100043d8   0x0000001c   Data   RO          310    .rodata.USART0_Resources  usart_v2m-mps2.o
    0x100043f4   0x100043f4   0x00000008   Data   RO          335    .rodata.__stderr_name  retarget_io.o
    0x100043fc   0x100043fc   0x00000007   Data   RO          333    .rodata.__stdin_name  retarget_io.o
    0x10004403   0x10004403   0x00000008   Data   RO          334    .rodata.__stdout_name  retarget_io.o
    0x1000440b   0x1000440b   0x0000000e   Data   RO           17    .rodata.str1.1      main_s.o
    0x10004419   0x10004419   0x000002e2   Data   RO           77    .rodata.str1.1      mtb.o
    0x100046fb   0x100046fb   0x000000b0   Data   RO          107    .rodata.str1.1      secure_functions.o
    0x100047ab   0x100047ab   0x000000a4   Data   RO          135    .rodata.str1.1      cfa.o
    0x1000484f   0x1000484f   0x00000017   Data   RO          336    .rodata.str1.1      retarget_io.o
    0x10004866   0x10004866   0x0000002f   Data   RO          351    .rodata.str1.1      startup_iotkit_cm33.o
    0x10004895   0x10004895   0x00000003   PAD
    0x10004898   0x10004898   0x00000020   Data   RO          906    Region$$Table       anon$$obj.o
    0x100048b8   0x100048b8   0x0000001c   Data   RO          656    locale$$data        c_w.l(lc_numeric_c.o)
    0x100048d4   0x100048d4   0x00000110   Data   RO          789    locale$$data        c_w.l(lc_ctype_c.o)


    Execution Region RW_RAM (Exec base: 0x38000000, Load base: 0x100049e4, Size: 0x00000a30, Max: 0x001ff000, ABSOLUTE)

    Exec Addr    Load Addr    Size         Type   Attr      Idx    E Section Name        Object

    0x38000000   0x100049e4   0x00000004   Data   RW          480    .data               c_w.l(stdio_streams.o)
    0x38000004   0x100049e8   0x00000004   Data   RW          481    .data               c_w.l(stdio_streams.o)
    0x38000008   0x100049ec   0x00000004   Data   RW          482    .data               c_w.l(stdio_streams.o)
    0x3800000c   0x100049f0   0x00000004   Data   RW           74    .data.CoreDebug_    mtb.o
    0x38000010   0x100049f4   0x00000004   Data   RW           75    .data.DWT_          mtb.o
    0x38000014   0x100049f8   0x00000004   Data   RW           76    .data.ITM_          mtb.o
    0x38000018   0x100049fc   0x00000004   Data   RW           72    .data.SCB_          mtb.o
    0x3800001c   0x10004a00   0x00000004   Data   RW          365    .data.SystemCoreClock  system_iotkit_cm33.o
    0x38000020   0x10004a04   0x00000008   Data   RW          306    .data.USART0_pin_rx  usart_v2m-mps2.o
    0x38000028   0x10004a0c   0x00000008   Data   RW          307    .data.USART0_pin_tx  usart_v2m-mps2.o
    0x38000030   0x10004a14   0x00000004   Data   RW           73    .data.mtb           mtb.o
    0x38000034        -       0x00000054   Zero   RW          477    .bss                c_w.l(stdio_streams.o)
    0x38000088        -       0x00000054   Zero   RW          478    .bss                c_w.l(stdio_streams.o)
    0x380000dc        -       0x00000054   Zero   RW          479    .bss                c_w.l(stdio_streams.o)
    0x38000130        -       0x00000060   Zero   RW          742    .bss                c_w.l(libspace.o)
    0x38000190        -       0x00000004   Zero   RW          108    .bss.CFA_stat       secure_functions.o
    0x38000194        -       0x00000004   Zero   RW           15    .bss.SysTick_Handler.ticks  main_s.o
    0x38000198        -       0x00000008   Zero   RW          308    .bss.USART0_Info    usart_v2m-mps2.o
    0x380001a0        -       0x00000018   Zero   RW          309    .bss.USART0_TransferInfo  usart_v2m-mps2.o
    0x380001b8        -       0x00000004   Zero   RW          106    .bss.fNSFunc        secure_functions.o
    0x380001bc        -       0x00000004   Zero   RW           78    .bss.log_counter    mtb.o
    0x380001c0        -       0x00000004   Zero   RW          111    .bss.pfNonSecure_LED_Off  secure_functions.o
    0x380001c4        -       0x00000004   Zero   RW          110    .bss.pfNonSecure_LED_On  secure_functions.o
    0x380001c8        -       0x00000864   Zero   RW          134    .bss.report_s       cfa.o
    0x38000a2c        -       0x00000004   Zero   RW           18    .bss.x              main_s.o


    Execution Region ARM_LIB_HEAP (Exec base: 0x38000a30, Load base: 0x10004a18, Size: 0x00000c00, Max: 0x00000c00, ABSOLUTE)

    Exec Addr    Load Addr    Size         Type   Attr      Idx    E Section Name        Object

    0x38000a30        -       0x00000c00   Zero   RW            1    ARM_LIB_HEAP.bss    anon$$obj.o


    Execution Region ARM_LIB_STACK (Exec base: 0x381ffbf8, Load base: 0x10004a18, Size: 0x00000400, Max: 0x00000400, ABSOLUTE)

    Exec Addr    Load Addr    Size         Type   Attr      Idx    E Section Name        Object

    0x381ffbf8        -       0x00000400   Zero   RW            2    ARM_LIB_STACK.bss   anon$$obj.o


    Execution Region STACKSEAL (Exec base: 0x381ffff8, Load base: 0x10004a18, Size: 0x00000008, Max: 0x00000008, ABSOLUTE)

    Exec Addr    Load Addr    Size         Type   Attr      Idx    E Section Name        Object

    0x381ffff8        -       0x00000008   Zero   RW            3    STACKSEAL.bss       anon$$obj.o



  Load Region LR_CMSE_VENEER (Base: 0x101ffe00, Size: 0x00000040, Max: 0x00000200, ABSOLUTE)

    Execution Region ER_CMSE_VENEER (Exec base: 0x101ffe00, Load base: 0x101ffe00, Size: 0x00000040, Max: 0x00000200, ABSOLUTE)

    Exec Addr    Load Addr    Size         Type   Attr      Idx    E Section Name        Object

    0x101ffe00   0x101ffe00   0x00000040   Code   XO          907    Veneer$$CMSE        anon$$obj.o


==============================================================================

Image component sizes


      Code (inc. data)   RO Data    RW Data    ZI Data      Debug   Object Name

       292          0        164          0       2148       2749   cfa.o
        80          0          0          0          0       1967   led_v2m-mps2.o
       514          0         14          0          8       6738   main_s.o
      1452          0        738         20          4       9406   mtb.o
       550          0         46          0          0       2453   retarget_io.o
       910          0        176          0         16       3067   secure_functions.o
       110          0       1071          0          0       1776   startup_iotkit_cm33.o
       218          0          0          0          0       1532   stdout_usart.o
       444          0          0          4          0       3661   system_iotkit_cm33.o
      2024          6         84         16         32      13478   usart_v2m-mps2.o

    ----------------------------------------------------------------------
      6722          6       2328         40       6312      46827   Object Totals
        64          0         32          0       4104          0   (incl. Generated)
        64          0          3          0          0          0   (incl. Padding)

    ----------------------------------------------------------------------

      Code (inc. data)   RO Data    RW Data    ZI Data      Debug   Library Member Name

         8          0          0          0          0         68   __main.o
       392          4         17          0          0         92   __printf_flags_ss_wp.o
        14          0          0          0          0         68   __printf_wp.o
         0          0          0          0          0          0   __rtentry.o
        12          0          0          0          0          0   __rtentry2.o
         8          4          0          0          0          0   __rtentry7.o
        94          8          0          0          0          0   __scatter.o
        26          0          0          0          0          0   __scatter_copy.o
        28          0          0          0          0          0   __scatter_zi.o
        72          0          0          0          0         96   _c16rtomb.o
         6          0          0          0          0          0   _printf_a.o
         6          0          0          0          0          0   _printf_c.o
        44          0          0          0          0        108   _printf_char.o
        48          6          0          0          0         96   _printf_char_common.o
        36          4          0          0          0         80   _printf_char_file.o
        40          0          0          0          0         68   _printf_charcount.o
         6          0          0          0          0          0   _printf_d.o
       120         16          0          0          0         92   _printf_dec.o
         6          0          0          0          0          0   _printf_e.o
         6          0          0          0          0          0   _printf_f.o
      1052          0          0          0          0        148   _printf_fp_dec.o
       764          8         38          0          0        100   _printf_fp_hex.o
       128         16          0          0          0         84   _printf_fp_infnan.o
         6          0          0          0          0          0   _printf_g.o
       148          4         40          0          0        160   _printf_hex_int_ll_ptr.o
         6          0          0          0          0          0   _printf_i.o
       178          0          0          0          0         88   _printf_intcommon.o
        10          0          0          0          0          0   _printf_l.o
         6          0          0          0          0          0   _printf_lc.o
        10          0          0          0          0          0   _printf_ll.o
         6          0          0          0          0          0   _printf_lld.o
         6          0          0          0          0          0   _printf_lli.o
         6          0          0          0          0          0   _printf_llo.o
         6          0          0          0          0          0   _printf_llu.o
         6          0          0          0          0          0   _printf_llx.o
       124         16          0          0          0         92   _printf_longlong_dec.o
         6          0          0          0          0          0   _printf_ls.o
         6          0          0          0          0          0   _printf_n.o
         6          0          0          0          0          0   _printf_o.o
       112          8          0          0          0        124   _printf_oct_int_ll.o
         6          0          0          0          0          0   _printf_p.o
        78          0          0          0          0        108   _printf_pad.o
         0          0          0          0          0          0   _printf_percent.o
         4          0          0          0          0          0   _printf_percent_end.o
         6          0          0          0          0          0   _printf_s.o
        82          0          0          0          0         80   _printf_str.o
        36          0          0          0          0         84   _printf_truncate.o
         6          0          0          0          0          0   _printf_u.o
        44          0          0          0          0        108   _printf_wchar.o
       188          6          8          0          0         92   _printf_wctomb.o
         6          0          0          0          0          0   _printf_x.o
       228          4        148          0          0         96   bigflt0.o
      1936        128          0          0          0        668   btod.o
        10          0          0          0          0         68   defsig_exit.o
        50          0          0          0          0         88   defsig_general.o
        80         58          0          0          0         76   defsig_rtmem_inner.o
        14          0          0          0          0         80   defsig_rtmem_outer.o
        52         38          0          0          0         76   defsig_rtred_inner.o
        14          0          0          0          0         80   defsig_rtred_outer.o
        18          0          0          0          0         80   exit.o
        76          0          0          0          0         88   fclose.o
         8          0          0          0          0         68   ferror.o
       482          0          0          0          0         92   flsbuf.o
       240          6          0          0          0        128   fopen.o
        28          0          0          0          0         68   fputc.o
       248          6          0          0          0         84   fseek.o
        66          0          0          0          0         76   ftell.o
        94          0          0          0          0         80   h1_alloc.o
        52          0          0          0          0         68   h1_extend.o
        78          0          0          0          0         80   h1_free.o
        12          0          0          0          0         84   h1_init.o
         4          0          0          0          0        136   hguard.o
         0          0          0          0          0          0   indicate_semi.o
       138          0          0          0          0        168   init_alloc.o
       312         46          0          0          0        112   initio.o
        44         10        272          0          0         76   lc_ctype_c.o
        44         10         28          0          0         76   lc_numeric_c.o
         2          0          0          0          0          0   libinit.o
        38          0          0          0          0          0   libinit2.o
        16          8          0          0          0          0   libinit5.o
         2          0          0          0          0          0   libshutdown.o
         6          0          0          0          0          0   libshutdown2.o
         0          0          0          0         96          0   libspace.o
       138          0          0          0          0         80   lludiv10.o
         0          0          0          0          0          0   maybetermalloc1.o
        88          0          0          0          0         76   memcmp.o
        24          4          0          0          0         84   printf.o
        16          4          0          0          0         76   rt_ctype_table.o
         8          4          0          0          0         68   rt_errno_addr_intlibspace.o
         8          4          0          0          0         68   rt_heap_descriptor_intlibspace.o
         8          4          0          0          0         68   rt_locale_intlibspace.o
        78          0          0          0          0         80   rt_memclr_w.o
         2          0          0          0          0          0   rtexit.o
        10          0          0          0          0          0   rtexit2.o
        70          0          0          0          0         80   setvbuf.o
       264          6          0          0          0        160   stdio.o
         0          0          0         12        252          0   stdio_streams.o
       124          0          0          0          0         88   strcmpv8m_maindsp.o
        12          4          0          0          0         68   sys_exit.o
        14          0          0          0          0         76   sys_wrch.o
         2          0          0          0          0         68   use_no_semi.o
        26          0          0          0          0        116   fpinit.o
         4          0          0          0          0        116   printf1.o
         4          0          0          0          0        116   printf2.o
         0          0          0          0          0          0   usenofp.o
        48          0          0          0          0        124   fpclassify.o

    ----------------------------------------------------------------------
      9378        444        552         12        348       6444   Library Totals
        18          0          1          0          0          0   (incl. Padding)

    ----------------------------------------------------------------------

      Code (inc. data)   RO Data    RW Data    ZI Data      Debug   Library Name

      9278        444        551         12        348       5972   c_w.l
        34          0          0          0          0        348   fz_wm.l
        48          0          0          0          0        124   m_wm.l

    ----------------------------------------------------------------------
      9378        444        552         12        348       6444   Library Totals

    ----------------------------------------------------------------------

==============================================================================


      Code (inc. data)   RO Data    RW Data    ZI Data      Debug   

     16100        450       2880         52       6660      49783   Grand Totals
     16100        450       2880         52       6660      49783   ELF Image Totals
     16100        450       2880         52          0          0   ROM Totals

==============================================================================

    Total RO  Size (Code + RO Data)                18980 (  18.54kB)
    Total RW  Size (RW Data + ZI Data)              6712 (   6.55kB)
    Total ROM Size (Code + RO Data + RW Data)      19032 (  18.59kB)

==============================================================================

