Component: Arm Compiler for Embedded 6.22 Tool: armlink [5ee90200]

==============================================================================

Section Cross References

    main_s.o(.text.Secure_LED_On) refers to led_v2m-mps2.o(.text.LED_On) for LED_On
    main_s.o(.ARM.exidx.text.Secure_LED_On) refers to main_s.o(.text.Secure_LED_On) for [Anonymous Symbol]
    main_s.o(.text.Secure_LED_Off) refers to led_v2m-mps2.o(.text.LED_Off) for LED_Off
    main_s.o(.ARM.exidx.text.Secure_LED_Off) refers to main_s.o(.text.Secure_LED_Off) for [Anonymous Symbol]
    main_s.o(.text.Secure_printf) refers to main_s.o(.rodata.str1.1) for .L.str
    main_s.o(.text.Secure_printf) refers to printf.o(.text) for printf
    main_s.o(.ARM.exidx.text.Secure_printf) refers to main_s.o(.text.Secure_printf) for [Anonymous Symbol]
    main_s.o(.text.Secure_LED_On_callback) refers to main_s.o(.bss.pfNonSecure_LED_On) for pfNonSecure_LED_On
    main_s.o(.ARM.exidx.text.Secure_LED_On_callback) refers to main_s.o(.text.Secure_LED_On_callback) for [Anonymous Symbol]
    main_s.o(.text.Secure_LED_Off_callback) refers to main_s.o(.bss.pfNonSecure_LED_Off) for pfNonSecure_LED_Off
    main_s.o(.ARM.exidx.text.Secure_LED_Off_callback) refers to main_s.o(.text.Secure_LED_Off_callback) for [Anonymous Symbol]
    main_s.o(.text.SysTick_Handler) refers to main_s.o(.bss.SysTick_Handler.ticks) for SysTick_Handler.ticks
    main_s.o(.text.SysTick_Handler) refers to led_v2m-mps2.o(.text.LED_On) for LED_On
    main_s.o(.text.SysTick_Handler) refers to led_v2m-mps2.o(.text.LED_Off) for LED_Off
    main_s.o(.text.SysTick_Handler) refers to main_s.o(.bss.pfNonSecure_LED_On) for pfNonSecure_LED_On
    main_s.o(.text.SysTick_Handler) refers to main_s.o(.bss.pfNonSecure_LED_Off) for pfNonSecure_LED_Off
    main_s.o(.text.SysTick_Handler) refers to main_s.o(.bss.SysTick_Handler.ticks_printf) for SysTick_Handler.ticks_printf
    main_s.o(.text.SysTick_Handler) refers to main_s.o(.rodata.str1.1) for .L.str.1
    main_s.o(.text.SysTick_Handler) refers to anon$$obj.o(Veneer$$CMSE) for Secure_printf
    main_s.o(.text.SysTick_Handler) refers to main_s.o(.data.text) for text
    main_s.o(.text.SysTick_Handler) refers to printf.o(.text) for printf
    main_s.o(.ARM.exidx.text.SysTick_Handler) refers to main_s.o(.text.SysTick_Handler) for [Anonymous Symbol]
    main_s.o(.text.stdout_putchar_) refers to usart_v2m-mps2.o(.rodata.Driver_USART0) for Driver_USART0
    main_s.o(.ARM.exidx.text.stdout_putchar_) refers to main_s.o(.text.stdout_putchar_) for [Anonymous Symbol]
    main_s.o(.text.main) refers to main_s.o(.text.SCB_GetFPUType) for SCB_GetFPUType
    main_s.o(.text.main) refers to main_s.o(.bss.x) for x
    main_s.o(.text.main) refers to system_iotkit_cm33.o(.text.SystemCoreClockUpdate) for SystemCoreClockUpdate
    main_s.o(.text.main) refers to stdout_usart.o(.text.stdout_init) for stdout_init
    main_s.o(.text.main) refers to led_v2m-mps2.o(.text.LED_Initialize) for LED_Initialize
    main_s.o(.text.main) refers to glcd_v2m-mps2.o(.text.GLCD_Initialize) for GLCD_Initialize
    main_s.o(.text.main) refers to glcd_fonts.o(.rodata.GLCD_Font_16x24) for GLCD_Font_16x24
    main_s.o(.text.main) refers to glcd_v2m-mps2.o(.text.GLCD_SetFont) for GLCD_SetFont
    main_s.o(.text.main) refers to glcd_v2m-mps2.o(.text.GLCD_SetBackgroundColor) for GLCD_SetBackgroundColor
    main_s.o(.text.main) refers to glcd_v2m-mps2.o(.text.GLCD_ClearScreen) for GLCD_ClearScreen
    main_s.o(.text.main) refers to glcd_v2m-mps2.o(.text.GLCD_SetForegroundColor) for GLCD_SetForegroundColor
    main_s.o(.text.main) refers to main_s.o(.rodata.str1.1) for .L.str.3
    main_s.o(.text.main) refers to glcd_v2m-mps2.o(.text.GLCD_DrawString) for GLCD_DrawString
    main_s.o(.text.main) refers to system_iotkit_cm33.o(.data.SystemCoreClock) for SystemCoreClock
    main_s.o(.text.main) refers to main_s.o(.text.SysTick_Config) for SysTick_Config
    main_s.o(.text.main) refers to main_s.o(.text.stdout_putchar_) for stdout_putchar_
    main_s.o(.ARM.exidx.text.main) refers to main_s.o(.text.main) for [Anonymous Symbol]
    main_s.o(.ARM.exidx.text.SCB_GetFPUType) refers to main_s.o(.text.SCB_GetFPUType) for [Anonymous Symbol]
    main_s.o(.text.SysTick_Config) refers to main_s.o(.text.__NVIC_SetPriority) for __NVIC_SetPriority
    main_s.o(.ARM.exidx.text.SysTick_Config) refers to main_s.o(.text.SysTick_Config) for [Anonymous Symbol]
    main_s.o(.ARM.exidx.text.__NVIC_SetPriority) refers to main_s.o(.text.__NVIC_SetPriority) for [Anonymous Symbol]
    stdout_usart.o(.text.stdout_init) refers to usart_v2m-mps2.o(.rodata.Driver_USART0) for Driver_USART0
    stdout_usart.o(.ARM.exidx.text.stdout_init) refers to stdout_usart.o(.text.stdout_init) for [Anonymous Symbol]
    stdout_usart.o(.text.stdout_putchar) refers to usart_v2m-mps2.o(.rodata.Driver_USART0) for Driver_USART0
    stdout_usart.o(.ARM.exidx.text.stdout_putchar) refers to stdout_usart.o(.text.stdout_putchar) for [Anonymous Symbol]
    glcd_fonts.o(.rodata.GLCD_Font_6x8) refers to glcd_fonts.o(.rodata.Font_6x8_h) for [Anonymous Symbol]
    glcd_fonts.o(.rodata.GLCD_Font_16x24) refers to glcd_fonts.o(.rodata.Font_16x24_h) for [Anonymous Symbol]
    glcd_v2m-mps2.o(.text.GLCD_Initialize) refers to glcd_v2m-mps2.o(.text.delay_ms) for delay_ms
    glcd_v2m-mps2.o(.text.GLCD_Initialize) refers to glcd_v2m-mps2.o(.text.wr_reg) for wr_reg
    glcd_v2m-mps2.o(.ARM.exidx.text.GLCD_Initialize) refers to glcd_v2m-mps2.o(.text.GLCD_Initialize) for [Anonymous Symbol]
    glcd_v2m-mps2.o(.text.delay_ms) refers to system_iotkit_cm33.o(.data.SystemCoreClock) for SystemCoreClock
    glcd_v2m-mps2.o(.ARM.exidx.text.delay_ms) refers to glcd_v2m-mps2.o(.text.delay_ms) for [Anonymous Symbol]
    glcd_v2m-mps2.o(.text.wr_reg) refers to glcd_v2m-mps2.o(.text.wr_cmd) for wr_cmd
    glcd_v2m-mps2.o(.text.wr_reg) refers to glcd_v2m-mps2.o(.text.wr_dat) for wr_dat
    glcd_v2m-mps2.o(.ARM.exidx.text.wr_reg) refers to glcd_v2m-mps2.o(.text.wr_reg) for [Anonymous Symbol]
    glcd_v2m-mps2.o(.ARM.exidx.text.GLCD_Uninitialize) refers to glcd_v2m-mps2.o(.text.GLCD_Uninitialize) for [Anonymous Symbol]
    glcd_v2m-mps2.o(.text.GLCD_SetForegroundColor) refers to glcd_v2m-mps2.o(.bss.foreground_color) for foreground_color
    glcd_v2m-mps2.o(.ARM.exidx.text.GLCD_SetForegroundColor) refers to glcd_v2m-mps2.o(.text.GLCD_SetForegroundColor) for [Anonymous Symbol]
    glcd_v2m-mps2.o(.text.GLCD_SetBackgroundColor) refers to glcd_v2m-mps2.o(.data.background_color) for background_color
    glcd_v2m-mps2.o(.ARM.exidx.text.GLCD_SetBackgroundColor) refers to glcd_v2m-mps2.o(.text.GLCD_SetBackgroundColor) for [Anonymous Symbol]
    glcd_v2m-mps2.o(.text.GLCD_ClearScreen) refers to glcd_v2m-mps2.o(.text.GLCD_SetWindow) for GLCD_SetWindow
    glcd_v2m-mps2.o(.text.GLCD_ClearScreen) refers to glcd_v2m-mps2.o(.text.wr_cmd) for wr_cmd
    glcd_v2m-mps2.o(.text.GLCD_ClearScreen) refers to glcd_v2m-mps2.o(.text.wr_dat_start) for wr_dat_start
    glcd_v2m-mps2.o(.text.GLCD_ClearScreen) refers to glcd_v2m-mps2.o(.data.background_color) for background_color
    glcd_v2m-mps2.o(.text.GLCD_ClearScreen) refers to glcd_v2m-mps2.o(.text.wr_dat_only) for wr_dat_only
    glcd_v2m-mps2.o(.text.GLCD_ClearScreen) refers to glcd_v2m-mps2.o(.text.wr_dat_stop) for wr_dat_stop
    glcd_v2m-mps2.o(.ARM.exidx.text.GLCD_ClearScreen) refers to glcd_v2m-mps2.o(.text.GLCD_ClearScreen) for [Anonymous Symbol]
    glcd_v2m-mps2.o(.text.GLCD_SetWindow) refers to glcd_v2m-mps2.o(.text.wr_reg) for wr_reg
    glcd_v2m-mps2.o(.ARM.exidx.text.GLCD_SetWindow) refers to glcd_v2m-mps2.o(.text.GLCD_SetWindow) for [Anonymous Symbol]
    glcd_v2m-mps2.o(.text.wr_cmd) refers to glcd_v2m-mps2.o(.text.spi_tran) for spi_tran
    glcd_v2m-mps2.o(.ARM.exidx.text.wr_cmd) refers to glcd_v2m-mps2.o(.text.wr_cmd) for [Anonymous Symbol]
    glcd_v2m-mps2.o(.text.wr_dat_start) refers to glcd_v2m-mps2.o(.text.spi_tran) for spi_tran
    glcd_v2m-mps2.o(.ARM.exidx.text.wr_dat_start) refers to glcd_v2m-mps2.o(.text.wr_dat_start) for [Anonymous Symbol]
    glcd_v2m-mps2.o(.text.wr_dat_only) refers to glcd_v2m-mps2.o(.text.spi_tran) for spi_tran
    glcd_v2m-mps2.o(.ARM.exidx.text.wr_dat_only) refers to glcd_v2m-mps2.o(.text.wr_dat_only) for [Anonymous Symbol]
    glcd_v2m-mps2.o(.ARM.exidx.text.wr_dat_stop) refers to glcd_v2m-mps2.o(.text.wr_dat_stop) for [Anonymous Symbol]
    glcd_v2m-mps2.o(.text.GLCD_SetFont) refers to glcd_v2m-mps2.o(.bss.active_font) for active_font
    glcd_v2m-mps2.o(.ARM.exidx.text.GLCD_SetFont) refers to glcd_v2m-mps2.o(.text.GLCD_SetFont) for [Anonymous Symbol]
    glcd_v2m-mps2.o(.text.GLCD_DrawPixel) refers to glcd_v2m-mps2.o(.text.wr_reg) for wr_reg
    glcd_v2m-mps2.o(.text.GLCD_DrawPixel) refers to glcd_v2m-mps2.o(.text.wr_cmd) for wr_cmd
    glcd_v2m-mps2.o(.text.GLCD_DrawPixel) refers to glcd_v2m-mps2.o(.bss.foreground_color) for foreground_color
    glcd_v2m-mps2.o(.text.GLCD_DrawPixel) refers to glcd_v2m-mps2.o(.text.wr_dat) for wr_dat
    glcd_v2m-mps2.o(.ARM.exidx.text.GLCD_DrawPixel) refers to glcd_v2m-mps2.o(.text.GLCD_DrawPixel) for [Anonymous Symbol]
    glcd_v2m-mps2.o(.text.wr_dat) refers to glcd_v2m-mps2.o(.text.spi_tran) for spi_tran
    glcd_v2m-mps2.o(.ARM.exidx.text.wr_dat) refers to glcd_v2m-mps2.o(.text.wr_dat) for [Anonymous Symbol]
    glcd_v2m-mps2.o(.text.GLCD_DrawHLine) refers to glcd_v2m-mps2.o(.text.GLCD_SetWindow) for GLCD_SetWindow
    glcd_v2m-mps2.o(.text.GLCD_DrawHLine) refers to glcd_v2m-mps2.o(.text.wr_cmd) for wr_cmd
    glcd_v2m-mps2.o(.text.GLCD_DrawHLine) refers to glcd_v2m-mps2.o(.text.wr_dat_start) for wr_dat_start
    glcd_v2m-mps2.o(.text.GLCD_DrawHLine) refers to glcd_v2m-mps2.o(.bss.foreground_color) for foreground_color
    glcd_v2m-mps2.o(.text.GLCD_DrawHLine) refers to glcd_v2m-mps2.o(.text.wr_dat_only) for wr_dat_only
    glcd_v2m-mps2.o(.text.GLCD_DrawHLine) refers to glcd_v2m-mps2.o(.text.wr_dat_stop) for wr_dat_stop
    glcd_v2m-mps2.o(.ARM.exidx.text.GLCD_DrawHLine) refers to glcd_v2m-mps2.o(.text.GLCD_DrawHLine) for [Anonymous Symbol]
    glcd_v2m-mps2.o(.text.GLCD_DrawVLine) refers to glcd_v2m-mps2.o(.text.GLCD_SetWindow) for GLCD_SetWindow
    glcd_v2m-mps2.o(.text.GLCD_DrawVLine) refers to glcd_v2m-mps2.o(.text.wr_cmd) for wr_cmd
    glcd_v2m-mps2.o(.text.GLCD_DrawVLine) refers to glcd_v2m-mps2.o(.text.wr_dat_start) for wr_dat_start
    glcd_v2m-mps2.o(.text.GLCD_DrawVLine) refers to glcd_v2m-mps2.o(.bss.foreground_color) for foreground_color
    glcd_v2m-mps2.o(.text.GLCD_DrawVLine) refers to glcd_v2m-mps2.o(.text.wr_dat_only) for wr_dat_only
    glcd_v2m-mps2.o(.text.GLCD_DrawVLine) refers to glcd_v2m-mps2.o(.text.wr_dat_stop) for wr_dat_stop
    glcd_v2m-mps2.o(.ARM.exidx.text.GLCD_DrawVLine) refers to glcd_v2m-mps2.o(.text.GLCD_DrawVLine) for [Anonymous Symbol]
    glcd_v2m-mps2.o(.text.GLCD_DrawRectangle) refers to glcd_v2m-mps2.o(.text.GLCD_DrawHLine) for GLCD_DrawHLine
    glcd_v2m-mps2.o(.text.GLCD_DrawRectangle) refers to glcd_v2m-mps2.o(.text.GLCD_DrawVLine) for GLCD_DrawVLine
    glcd_v2m-mps2.o(.ARM.exidx.text.GLCD_DrawRectangle) refers to glcd_v2m-mps2.o(.text.GLCD_DrawRectangle) for [Anonymous Symbol]
    glcd_v2m-mps2.o(.text.GLCD_DrawChar) refers to glcd_v2m-mps2.o(.bss.active_font) for active_font
    glcd_v2m-mps2.o(.text.GLCD_DrawChar) refers to glcd_v2m-mps2.o(.text.GLCD_SetWindow) for GLCD_SetWindow
    glcd_v2m-mps2.o(.text.GLCD_DrawChar) refers to glcd_v2m-mps2.o(.text.wr_cmd) for wr_cmd
    glcd_v2m-mps2.o(.text.GLCD_DrawChar) refers to glcd_v2m-mps2.o(.text.wr_dat_start) for wr_dat_start
    glcd_v2m-mps2.o(.text.GLCD_DrawChar) refers to glcd_v2m-mps2.o(.bss.foreground_color) for foreground_color
    glcd_v2m-mps2.o(.text.GLCD_DrawChar) refers to glcd_v2m-mps2.o(.data.background_color) for background_color
    glcd_v2m-mps2.o(.text.GLCD_DrawChar) refers to glcd_v2m-mps2.o(.text.wr_dat_only) for wr_dat_only
    glcd_v2m-mps2.o(.text.GLCD_DrawChar) refers to glcd_v2m-mps2.o(.text.wr_dat_stop) for wr_dat_stop
    glcd_v2m-mps2.o(.ARM.exidx.text.GLCD_DrawChar) refers to glcd_v2m-mps2.o(.text.GLCD_DrawChar) for [Anonymous Symbol]
    glcd_v2m-mps2.o(.text.GLCD_DrawString) refers to glcd_v2m-mps2.o(.text.GLCD_DrawChar) for GLCD_DrawChar
    glcd_v2m-mps2.o(.text.GLCD_DrawString) refers to glcd_v2m-mps2.o(.bss.active_font) for active_font
    glcd_v2m-mps2.o(.ARM.exidx.text.GLCD_DrawString) refers to glcd_v2m-mps2.o(.text.GLCD_DrawString) for [Anonymous Symbol]
    glcd_v2m-mps2.o(.text.GLCD_DrawBargraph) refers to glcd_v2m-mps2.o(.text.GLCD_SetWindow) for GLCD_SetWindow
    glcd_v2m-mps2.o(.text.GLCD_DrawBargraph) refers to glcd_v2m-mps2.o(.text.wr_cmd) for wr_cmd
    glcd_v2m-mps2.o(.text.GLCD_DrawBargraph) refers to glcd_v2m-mps2.o(.text.wr_dat_start) for wr_dat_start
    glcd_v2m-mps2.o(.text.GLCD_DrawBargraph) refers to glcd_v2m-mps2.o(.data.background_color) for background_color
    glcd_v2m-mps2.o(.text.GLCD_DrawBargraph) refers to glcd_v2m-mps2.o(.text.wr_dat_only) for wr_dat_only
    glcd_v2m-mps2.o(.text.GLCD_DrawBargraph) refers to glcd_v2m-mps2.o(.bss.foreground_color) for foreground_color
    glcd_v2m-mps2.o(.text.GLCD_DrawBargraph) refers to glcd_v2m-mps2.o(.text.wr_dat_stop) for wr_dat_stop
    glcd_v2m-mps2.o(.ARM.exidx.text.GLCD_DrawBargraph) refers to glcd_v2m-mps2.o(.text.GLCD_DrawBargraph) for [Anonymous Symbol]
    glcd_v2m-mps2.o(.text.GLCD_DrawBitmap) refers to glcd_v2m-mps2.o(.text.GLCD_SetWindow) for GLCD_SetWindow
    glcd_v2m-mps2.o(.text.GLCD_DrawBitmap) refers to glcd_v2m-mps2.o(.text.wr_cmd) for wr_cmd
    glcd_v2m-mps2.o(.text.GLCD_DrawBitmap) refers to glcd_v2m-mps2.o(.text.wr_dat_start) for wr_dat_start
    glcd_v2m-mps2.o(.text.GLCD_DrawBitmap) refers to glcd_v2m-mps2.o(.text.wr_dat_only) for wr_dat_only
    glcd_v2m-mps2.o(.text.GLCD_DrawBitmap) refers to glcd_v2m-mps2.o(.text.wr_dat_stop) for wr_dat_stop
    glcd_v2m-mps2.o(.ARM.exidx.text.GLCD_DrawBitmap) refers to glcd_v2m-mps2.o(.text.GLCD_DrawBitmap) for [Anonymous Symbol]
    glcd_v2m-mps2.o(.ARM.exidx.text.GLCD_VScroll) refers to glcd_v2m-mps2.o(.text.GLCD_VScroll) for [Anonymous Symbol]
    glcd_v2m-mps2.o(.text.GLCD_FrameBufferAccess) refers to glcd_v2m-mps2.o(.text.GLCD_SetWindow) for GLCD_SetWindow
    glcd_v2m-mps2.o(.text.GLCD_FrameBufferAccess) refers to glcd_v2m-mps2.o(.text.wr_reg) for wr_reg
    glcd_v2m-mps2.o(.text.GLCD_FrameBufferAccess) refers to glcd_v2m-mps2.o(.text.wr_cmd) for wr_cmd
    glcd_v2m-mps2.o(.ARM.exidx.text.GLCD_FrameBufferAccess) refers to glcd_v2m-mps2.o(.text.GLCD_FrameBufferAccess) for [Anonymous Symbol]
    glcd_v2m-mps2.o(.ARM.exidx.text.GLCD_FrameBufferAddress) refers to glcd_v2m-mps2.o(.text.GLCD_FrameBufferAddress) for [Anonymous Symbol]
    glcd_v2m-mps2.o(.ARM.exidx.text.spi_tran) refers to glcd_v2m-mps2.o(.text.spi_tran) for [Anonymous Symbol]
    led_v2m-mps2.o(.ARM.exidx.text.LED_Initialize) refers to led_v2m-mps2.o(.text.LED_Initialize) for [Anonymous Symbol]
    led_v2m-mps2.o(.ARM.exidx.text.LED_Uninitialize) refers to led_v2m-mps2.o(.text.LED_Uninitialize) for [Anonymous Symbol]
    led_v2m-mps2.o(.ARM.exidx.text.LED_On) refers to led_v2m-mps2.o(.text.LED_On) for [Anonymous Symbol]
    led_v2m-mps2.o(.ARM.exidx.text.LED_Off) refers to led_v2m-mps2.o(.text.LED_Off) for [Anonymous Symbol]
    led_v2m-mps2.o(.ARM.exidx.text.LED_SetOut) refers to led_v2m-mps2.o(.text.LED_SetOut) for [Anonymous Symbol]
    led_v2m-mps2.o(.ARM.exidx.text.LED_GetCount) refers to led_v2m-mps2.o(.text.LED_GetCount) for [Anonymous Symbol]
    usart_v2m-mps2.o(.text.UART0RX_Handler) refers to usart_v2m-mps2.o(.rodata.USART0_Resources) for USART0_Resources
    usart_v2m-mps2.o(.text.UART0RX_Handler) refers to usart_v2m-mps2.o(.text.USARTRX_IRQHandler) for USARTRX_IRQHandler
    usart_v2m-mps2.o(.ARM.exidx.text.UART0RX_Handler) refers to usart_v2m-mps2.o(.text.UART0RX_Handler) for [Anonymous Symbol]
    usart_v2m-mps2.o(.ARM.exidx.text.USARTRX_IRQHandler) refers to usart_v2m-mps2.o(.text.USARTRX_IRQHandler) for [Anonymous Symbol]
    usart_v2m-mps2.o(.text.UART0TX_Handler) refers to usart_v2m-mps2.o(.rodata.USART0_Resources) for USART0_Resources
    usart_v2m-mps2.o(.text.UART0TX_Handler) refers to usart_v2m-mps2.o(.text.USARTTX_IRQHandler) for USARTTX_IRQHandler
    usart_v2m-mps2.o(.ARM.exidx.text.UART0TX_Handler) refers to usart_v2m-mps2.o(.text.UART0TX_Handler) for [Anonymous Symbol]
    usart_v2m-mps2.o(.ARM.exidx.text.USARTTX_IRQHandler) refers to usart_v2m-mps2.o(.text.USARTTX_IRQHandler) for [Anonymous Symbol]
    usart_v2m-mps2.o(.ARM.exidx.text.USARTx_GetVersion) refers to usart_v2m-mps2.o(.text.USARTx_GetVersion) for [Anonymous Symbol]
    usart_v2m-mps2.o(.text.USART0_GetCapabilities) refers to usart_v2m-mps2.o(.rodata.USART0_Resources) for USART0_Resources
    usart_v2m-mps2.o(.text.USART0_GetCapabilities) refers to usart_v2m-mps2.o(.text.USART_GetCapabilities) for USART_GetCapabilities
    usart_v2m-mps2.o(.ARM.exidx.text.USART0_GetCapabilities) refers to usart_v2m-mps2.o(.text.USART0_GetCapabilities) for [Anonymous Symbol]
    usart_v2m-mps2.o(.text.USART0_Initialize) refers to usart_v2m-mps2.o(.rodata.USART0_Resources) for USART0_Resources
    usart_v2m-mps2.o(.text.USART0_Initialize) refers to usart_v2m-mps2.o(.text.USART_Initialize) for USART_Initialize
    usart_v2m-mps2.o(.ARM.exidx.text.USART0_Initialize) refers to usart_v2m-mps2.o(.text.USART0_Initialize) for [Anonymous Symbol]
    usart_v2m-mps2.o(.text.USART0_Uninitialize) refers to usart_v2m-mps2.o(.rodata.USART0_Resources) for USART0_Resources
    usart_v2m-mps2.o(.text.USART0_Uninitialize) refers to usart_v2m-mps2.o(.text.USART_Uninitialize) for USART_Uninitialize
    usart_v2m-mps2.o(.ARM.exidx.text.USART0_Uninitialize) refers to usart_v2m-mps2.o(.text.USART0_Uninitialize) for [Anonymous Symbol]
    usart_v2m-mps2.o(.text.USART0_PowerControl) refers to usart_v2m-mps2.o(.rodata.USART0_Resources) for USART0_Resources
    usart_v2m-mps2.o(.text.USART0_PowerControl) refers to usart_v2m-mps2.o(.text.USART_PowerControl) for USART_PowerControl
    usart_v2m-mps2.o(.ARM.exidx.text.USART0_PowerControl) refers to usart_v2m-mps2.o(.text.USART0_PowerControl) for [Anonymous Symbol]
    usart_v2m-mps2.o(.text.USART0_Send) refers to usart_v2m-mps2.o(.rodata.USART0_Resources) for USART0_Resources
    usart_v2m-mps2.o(.text.USART0_Send) refers to usart_v2m-mps2.o(.text.USART_Send) for USART_Send
    usart_v2m-mps2.o(.ARM.exidx.text.USART0_Send) refers to usart_v2m-mps2.o(.text.USART0_Send) for [Anonymous Symbol]
    usart_v2m-mps2.o(.text.USART0_Receive) refers to usart_v2m-mps2.o(.rodata.USART0_Resources) for USART0_Resources
    usart_v2m-mps2.o(.text.USART0_Receive) refers to usart_v2m-mps2.o(.text.USART_Receive) for USART_Receive
    usart_v2m-mps2.o(.ARM.exidx.text.USART0_Receive) refers to usart_v2m-mps2.o(.text.USART0_Receive) for [Anonymous Symbol]
    usart_v2m-mps2.o(.text.USART0_Transfer) refers to usart_v2m-mps2.o(.rodata.USART0_Resources) for USART0_Resources
    usart_v2m-mps2.o(.text.USART0_Transfer) refers to usart_v2m-mps2.o(.text.USART_Transfer) for USART_Transfer
    usart_v2m-mps2.o(.ARM.exidx.text.USART0_Transfer) refers to usart_v2m-mps2.o(.text.USART0_Transfer) for [Anonymous Symbol]
    usart_v2m-mps2.o(.text.USART0_GetTxCount) refers to usart_v2m-mps2.o(.rodata.USART0_Resources) for USART0_Resources
    usart_v2m-mps2.o(.text.USART0_GetTxCount) refers to usart_v2m-mps2.o(.text.USART_GetTxCount) for USART_GetTxCount
    usart_v2m-mps2.o(.ARM.exidx.text.USART0_GetTxCount) refers to usart_v2m-mps2.o(.text.USART0_GetTxCount) for [Anonymous Symbol]
    usart_v2m-mps2.o(.text.USART0_GetRxCount) refers to usart_v2m-mps2.o(.rodata.USART0_Resources) for USART0_Resources
    usart_v2m-mps2.o(.text.USART0_GetRxCount) refers to usart_v2m-mps2.o(.text.USART_GetRxCount) for USART_GetRxCount
    usart_v2m-mps2.o(.ARM.exidx.text.USART0_GetRxCount) refers to usart_v2m-mps2.o(.text.USART0_GetRxCount) for [Anonymous Symbol]
    usart_v2m-mps2.o(.text.USART0_Control) refers to usart_v2m-mps2.o(.rodata.USART0_Resources) for USART0_Resources
    usart_v2m-mps2.o(.text.USART0_Control) refers to usart_v2m-mps2.o(.text.USART_Control) for USART_Control
    usart_v2m-mps2.o(.ARM.exidx.text.USART0_Control) refers to usart_v2m-mps2.o(.text.USART0_Control) for [Anonymous Symbol]
    usart_v2m-mps2.o(.text.USART0_GetStatus) refers to usart_v2m-mps2.o(.rodata.USART0_Resources) for USART0_Resources
    usart_v2m-mps2.o(.text.USART0_GetStatus) refers to usart_v2m-mps2.o(.text.USART_GetStatus) for USART_GetStatus
    usart_v2m-mps2.o(.ARM.exidx.text.USART0_GetStatus) refers to usart_v2m-mps2.o(.text.USART0_GetStatus) for [Anonymous Symbol]
    usart_v2m-mps2.o(.text.USART0_SetModemControl) refers to usart_v2m-mps2.o(.rodata.USART0_Resources) for USART0_Resources
    usart_v2m-mps2.o(.text.USART0_SetModemControl) refers to usart_v2m-mps2.o(.text.USART_SetModemControl) for USART_SetModemControl
    usart_v2m-mps2.o(.ARM.exidx.text.USART0_SetModemControl) refers to usart_v2m-mps2.o(.text.USART0_SetModemControl) for [Anonymous Symbol]
    usart_v2m-mps2.o(.text.USART0_GetModemStatus) refers to usart_v2m-mps2.o(.rodata.USART0_Resources) for USART0_Resources
    usart_v2m-mps2.o(.text.USART0_GetModemStatus) refers to usart_v2m-mps2.o(.text.USART_GetModemStatus) for USART_GetModemStatus
    usart_v2m-mps2.o(.ARM.exidx.text.USART0_GetModemStatus) refers to usart_v2m-mps2.o(.text.USART0_GetModemStatus) for [Anonymous Symbol]
    usart_v2m-mps2.o(.ARM.exidx.text.USART_GetCapabilities) refers to usart_v2m-mps2.o(.text.USART_GetCapabilities) for [Anonymous Symbol]
    usart_v2m-mps2.o(.ARM.exidx.text.USART_Initialize) refers to usart_v2m-mps2.o(.text.USART_Initialize) for [Anonymous Symbol]
    usart_v2m-mps2.o(.ARM.exidx.text.USART_Uninitialize) refers to usart_v2m-mps2.o(.text.USART_Uninitialize) for [Anonymous Symbol]
    usart_v2m-mps2.o(.text.USART_PowerControl) refers to usart_v2m-mps2.o(.text.__NVIC_DisableIRQ) for __NVIC_DisableIRQ
    usart_v2m-mps2.o(.text.USART_PowerControl) refers to usart_v2m-mps2.o(.text.__NVIC_ClearPendingIRQ) for __NVIC_ClearPendingIRQ
    usart_v2m-mps2.o(.text.USART_PowerControl) refers to usart_v2m-mps2.o(.text.__NVIC_EnableIRQ) for __NVIC_EnableIRQ
    usart_v2m-mps2.o(.ARM.exidx.text.USART_PowerControl) refers to usart_v2m-mps2.o(.text.USART_PowerControl) for [Anonymous Symbol]
    usart_v2m-mps2.o(.ARM.exidx.text.__NVIC_DisableIRQ) refers to usart_v2m-mps2.o(.text.__NVIC_DisableIRQ) for [Anonymous Symbol]
    usart_v2m-mps2.o(.ARM.exidx.text.__NVIC_ClearPendingIRQ) refers to usart_v2m-mps2.o(.text.__NVIC_ClearPendingIRQ) for [Anonymous Symbol]
    usart_v2m-mps2.o(.ARM.exidx.text.__NVIC_EnableIRQ) refers to usart_v2m-mps2.o(.text.__NVIC_EnableIRQ) for [Anonymous Symbol]
    usart_v2m-mps2.o(.ARM.exidx.text.USART_Send) refers to usart_v2m-mps2.o(.text.USART_Send) for [Anonymous Symbol]
    usart_v2m-mps2.o(.ARM.exidx.text.USART_Receive) refers to usart_v2m-mps2.o(.text.USART_Receive) for [Anonymous Symbol]
    usart_v2m-mps2.o(.ARM.exidx.text.USART_Transfer) refers to usart_v2m-mps2.o(.text.USART_Transfer) for [Anonymous Symbol]
    usart_v2m-mps2.o(.ARM.exidx.text.USART_GetTxCount) refers to usart_v2m-mps2.o(.text.USART_GetTxCount) for [Anonymous Symbol]
    usart_v2m-mps2.o(.ARM.exidx.text.USART_GetRxCount) refers to usart_v2m-mps2.o(.text.USART_GetRxCount) for [Anonymous Symbol]
    usart_v2m-mps2.o(.text.USART_Control) refers to system_iotkit_cm33.o(.data.SystemCoreClock) for SystemCoreClock
    usart_v2m-mps2.o(.ARM.exidx.text.USART_Control) refers to usart_v2m-mps2.o(.text.USART_Control) for [Anonymous Symbol]
    usart_v2m-mps2.o(.ARM.exidx.text.USART_GetStatus) refers to usart_v2m-mps2.o(.text.USART_GetStatus) for [Anonymous Symbol]
    usart_v2m-mps2.o(.ARM.exidx.text.USART_SetModemControl) refers to usart_v2m-mps2.o(.text.USART_SetModemControl) for [Anonymous Symbol]
    usart_v2m-mps2.o(.ARM.exidx.text.USART_GetModemStatus) refers to usart_v2m-mps2.o(.text.USART_GetModemStatus) for [Anonymous Symbol]
    usart_v2m-mps2.o(.rodata.Driver_USART0) refers to usart_v2m-mps2.o(.text.USARTx_GetVersion) for USARTx_GetVersion
    usart_v2m-mps2.o(.rodata.Driver_USART0) refers to usart_v2m-mps2.o(.text.USART0_GetCapabilities) for USART0_GetCapabilities
    usart_v2m-mps2.o(.rodata.Driver_USART0) refers to usart_v2m-mps2.o(.text.USART0_Initialize) for USART0_Initialize
    usart_v2m-mps2.o(.rodata.Driver_USART0) refers to usart_v2m-mps2.o(.text.USART0_Uninitialize) for USART0_Uninitialize
    usart_v2m-mps2.o(.rodata.Driver_USART0) refers to usart_v2m-mps2.o(.text.USART0_PowerControl) for USART0_PowerControl
    usart_v2m-mps2.o(.rodata.Driver_USART0) refers to usart_v2m-mps2.o(.text.USART0_Send) for USART0_Send
    usart_v2m-mps2.o(.rodata.Driver_USART0) refers to usart_v2m-mps2.o(.text.USART0_Receive) for USART0_Receive
    usart_v2m-mps2.o(.rodata.Driver_USART0) refers to usart_v2m-mps2.o(.text.USART0_Transfer) for USART0_Transfer
    usart_v2m-mps2.o(.rodata.Driver_USART0) refers to usart_v2m-mps2.o(.text.USART0_GetTxCount) for USART0_GetTxCount
    usart_v2m-mps2.o(.rodata.Driver_USART0) refers to usart_v2m-mps2.o(.text.USART0_GetRxCount) for USART0_GetRxCount
    usart_v2m-mps2.o(.rodata.Driver_USART0) refers to usart_v2m-mps2.o(.text.USART0_Control) for USART0_Control
    usart_v2m-mps2.o(.rodata.Driver_USART0) refers to usart_v2m-mps2.o(.text.USART0_GetStatus) for USART0_GetStatus
    usart_v2m-mps2.o(.rodata.Driver_USART0) refers to usart_v2m-mps2.o(.text.USART0_SetModemControl) for USART0_SetModemControl
    usart_v2m-mps2.o(.rodata.Driver_USART0) refers to usart_v2m-mps2.o(.text.USART0_GetModemStatus) for USART0_GetModemStatus
    usart_v2m-mps2.o(.rodata.USART0_Resources) refers to usart_v2m-mps2.o(.data.USART0_pin_rx) for [Anonymous Symbol]
    usart_v2m-mps2.o(.rodata.USART0_Resources) refers to usart_v2m-mps2.o(.data.USART0_pin_tx) for [Anonymous Symbol]
    usart_v2m-mps2.o(.rodata.USART0_Resources) refers to usart_v2m-mps2.o(.bss.USART0_Info) for [Anonymous Symbol]
    usart_v2m-mps2.o(.rodata.USART0_Resources) refers to usart_v2m-mps2.o(.bss.USART0_TransferInfo) for [Anonymous Symbol]
    retarget_io.o(.text._sys_open) refers to retarget_io.o(.rodata.str1.1) for .L.str
    retarget_io.o(.text._sys_open) refers to strcmpv8m_maindsp.o(.text) for strcmp
    retarget_io.o(.ARM.exidx.text._sys_open) refers to retarget_io.o(.text._sys_open) for [Anonymous Symbol]
    retarget_io.o(.ARM.exidx.text._sys_close) refers to retarget_io.o(.text._sys_close) for [Anonymous Symbol]
    retarget_io.o(.text._sys_write) refers to stdout_usart.o(.text.stdout_putchar) for stdout_putchar
    retarget_io.o(.ARM.exidx.text._sys_write) refers to retarget_io.o(.text._sys_write) for [Anonymous Symbol]
    retarget_io.o(.ARM.exidx.text._sys_read) refers to retarget_io.o(.text._sys_read) for [Anonymous Symbol]
    retarget_io.o(.ARM.exidx.text._sys_istty) refers to retarget_io.o(.text._sys_istty) for [Anonymous Symbol]
    retarget_io.o(.ARM.exidx.text._sys_seek) refers to retarget_io.o(.text._sys_seek) for [Anonymous Symbol]
    retarget_io.o(.ARM.exidx.text._sys_flen) refers to retarget_io.o(.text._sys_flen) for [Anonymous Symbol]
    startup_iotkit_cm33.o(.ARM.exidx.text.Default_Handler) refers to startup_iotkit_cm33.o(.text.Default_Handler) for [Anonymous Symbol]
    startup_iotkit_cm33.o(.text.Reset_Handler) refers to system_iotkit_cm33.o(.text.SystemInit) for SystemInit
    startup_iotkit_cm33.o(.text.Reset_Handler) refers to __main.o(!!!main) for __main
    startup_iotkit_cm33.o(.ARM.exidx.text.Reset_Handler) refers to startup_iotkit_cm33.o(.text.Reset_Handler) for [Anonymous Symbol]
    startup_iotkit_cm33.o(.ARM.exidx.text.HardFault_Handler) refers to startup_iotkit_cm33.o(.text.HardFault_Handler) for [Anonymous Symbol]
    startup_iotkit_cm33.o(RESET) refers to startup_iotkit_cm33.o(.text.Reset_Handler) for Reset_Handler
    startup_iotkit_cm33.o(RESET) refers to startup_iotkit_cm33.o(.text.Default_Handler) for NMI_Handler
    startup_iotkit_cm33.o(RESET) refers to startup_iotkit_cm33.o(.text.HardFault_Handler) for HardFault_Handler
    startup_iotkit_cm33.o(RESET) refers to main_s.o(.text.SysTick_Handler) for SysTick_Handler
    startup_iotkit_cm33.o(RESET) refers to usart_v2m-mps2.o(.text.UART0RX_Handler) for UART0RX_Handler
    startup_iotkit_cm33.o(RESET) refers to usart_v2m-mps2.o(.text.UART0TX_Handler) for UART0TX_Handler
    system_iotkit_cm33.o(.text.SystemCoreClockUpdate) refers to system_iotkit_cm33.o(.data.SystemCoreClock) for SystemCoreClock
    system_iotkit_cm33.o(.ARM.exidx.text.SystemCoreClockUpdate) refers to system_iotkit_cm33.o(.text.SystemCoreClockUpdate) for [Anonymous Symbol]
    system_iotkit_cm33.o(.text.SystemInit) refers to startup_iotkit_cm33.o(RESET) for __Vectors
    system_iotkit_cm33.o(.text.SystemInit) refers to system_iotkit_cm33.o(.text.TZ_SAU_Setup) for TZ_SAU_Setup
    system_iotkit_cm33.o(.text.SystemInit) refers to system_iotkit_cm33.o(.data.SystemCoreClock) for SystemCoreClock
    system_iotkit_cm33.o(.ARM.exidx.text.SystemInit) refers to system_iotkit_cm33.o(.text.SystemInit) for [Anonymous Symbol]
    system_iotkit_cm33.o(.ARM.exidx.text.TZ_SAU_Setup) refers to system_iotkit_cm33.o(.text.TZ_SAU_Setup) for [Anonymous Symbol]
    printf.o(.text) refers (Special) to _printf_a.o(.ARM.Collect$$_printf_percent$$00000006) for _printf_a
    printf.o(.text) refers (Special) to _printf_c.o(.ARM.Collect$$_printf_percent$$00000013) for _printf_c
    printf.o(.text) refers (Special) to _printf_charcount.o(.text) for _printf_charcount
    printf.o(.text) refers (Special) to _printf_d.o(.ARM.Collect$$_printf_percent$$00000009) for _printf_d
    printf.o(.text) refers (Special) to _printf_e.o(.ARM.Collect$$_printf_percent$$00000004) for _printf_e
    printf.o(.text) refers (Special) to _printf_f.o(.ARM.Collect$$_printf_percent$$00000003) for _printf_f
    printf.o(.text) refers (Special) to printf1.o(x$fpl$printf1) for _printf_fp_dec
    printf.o(.text) refers (Special) to printf2.o(x$fpl$printf2) for _printf_fp_hex
    printf.o(.text) refers (Special) to _printf_g.o(.ARM.Collect$$_printf_percent$$00000005) for _printf_g
    printf.o(.text) refers (Special) to _printf_i.o(.ARM.Collect$$_printf_percent$$00000008) for _printf_i
    printf.o(.text) refers (Special) to _printf_dec.o(.text) for _printf_int_dec
    printf.o(.text) refers (Special) to _printf_l.o(.ARM.Collect$$_printf_percent$$00000012) for _printf_l
    printf.o(.text) refers (Special) to _printf_lc.o(.ARM.Collect$$_printf_percent$$00000015) for _printf_lc
    printf.o(.text) refers (Special) to _printf_ll.o(.ARM.Collect$$_printf_percent$$00000007) for _printf_ll
    printf.o(.text) refers (Special) to _printf_lld.o(.ARM.Collect$$_printf_percent$$0000000E) for _printf_lld
    printf.o(.text) refers (Special) to _printf_lli.o(.ARM.Collect$$_printf_percent$$0000000D) for _printf_lli
    printf.o(.text) refers (Special) to _printf_llo.o(.ARM.Collect$$_printf_percent$$00000010) for _printf_llo
    printf.o(.text) refers (Special) to _printf_llu.o(.ARM.Collect$$_printf_percent$$0000000F) for _printf_llu
    printf.o(.text) refers (Special) to _printf_llx.o(.ARM.Collect$$_printf_percent$$00000011) for _printf_llx
    printf.o(.text) refers (Special) to _printf_longlong_dec.o(.text) for _printf_longlong_dec
    printf.o(.text) refers (Special) to _printf_hex_int_ll_ptr.o(.text) for _printf_longlong_hex
    printf.o(.text) refers (Special) to _printf_oct_int_ll.o(.text) for _printf_longlong_oct
    printf.o(.text) refers (Special) to _printf_ls.o(.ARM.Collect$$_printf_percent$$00000016) for _printf_ls
    printf.o(.text) refers (Special) to _printf_n.o(.ARM.Collect$$_printf_percent$$00000001) for _printf_n
    printf.o(.text) refers (Special) to _printf_o.o(.ARM.Collect$$_printf_percent$$0000000B) for _printf_o
    printf.o(.text) refers (Special) to _printf_p.o(.ARM.Collect$$_printf_percent$$00000002) for _printf_p
    printf.o(.text) refers (Special) to _printf_percent.o(.ARM.Collect$$_printf_percent$$00000000) for _printf_percent
    printf.o(.text) refers (Special) to _printf_pad.o(.text) for _printf_post_padding
    printf.o(.text) refers (Special) to _printf_s.o(.ARM.Collect$$_printf_percent$$00000014) for _printf_s
    printf.o(.text) refers (Special) to _printf_str.o(.text) for _printf_str
    printf.o(.text) refers (Special) to _printf_truncate.o(.text) for _printf_truncate_signed
    printf.o(.text) refers (Special) to _printf_u.o(.ARM.Collect$$_printf_percent$$0000000A) for _printf_u
    printf.o(.text) refers (Special) to _printf_wctomb.o(.text) for _printf_wctomb
    printf.o(.text) refers (Special) to _printf_x.o(.ARM.Collect$$_printf_percent$$0000000C) for _printf_x
    printf.o(.text) refers to _printf_char_file.o(.text) for _printf_char_file
    printf.o(.text) refers to stdio_streams.o(.bss) for __stdout
    __main.o(!!!main) refers to __rtentry.o(.ARM.Collect$$rtentry$$00000000) for __rt_entry
    __rtentry.o(.ARM.Collect$$rtentry$$00000000) refers (Special) to __rtentry2.o(.ARM.Collect$$rtentry$$0000000A) for __rt_entry_li
    __rtentry.o(.ARM.Collect$$rtentry$$00000000) refers (Special) to __rtentry2.o(.ARM.Collect$$rtentry$$0000000D) for __rt_entry_main
    __rtentry.o(.ARM.Collect$$rtentry$$00000000) refers (Special) to __rtentry2.o(.ARM.Collect$$rtentry$$0000000C) for __rt_entry_postli_1
    __rtentry.o(.ARM.Collect$$rtentry$$00000000) refers (Special) to __rtentry2.o(.ARM.Collect$$rtentry$$00000009) for __rt_entry_postsh_1
    __rtentry.o(.ARM.Collect$$rtentry$$00000000) refers (Special) to __rtentry2.o(.ARM.Collect$$rtentry$$00000002) for __rt_entry_presh_1
    __rtentry.o(.ARM.Collect$$rtentry$$00000000) refers (Special) to __rtentry7.o(.ARM.Collect$$rtentry$$00000007) for __rt_entry_sh
    __printf.o(.text) refers to _printf_percent.o(.ARM.Collect$$_printf_percent$$00000000) for _printf_percent
    _printf_str.o(.text) refers (Special) to _printf_char.o(.text) for _printf_cs_common
    _printf_str.o(.text) refers (Weak) to _printf_pad.o(.text) for _printf_pre_padding
    _printf_str.o(.text) refers (Weak) to _printf_pad.o(.text) for _printf_post_padding
    _printf_dec.o(.text) refers (Weak) to _printf_truncate.o(.text) for _printf_truncate_signed
    _printf_dec.o(.text) refers (Weak) to _printf_truncate.o(.text) for _printf_truncate_unsigned
    _printf_dec.o(.text) refers to _printf_intcommon.o(.text) for _printf_int_common
    _printf_char_file.o(.text) refers to _printf_char_common.o(.text) for _printf_char_common
    _printf_char_file.o(.text) refers to ferror.o(.text) for ferror
    _printf_char_file.o(.text) refers to fputc.o(i.fputc) for fputc
    _printf_wctomb.o(.text) refers (Special) to _printf_wchar.o(.text) for _printf_lcs_common
    _printf_wctomb.o(.text) refers to _c16rtomb.o(.text) for _wcrtomb
    _printf_wctomb.o(.text) refers (Weak) to _printf_pad.o(.text) for _printf_pre_padding
    _printf_wctomb.o(.text) refers (Weak) to _printf_pad.o(.text) for _printf_post_padding
    _printf_wctomb.o(.text) refers to _printf_wctomb.o(.constdata) for .constdata
    _printf_wctomb.o(.constdata) refers (Special) to _printf_wchar.o(.text) for _printf_lcs_common
    _printf_longlong_dec.o(.text) refers to lludiv10.o(.text) for _ll_udiv10
    _printf_longlong_dec.o(.text) refers to _printf_intcommon.o(.text) for _printf_int_common
    _printf_oct_ll.o(.text) refers to _printf_intcommon.o(.text) for _printf_int_common
    _printf_oct_int.o(.text) refers (Weak) to _printf_truncate.o(.text) for _printf_truncate_unsigned
    _printf_oct_int.o(.text) refers to _printf_intcommon.o(.text) for _printf_int_common
    _printf_oct_int_ll.o(.text) refers to _printf_intcommon.o(.text) for _printf_int_common
    _printf_oct_int_ll.o(.text) refers (Weak) to _printf_truncate.o(.text) for _printf_truncate_unsigned
    _printf_hex_ll.o(.text) refers to _printf_intcommon.o(.text) for _printf_int_common
    _printf_hex_ll.o(.text) refers to _printf_hex_ll.o(.constdata) for .constdata
    _printf_hex_int.o(.text) refers (Weak) to _printf_truncate.o(.text) for _printf_truncate_unsigned
    _printf_hex_int.o(.text) refers to _printf_intcommon.o(.text) for _printf_int_common
    _printf_hex_int.o(.text) refers to _printf_hex_int.o(.constdata) for .constdata
    _printf_hex_int_ll.o(.text) refers to _printf_intcommon.o(.text) for _printf_int_common
    _printf_hex_int_ll.o(.text) refers (Weak) to _printf_truncate.o(.text) for _printf_truncate_unsigned
    _printf_hex_int_ll.o(.text) refers to _printf_hex_int_ll.o(.constdata) for .constdata
    _printf_hex_ptr.o(.text) refers to _printf_intcommon.o(.text) for _printf_int_common
    _printf_hex_ptr.o(.text) refers to _printf_hex_ptr.o(.constdata) for .constdata
    _printf_hex_int_ptr.o(.text) refers to _printf_intcommon.o(.text) for _printf_int_common
    _printf_hex_int_ptr.o(.text) refers (Weak) to _printf_truncate.o(.text) for _printf_truncate_unsigned
    _printf_hex_int_ptr.o(.text) refers to _printf_hex_int_ptr.o(.constdata) for .constdata
    _printf_hex_ll_ptr.o(.text) refers to _printf_intcommon.o(.text) for _printf_int_common
    _printf_hex_ll_ptr.o(.text) refers to _printf_hex_ll_ptr.o(.constdata) for .constdata
    _printf_hex_int_ll_ptr.o(.text) refers to _printf_intcommon.o(.text) for _printf_int_common
    _printf_hex_int_ll_ptr.o(.text) refers (Weak) to _printf_truncate.o(.text) for _printf_truncate_unsigned
    _printf_hex_int_ll_ptr.o(.text) refers to _printf_hex_int_ll_ptr.o(.constdata) for .constdata
    __printf_flags.o(.text) refers to _printf_percent.o(.ARM.Collect$$_printf_percent$$00000000) for _printf_percent
    __printf_flags.o(.text) refers to __printf_flags.o(.constdata) for .constdata
    __printf_ss.o(.text) refers to _printf_percent.o(.ARM.Collect$$_printf_percent$$00000000) for _printf_percent
    __printf_flags_ss.o(.text) refers to _printf_percent.o(.ARM.Collect$$_printf_percent$$00000000) for _printf_percent
    __printf_flags_ss.o(.text) refers to __printf_flags_ss.o(.constdata) for .constdata
    __printf_wp.o(.text) refers to __printf_wp.o(i._is_digit) for _is_digit
    __printf_wp.o(.text) refers to _printf_percent.o(.ARM.Collect$$_printf_percent$$00000000) for _printf_percent
    __printf_flags_wp.o(.text) refers to __printf_wp.o(i._is_digit) for _is_digit
    __printf_flags_wp.o(.text) refers to _printf_percent.o(.ARM.Collect$$_printf_percent$$00000000) for _printf_percent
    __printf_flags_wp.o(.text) refers to __printf_flags_wp.o(.constdata) for .constdata
    __printf_ss_wp.o(.text) refers to __printf_wp.o(i._is_digit) for _is_digit
    __printf_ss_wp.o(.text) refers to _printf_percent.o(.ARM.Collect$$_printf_percent$$00000000) for _printf_percent
    __printf_flags_ss_wp.o(.text) refers to __printf_wp.o(i._is_digit) for _is_digit
    __printf_flags_ss_wp.o(.text) refers to _printf_percent.o(.ARM.Collect$$_printf_percent$$00000000) for _printf_percent
    __printf_flags_ss_wp.o(.text) refers to __printf_flags_ss_wp.o(.constdata) for .constdata
    _printf_c.o(.ARM.Collect$$_printf_percent$$00000013) refers (Weak) to _printf_char.o(.text) for _printf_char
    _printf_s.o(.ARM.Collect$$_printf_percent$$00000014) refers (Weak) to _printf_char.o(.text) for _printf_string
    _printf_n.o(.ARM.Collect$$_printf_percent$$00000001) refers (Weak) to _printf_charcount.o(.text) for _printf_charcount
    _printf_x.o(.ARM.Collect$$_printf_percent$$0000000C) refers (Weak) to _printf_hex_int_ll_ptr.o(.text) for _printf_int_hex
    _printf_p.o(.ARM.Collect$$_printf_percent$$00000002) refers (Weak) to _printf_hex_int_ll_ptr.o(.text) for _printf_hex_ptr
    _printf_o.o(.ARM.Collect$$_printf_percent$$0000000B) refers (Weak) to _printf_oct_int_ll.o(.text) for _printf_int_oct
    _printf_i.o(.ARM.Collect$$_printf_percent$$00000008) refers (Weak) to _printf_dec.o(.text) for _printf_int_dec
    _printf_d.o(.ARM.Collect$$_printf_percent$$00000009) refers (Weak) to _printf_dec.o(.text) for _printf_int_dec
    _printf_u.o(.ARM.Collect$$_printf_percent$$0000000A) refers (Weak) to _printf_dec.o(.text) for _printf_int_dec
    _printf_f.o(.ARM.Collect$$_printf_percent$$00000003) refers (Weak) to printf1.o(x$fpl$printf1) for _printf_fp_dec
    _printf_e.o(.ARM.Collect$$_printf_percent$$00000004) refers (Weak) to printf1.o(x$fpl$printf1) for _printf_fp_dec
    _printf_g.o(.ARM.Collect$$_printf_percent$$00000005) refers (Weak) to printf1.o(x$fpl$printf1) for _printf_fp_dec
    _printf_a.o(.ARM.Collect$$_printf_percent$$00000006) refers (Weak) to printf2.o(x$fpl$printf2) for _printf_fp_hex
    _printf_percent.o(.ARM.Collect$$_printf_percent$$00000000) refers (Special) to _printf_percent_end.o(.ARM.Collect$$_printf_percent$$00000017) for _printf_percent_end
    _printf_lli.o(.ARM.Collect$$_printf_percent$$0000000D) refers (Special) to _printf_ll.o(.ARM.Collect$$_printf_percent$$00000007) for _printf_ll
    _printf_lli.o(.ARM.Collect$$_printf_percent$$0000000D) refers (Weak) to _printf_longlong_dec.o(.text) for _printf_longlong_dec
    _printf_lld.o(.ARM.Collect$$_printf_percent$$0000000E) refers (Special) to _printf_ll.o(.ARM.Collect$$_printf_percent$$00000007) for _printf_ll
    _printf_lld.o(.ARM.Collect$$_printf_percent$$0000000E) refers (Weak) to _printf_longlong_dec.o(.text) for _printf_longlong_dec
    _printf_llu.o(.ARM.Collect$$_printf_percent$$0000000F) refers (Special) to _printf_ll.o(.ARM.Collect$$_printf_percent$$00000007) for _printf_ll
    _printf_llu.o(.ARM.Collect$$_printf_percent$$0000000F) refers (Weak) to _printf_longlong_dec.o(.text) for _printf_longlong_dec
    _printf_lc.o(.ARM.Collect$$_printf_percent$$00000015) refers (Special) to _printf_l.o(.ARM.Collect$$_printf_percent$$00000012) for _printf_l
    _printf_lc.o(.ARM.Collect$$_printf_percent$$00000015) refers (Weak) to _printf_wchar.o(.text) for _printf_wchar
    _printf_ls.o(.ARM.Collect$$_printf_percent$$00000016) refers (Special) to _printf_l.o(.ARM.Collect$$_printf_percent$$00000012) for _printf_l
    _printf_ls.o(.ARM.Collect$$_printf_percent$$00000016) refers (Weak) to _printf_wchar.o(.text) for _printf_wstring
    _printf_llo.o(.ARM.Collect$$_printf_percent$$00000010) refers (Special) to _printf_ll.o(.ARM.Collect$$_printf_percent$$00000007) for _printf_ll
    _printf_llo.o(.ARM.Collect$$_printf_percent$$00000010) refers (Weak) to _printf_oct_int_ll.o(.text) for _printf_ll_oct
    _printf_llx.o(.ARM.Collect$$_printf_percent$$00000011) refers (Special) to _printf_ll.o(.ARM.Collect$$_printf_percent$$00000007) for _printf_ll
    _printf_llx.o(.ARM.Collect$$_printf_percent$$00000011) refers (Weak) to _printf_hex_int_ll_ptr.o(.text) for _printf_ll_hex
    stdio_streams.o(.bss) refers (Special) to initio.o(.text) for _initio
    stdio_streams.o(.bss) refers (Special) to initio.o(.text) for _initio
    stdio_streams.o(.bss) refers (Special) to initio.o(.text) for _initio
    stdio_streams.o(.data) refers (Special) to initio.o(.text) for _initio
    stdio_streams.o(.data) refers (Special) to initio.o(.text) for _initio
    stdio_streams.o(.data) refers (Special) to initio.o(.text) for _initio
    printf1.o(x$fpl$printf1) refers to _printf_fp_dec.o(.text) for _printf_fp_dec_real
    printf2.o(x$fpl$printf2) refers to _printf_fp_hex.o(.text) for _printf_fp_hex_real
    printf2b.o(x$fpl$printf2) refers to _printf_fp_hex.o(.text) for _printf_fp_hex_real
    __rtentry2.o(.ARM.Collect$$rtentry$$00000008) refers to boardinit2.o(.text) for _platform_post_stackheap_init
    __rtentry2.o(.ARM.Collect$$rtentry$$0000000A) refers to libinit.o(.ARM.Collect$$libinit$$00000000) for __rt_lib_init
    __rtentry2.o(.ARM.Collect$$rtentry$$0000000B) refers to boardinit3.o(.text) for _platform_post_lib_init
    __rtentry2.o(.ARM.Collect$$rtentry$$0000000D) refers to main_s.o(.text.main) for main
    __rtentry2.o(.ARM.Collect$$rtentry$$0000000D) refers to exit.o(.text) for exit
    __rtentry2.o(.ARM.exidx) refers to __rtentry2.o(.ARM.Collect$$rtentry$$00000001) for .ARM.Collect$$rtentry$$00000001
    __rtentry2.o(.ARM.exidx) refers to __rtentry2.o(.ARM.Collect$$rtentry$$00000008) for .ARM.Collect$$rtentry$$00000008
    __rtentry2.o(.ARM.exidx) refers to __rtentry2.o(.ARM.Collect$$rtentry$$0000000A) for .ARM.Collect$$rtentry$$0000000A
    __rtentry2.o(.ARM.exidx) refers to __rtentry2.o(.ARM.Collect$$rtentry$$0000000B) for .ARM.Collect$$rtentry$$0000000B
    __rtentry2.o(.ARM.exidx) refers to __rtentry2.o(.ARM.Collect$$rtentry$$0000000D) for .ARM.Collect$$rtentry$$0000000D
    __rtentry4.o(.ARM.Collect$$rtentry$$00000004) refers to sys_stackheap_outer.o(.text) for __user_setup_stackheap
    __rtentry4.o(.ARM.exidx) refers to __rtentry4.o(.ARM.Collect$$rtentry$$00000004) for .ARM.Collect$$rtentry$$00000004
    __rtentry7.o(.ARM.Collect$$rtentry$$00000007) refers to __rtentry7.o(.ARM.Collect$$rtentry$$00002718) for __lit__00000000
    __rtentry7.o(__vectab_stack_and_reset_2_area) refers to __main.o(!!!main) for __main
    __rtentry7.o(.ARM.exidx) refers to __rtentry7.o(.ARM.Collect$$rtentry$$00000007) for .ARM.Collect$$rtentry$$00000007
    __rtentry7.o(.ARM.exidx) refers to __rtentry7.o(.ARM.Collect$$rtentry$$00002718) for .ARM.Collect$$rtentry$$00002718
    _printf_intcommon.o(.text) refers (Weak) to _printf_pad.o(.text) for _printf_pre_padding
    _printf_intcommon.o(.text) refers (Weak) to _printf_pad.o(.text) for _printf_pre_padding
    _printf_intcommon.o(.text) refers (Weak) to _printf_pad.o(.text) for _printf_post_padding
    _printf_fp_dec.o(.text) refers (Special) to usenofp.o(x$fpl$usenofp) for __I$use$fp
    _printf_fp_dec.o(.text) refers (Special) to lc_numeric_c.o(locale$$code) for _get_lc_numeric
    _printf_fp_dec.o(.text) refers to bigflt0.o(.text) for _btod_etento
    _printf_fp_dec.o(.text) refers to btod.o(CL$$btod_d2e) for _btod_d2e
    _printf_fp_dec.o(.text) refers to btod.o(CL$$btod_ediv) for _btod_ediv
    _printf_fp_dec.o(.text) refers to btod.o(CL$$btod_emul) for _btod_emul
    _printf_fp_dec.o(.text) refers to lludiv10.o(.text) for _ll_udiv10
    _printf_fp_dec.o(.text) refers to fpclassify.o(i.__ARM_fpclassify) for __ARM_fpclassify
    _printf_fp_dec.o(.text) refers to _printf_fp_infnan.o(.text) for _printf_fp_infnan
    _printf_fp_dec.o(.text) refers (Weak) to _printf_pad.o(.text) for _printf_pre_padding
    _printf_fp_dec.o(.text) refers (Weak) to _printf_pad.o(.text) for _printf_pre_padding
    _printf_fp_dec.o(.text) refers to rt_locale_intlibspace.o(.text) for __rt_locale
    _printf_fp_dec.o(.text) refers (Weak) to _printf_pad.o(.text) for _printf_post_padding
    _printf_fp_dec_accurate.o(.text) refers (Special) to usenofp.o(x$fpl$usenofp) for __I$use$fp
    _printf_fp_dec_accurate.o(.text) refers (Special) to lc_numeric_c.o(locale$$code) for _get_lc_numeric
    _printf_fp_dec_accurate.o(.text) refers to btod_accurate.o(.text) for _btod_main
    _printf_fp_dec_accurate.o(.text) refers to fpclassify.o(i.__ARM_fpclassify) for __ARM_fpclassify
    _printf_fp_dec_accurate.o(.text) refers to _printf_fp_infnan.o(.text) for _printf_fp_infnan
    _printf_fp_dec_accurate.o(.text) refers (Weak) to _printf_pad.o(.text) for _printf_pre_padding
    _printf_fp_dec_accurate.o(.text) refers (Weak) to _printf_pad.o(.text) for _printf_pre_padding
    _printf_fp_dec_accurate.o(.text) refers to rt_locale_intlibspace.o(.text) for __rt_locale
    _printf_fp_dec_accurate.o(.text) refers (Weak) to _printf_pad.o(.text) for _printf_post_padding
    _printf_fp_hex.o(.text) refers (Special) to usenofp.o(x$fpl$usenofp) for __I$use$fp
    _printf_fp_hex.o(.text) refers to fpclassify.o(i.__ARM_fpclassify) for __ARM_fpclassify
    _printf_fp_hex.o(.text) refers to _printf_fp_infnan.o(.text) for _printf_fp_infnan
    _printf_fp_hex.o(.text) refers (Weak) to _printf_pad.o(.text) for _printf_pre_padding
    _printf_fp_hex.o(.text) refers (Weak) to _printf_pad.o(.text) for _printf_pre_padding
    _printf_fp_hex.o(.text) refers (Weak) to _printf_pad.o(.text) for _printf_post_padding
    _printf_fp_hex.o(.text) refers to _printf_fp_hex.o(.constdata) for .constdata
    _printf_fp_hex.o(.constdata) refers (Special) to usenofp.o(x$fpl$usenofp) for __I$use$fp
    _printf_char_common.o(.text) refers to __printf_flags_ss_wp.o(.text) for __printf
    _printf_char.o(.text) refers (Weak) to _printf_str.o(.text) for _printf_str
    _printf_wchar.o(.text) refers (Weak) to _printf_wctomb.o(.text) for _printf_wctomb
    fputc.o(i.fputc) refers to flsbuf.o(.text) for __flsbuf_byte
    initio.o(.text) refers (Special) to libinit2.o(.ARM.Collect$$libinit$$00000026) for __rt_lib_init_stdio_2
    initio.o(.text) refers (Special) to libshutdown2.o(.ARM.Collect$$libshutdown$$00000003) for __rt_lib_shutdown_stdio_2
    initio.o(.text) refers to rt_memclr_w.o(.text) for __aeabi_memclr4
    initio.o(.text) refers to fopen.o(.text) for freopen
    initio.o(.text) refers to defsig_rtred_outer.o(.text) for __rt_SIGRTRED
    initio.o(.text) refers to setvbuf.o(.text) for setvbuf
    initio.o(.text) refers to fclose.o(.text) for _fclose_internal
    initio.o(.text) refers to h1_free.o(.text) for free
    initio.o(.text) refers to stdio_streams.o(.bss) for __stdin
    initio.o(.text) refers to stdio_streams.o(.bss) for __stdout
    initio.o(.text) refers to stdio_streams.o(.bss) for __stderr
    initio.o(.text) refers to stdio_streams.o(.data) for __aeabi_stdin
    initio.o(.text) refers to stdio_streams.o(.data) for __aeabi_stdout
    initio.o(.text) refers to stdio_streams.o(.data) for __aeabi_stderr
    initio.o(.text) refers to retarget_io.o(.rodata.__stdin_name) for __stdin_name
    initio.o(.text) refers to retarget_io.o(.rodata.__stdout_name) for __stdout_name
    initio.o(.text) refers to retarget_io.o(.rodata.__stderr_name) for __stderr_name
    initio_locked.o(.text) refers (Special) to libinit2.o(.ARM.Collect$$libinit$$00000026) for __rt_lib_init_stdio_2
    initio_locked.o(.text) refers (Special) to libshutdown2.o(.ARM.Collect$$libshutdown$$00000003) for __rt_lib_shutdown_stdio_2
    initio_locked.o(.text) refers to rt_memclr_w.o(.text) for __aeabi_memclr4
    initio_locked.o(.text) refers to fopen.o(.text) for freopen
    initio_locked.o(.text) refers to defsig_rtred_outer.o(.text) for __rt_SIGRTRED
    initio_locked.o(.text) refers to setvbuf.o(.text) for setvbuf
    initio_locked.o(.text) refers to fclose.o(.text) for _fclose_internal
    initio_locked.o(.text) refers to h1_free.o(.text) for free
    initio_locked.o(.text) refers to stdio_streams.o(.bss) for __stdin
    initio_locked.o(.text) refers to stdio_streams.o(.bss) for __stdout
    initio_locked.o(.text) refers to stdio_streams.o(.bss) for __stderr
    initio_locked.o(.text) refers to stdio_streams.o(.data) for __aeabi_stdin
    initio_locked.o(.text) refers to stdio_streams.o(.data) for __aeabi_stdout
    initio_locked.o(.text) refers to stdio_streams.o(.data) for __aeabi_stderr
    initio_locked.o(.text) refers to streamlock.o(.data) for _stream_list_lock
    initio_locked.o(.text) refers to retarget_io.o(.rodata.__stdin_name) for __stdin_name
    initio_locked.o(.text) refers to retarget_io.o(.rodata.__stdout_name) for __stdout_name
    initio_locked.o(.text) refers to retarget_io.o(.rodata.__stderr_name) for __stderr_name
    _c16rtomb.o(.text) refers to rt_ctype_table.o(.text) for __rt_ctype_table
    sys_stackheap_outer.o(.text) refers to libspace.o(.text) for __user_perproc_libspace
    sys_stackheap_outer.o(.text) refers to sys_stackheap.o(.text) for __user_initial_stackheap
    rt_ctype_table.o(.text) refers to rt_locale_intlibspace.o(.text) for __rt_locale
    rt_ctype_table.o(.text) refers to lc_ctype_c.o(locale$$code) for _get_lc_ctype
    rt_locale.o(.text) refers to rt_locale.o(.bss) for __rt_locale_data
    rt_locale_intlibspace.o(.text) refers to libspace.o(.bss) for __libspace_start
    free.o(.text) refers (Special) to hguard.o(.text) for __heap$guard
    free.o(.text) refers to rt_heap_descriptor_intlibspace.o(.text) for __rt_heap_descriptor
    free.o(.text) refers to heapstubs.o(.text) for __Heap_Free
    h1_free.o(.text) refers to rt_heap_descriptor_intlibspace.o(.text) for __rt_heap_descriptor
    h1_free_threads.o(.text) refers to rt_heap_descriptor_intlibspace.o(.text) for __rt_heap_descriptor
    heap2.o(i._FDIterate) refers to heap2.o(.conststring) for .conststring
    heap2.o(i.__Heap_ProvideMemory$realtime) refers to fdtree.o(i._FDTree_Delete) for _FDTree_Delete
    heap2.o(i.__Heap_ProvideMemory$realtime) refers to fdtree.o(i._FDTree_Insert) for _FDTree_Insert
    heap2.o(i.__Heap_Stats$realtime) refers to heap2.o(i._Heap2_StatsIterate) for _Heap2_StatsIterate
    heap2.o(i.__Heap_Valid$realtime) refers to heap2.o(i._FDIterate) for _FDIterate
    heap2.o(i.__Heap_Valid$realtime) refers to heap2.o(.conststring) for .conststring
    heap2.o(i.free$realtime) refers to rt_heap_descriptor_intlibspace.o(.text) for __rt_heap_descriptor
    heap2.o(i.free$realtime) refers to fdtree.o(i._FDTree_Delete) for _FDTree_Delete
    heap2.o(i.free$realtime) refers to fdtree.o(i._FDTree_Insert) for _FDTree_Insert
    heap2.o(i.malloc$realtime) refers to rt_heap_descriptor_intlibspace.o(.text) for __rt_heap_descriptor
    heap2.o(i.malloc$realtime) refers to fdtree.o(i._FDTree_FindFirst) for _FDTree_FindFirst
    heap2.o(i.malloc$realtime) refers to init_alloc.o(.text) for __Heap_Full
    heap2.o(i.malloc$realtime) refers to fdtree.o(i._FDTree_RemoveNode) for _FDTree_RemoveNode
    heap2.o(i.malloc$realtime) refers to fdtree.o(i._FDTree_Insert) for _FDTree_Insert
    heap2.o(i.posix_memalign$realtime) refers to rt_heap_descriptor_intlibspace.o(.text) for __rt_heap_descriptor
    heap2.o(i.posix_memalign$realtime) refers to fdtree.o(i._FDTree_FindFirst) for _FDTree_FindFirst
    heap2.o(i.posix_memalign$realtime) refers to init_alloc.o(.text) for __Heap_Full
    heap2.o(i.posix_memalign$realtime) refers to fdtree.o(i._FDTree_RemoveNode) for _FDTree_RemoveNode
    heap2.o(i.posix_memalign$realtime) refers to fdtree.o(i._FDTree_Insert) for _FDTree_Insert
    heap2.o(i.realloc$realtime) refers to rt_heap_descriptor_intlibspace.o(.text) for __rt_heap_descriptor
    heap2.o(i.realloc$realtime) refers to fdtree.o(i._FDTree_Insert) for _FDTree_Insert
    heap2.o(i.realloc$realtime) refers to h1_free.o(.text) for free
    heap2.o(i.realloc$realtime) refers to h1_alloc.o(.text) for malloc
    heap2.o(i.realloc$realtime) refers to fdtree.o(i._FDTree_Delete) for _FDTree_Delete
    heap2.o(i.realloc$realtime) refers to rt_memcpy_w.o(.text) for __aeabi_memcpy4
    heap2_threads.o(i._FDIterate) refers to heap2_threads.o(.conststring) for .conststring
    heap2_threads.o(i.__Heap_Initialize$realtime$concurrent) refers to mutex_dummy.o(.text) for _mutex_initialize
    heap2_threads.o(i.__Heap_ProvideMemory$realtime$concurrent) refers to fdtree.o(i._FDTree_Delete) for _FDTree_Delete
    heap2_threads.o(i.__Heap_ProvideMemory$realtime$concurrent) refers to fdtree.o(i._FDTree_Insert) for _FDTree_Insert
    heap2_threads.o(i.__Heap_Stats$realtime$concurrent) refers to heap2_threads.o(i._Heap2_StatsIterate) for _Heap2_StatsIterate
    heap2_threads.o(i.__Heap_Valid$realtime$concurrent) refers to heap2_threads.o(i._FDIterate) for _FDIterate
    heap2_threads.o(i.__Heap_Valid$realtime$concurrent) refers to heap2_threads.o(.conststring) for .conststring
    heap2_threads.o(i.free$realtime$concurrent) refers to rt_heap_descriptor_intlibspace.o(.text) for __rt_heap_descriptor
    heap2_threads.o(i.free$realtime$concurrent) refers to fdtree.o(i._FDTree_Delete) for _FDTree_Delete
    heap2_threads.o(i.free$realtime$concurrent) refers to fdtree.o(i._FDTree_Insert) for _FDTree_Insert
    heap2_threads.o(i.malloc$realtime$concurrent) refers to rt_heap_descriptor_intlibspace.o(.text) for __rt_heap_descriptor
    heap2_threads.o(i.malloc$realtime$concurrent) refers to fdtree.o(i._FDTree_FindFirst) for _FDTree_FindFirst
    heap2_threads.o(i.malloc$realtime$concurrent) refers to init_alloc.o(.text) for __Heap_Full
    heap2_threads.o(i.malloc$realtime$concurrent) refers to fdtree.o(i._FDTree_RemoveNode) for _FDTree_RemoveNode
    heap2_threads.o(i.malloc$realtime$concurrent) refers to fdtree.o(i._FDTree_Insert) for _FDTree_Insert
    heap2_threads.o(i.posix_memalign$realtime$concurrent) refers to rt_heap_descriptor_intlibspace.o(.text) for __rt_heap_descriptor
    heap2_threads.o(i.posix_memalign$realtime$concurrent) refers to fdtree.o(i._FDTree_FindFirst) for _FDTree_FindFirst
    heap2_threads.o(i.posix_memalign$realtime$concurrent) refers to init_alloc.o(.text) for __Heap_Full
    heap2_threads.o(i.posix_memalign$realtime$concurrent) refers to fdtree.o(i._FDTree_RemoveNode) for _FDTree_RemoveNode
    heap2_threads.o(i.posix_memalign$realtime$concurrent) refers to fdtree.o(i._FDTree_Insert) for _FDTree_Insert
    heap2_threads.o(i.realloc$realtime$concurrent) refers to rt_heap_descriptor_intlibspace.o(.text) for __rt_heap_descriptor
    heap2_threads.o(i.realloc$realtime$concurrent) refers to fdtree.o(i._FDTree_Insert) for _FDTree_Insert
    heap2_threads.o(i.realloc$realtime$concurrent) refers to h1_free.o(.text) for free
    heap2_threads.o(i.realloc$realtime$concurrent) refers to h1_alloc.o(.text) for malloc
    heap2_threads.o(i.realloc$realtime$concurrent) refers to fdtree.o(i._FDTree_Delete) for _FDTree_Delete
    heap2_threads.o(i.realloc$realtime$concurrent) refers to rt_memcpy_w.o(.text) for __aeabi_memcpy4
    _printf_fp_infnan.o(.text) refers (Weak) to _printf_pad.o(.text) for _printf_pre_padding
    _printf_fp_infnan.o(.text) refers (Weak) to _printf_pad.o(.text) for _printf_post_padding
    bigflt0.o(.text) refers (Special) to usenofp.o(x$fpl$usenofp) for __I$use$fp
    bigflt0.o(.text) refers to btod.o(CL$$btod_emul) for _btod_emul
    bigflt0.o(.text) refers to btod.o(CL$$btod_ediv) for _btod_ediv
    bigflt0.o(.text) refers to bigflt0.o(.constdata) for .constdata
    bigflt0.o(.constdata) refers (Special) to usenofp.o(x$fpl$usenofp) for __I$use$fp
    btod.o(CL$$btod_d2e) refers (Special) to usenofp.o(x$fpl$usenofp) for __I$use$fp
    btod.o(CL$$btod_d2e) refers to btod.o(CL$$btod_d2e_norm_op1) for _d2e_norm_op1
    btod.o(CL$$btod_d2e_norm_op1) refers (Special) to usenofp.o(x$fpl$usenofp) for __I$use$fp
    btod.o(CL$$btod_d2e_norm_op1) refers to btod.o(CL$$btod_d2e_denorm_low) for _d2e_denorm_low
    btod.o(CL$$btod_d2e_denorm_low) refers (Special) to usenofp.o(x$fpl$usenofp) for __I$use$fp
    btod.o(CL$$btod_emul) refers (Special) to usenofp.o(x$fpl$usenofp) for __I$use$fp
    btod.o(CL$$btod_emul) refers to btod.o(CL$$btod_mult_common) for __btod_mult_common
    btod.o(CL$$btod_emul) refers to btod.o(CL$$btod_e2e) for _e2e
    btod.o(CL$$btod_ediv) refers (Special) to usenofp.o(x$fpl$usenofp) for __I$use$fp
    btod.o(CL$$btod_ediv) refers to btod.o(CL$$btod_div_common) for __btod_div_common
    btod.o(CL$$btod_ediv) refers to btod.o(CL$$btod_e2e) for _e2e
    btod.o(CL$$btod_emuld) refers (Special) to usenofp.o(x$fpl$usenofp) for __I$use$fp
    btod.o(CL$$btod_emuld) refers to btod.o(CL$$btod_mult_common) for __btod_mult_common
    btod.o(CL$$btod_emuld) refers to btod.o(CL$$btod_e2d) for _e2d
    btod.o(CL$$btod_edivd) refers (Special) to usenofp.o(x$fpl$usenofp) for __I$use$fp
    btod.o(CL$$btod_edivd) refers to btod.o(CL$$btod_div_common) for __btod_div_common
    btod.o(CL$$btod_edivd) refers to btod.o(CL$$btod_e2d) for _e2d
    btod.o(CL$$btod_e2e) refers (Special) to usenofp.o(x$fpl$usenofp) for __I$use$fp
    btod.o(CL$$btod_e2d) refers (Special) to usenofp.o(x$fpl$usenofp) for __I$use$fp
    btod.o(CL$$btod_e2d) refers to btod.o(CL$$btod_e2e) for _e2e
    btod.o(CL$$btod_mult_common) refers (Special) to usenofp.o(x$fpl$usenofp) for __I$use$fp
    btod.o(CL$$btod_div_common) refers (Special) to usenofp.o(x$fpl$usenofp) for __I$use$fp
    btod_accurate.o(.text) refers to btod_accurate_common.o(.text) for _btod_common
    flsbuf.o(.text) refers to stdio.o(.text) for _deferredlazyseek
    flsbuf.o(.text) refers to retarget_io.o(.text._sys_flen) for _sys_flen
    flsbuf.o(.text) refers to retarget_io.o(.text._sys_istty) for _sys_istty
    flsbuf.o(.text) refers to h1_alloc.o(.text) for malloc
    streamlock.o(.data) refers (Special) to initio.o(.text) for _initio
    fopen.o(.text) refers to fclose.o(.text) for _fclose_internal
    fopen.o(.text) refers to retarget_io.o(.text._sys_open) for _sys_open
    fopen.o(.text) refers to fseek.o(.text) for _fseek
    fopen.o(.text) refers to h1_alloc.o(.text) for malloc
    fopen.o(.text) refers to rt_memclr_w.o(.text) for __aeabi_memclr4
    fopen.o(.text) refers to stdio_streams.o(.bss) for __stdin
    fclose.o(.text) refers to stdio.o(.text) for _fflush
    fclose.o(.text) refers to retarget_io.o(.text._sys_close) for _sys_close
    fclose.o(.text) refers to h1_free.o(.text) for free
    fclose.o(.text) refers to rt_memclr_w.o(.text) for __aeabi_memclr4
    fopen_locked.o(.text) refers to fclose.o(.text) for _fclose_internal
    fopen_locked.o(.text) refers to retarget_io.o(.text._sys_open) for _sys_open
    fopen_locked.o(.text) refers to fseek.o(.text) for _fseek
    fopen_locked.o(.text) refers to h1_alloc.o(.text) for malloc
    fopen_locked.o(.text) refers to rt_memclr_w.o(.text) for __aeabi_memclr4
    fopen_locked.o(.text) refers to streamlock.o(.data) for _stream_list_lock
    fopen_locked.o(.text) refers to stdio_streams.o(.bss) for __stdin
    lc_numeric_c.o(locale$$data) refers (Special) to libinit2.o(.ARM.Collect$$libinit$$00000018) for __rt_lib_init_lc_numeric_2
    lc_numeric_c.o(locale$$code) refers (Special) to libinit2.o(.ARM.Collect$$libinit$$00000018) for __rt_lib_init_lc_numeric_2
    lc_numeric_c.o(locale$$code) refers to strcmpv8m_maindsp.o(.text) for strcmp
    lc_numeric_c.o(locale$$code) refers to lc_numeric_c.o(locale$$data) for __lcnum_c_name
    exit.o(.text) refers to rtexit.o(.ARM.Collect$$rtexit$$00000000) for __rt_exit
    defsig_rtred_outer.o(.text) refers to defsig_rtred_inner.o(.text) for __rt_SIGRTRED_inner
    defsig_rtred_outer.o(.text) refers to defsig_exit.o(.text) for __sig_exit
    defsig_rtred_formal.o(.text) refers to rt_raise.o(.text) for __rt_raise
    libinit.o(.ARM.Collect$$libinit$$00000000) refers (Special) to libinit2.o(.ARM.Collect$$libinit$$00000030) for __rt_lib_init_alloca_1
    libinit.o(.ARM.Collect$$libinit$$00000000) refers (Special) to libinit2.o(.ARM.Collect$$libinit$$0000002E) for __rt_lib_init_argv_1
    libinit.o(.ARM.Collect$$libinit$$00000000) refers (Special) to libinit2.o(.ARM.Collect$$libinit$$0000001D) for __rt_lib_init_atexit_1
    libinit.o(.ARM.Collect$$libinit$$00000000) refers (Special) to libinit2.o(.ARM.Collect$$libinit$$00000023) for __rt_lib_init_clock_1
    libinit.o(.ARM.Collect$$libinit$$00000000) refers (Special) to libinit2.o(.ARM.Collect$$libinit$$00000034) for __rt_lib_init_cpp_1
    libinit.o(.ARM.Collect$$libinit$$00000000) refers (Special) to libinit2.o(.ARM.Collect$$libinit$$00000032) for __rt_lib_init_exceptions_1
    libinit.o(.ARM.Collect$$libinit$$00000000) refers (Special) to libinit2.o(.ARM.Collect$$libinit$$00000001) for __rt_lib_init_fp_1
    libinit.o(.ARM.Collect$$libinit$$00000000) refers (Special) to libinit2.o(.ARM.Collect$$libinit$$00000021) for __rt_lib_init_fp_trap_1
    libinit.o(.ARM.Collect$$libinit$$00000000) refers (Special) to libinit2.o(.ARM.Collect$$libinit$$00000025) for __rt_lib_init_getenv_1
    libinit.o(.ARM.Collect$$libinit$$00000000) refers (Special) to libinit2.o(.ARM.Collect$$libinit$$0000000C) for __rt_lib_init_heap_1
    libinit.o(.ARM.Collect$$libinit$$00000000) refers (Special) to libinit2.o(.ARM.Collect$$libinit$$00000013) for __rt_lib_init_lc_collate_1
    libinit.o(.ARM.Collect$$libinit$$00000000) refers (Special) to libinit2.o(.ARM.Collect$$libinit$$00000015) for __rt_lib_init_lc_ctype_1
    libinit.o(.ARM.Collect$$libinit$$00000000) refers (Special) to libinit2.o(.ARM.Collect$$libinit$$00000017) for __rt_lib_init_lc_monetary_1
    libinit.o(.ARM.Collect$$libinit$$00000000) refers (Special) to libinit2.o(.ARM.Collect$$libinit$$00000019) for __rt_lib_init_lc_numeric_1
    libinit.o(.ARM.Collect$$libinit$$00000000) refers (Special) to libinit2.o(.ARM.Collect$$libinit$$0000001B) for __rt_lib_init_lc_time_1
    libinit.o(.ARM.Collect$$libinit$$00000000) refers (Special) to libinit2.o(.ARM.Collect$$libinit$$00000006) for __rt_lib_init_preinit_1
    libinit.o(.ARM.Collect$$libinit$$00000000) refers (Special) to libinit2.o(.ARM.Collect$$libinit$$00000010) for __rt_lib_init_rand_1
    libinit.o(.ARM.Collect$$libinit$$00000000) refers (Special) to libinit2.o(.ARM.Collect$$libinit$$00000004) for __rt_lib_init_relocate_pie_1
    libinit.o(.ARM.Collect$$libinit$$00000000) refers (Special) to libinit2.o(.ARM.Collect$$libinit$$00000035) for __rt_lib_init_return
    libinit.o(.ARM.Collect$$libinit$$00000000) refers (Special) to libinit2.o(.ARM.Collect$$libinit$$0000001F) for __rt_lib_init_signal_1
    libinit.o(.ARM.Collect$$libinit$$00000000) refers (Special) to libinit2.o(.ARM.Collect$$libinit$$00000027) for __rt_lib_init_stdio_1
    libinit.o(.ARM.Collect$$libinit$$00000000) refers (Special) to libinit2.o(.ARM.Collect$$libinit$$0000000E) for __rt_lib_init_user_alloc_1
    libinit2.o(.ARM.Collect$$libinit$$00000001) refers to fpinit.o(x$fpl$fpinit) for _fp_init
    libinit2.o(.ARM.Collect$$libinit$$00000007) refers (Weak) to init_alloc.o(.text) for _init_alloc
    libinit2.o(.ARM.Collect$$libinit$$00000011) refers (Weak) to rt_locale_intlibspace.o(.text) for __rt_locale
    libinit2.o(.ARM.Collect$$libinit$$00000012) refers to libinit2.o(.ARM.Collect$$libinit$$00000011) for .ARM.Collect$$libinit$$00000011
    libinit2.o(.ARM.Collect$$libinit$$00000014) refers to libinit2.o(.ARM.Collect$$libinit$$00000011) for .ARM.Collect$$libinit$$00000011
    libinit2.o(.ARM.Collect$$libinit$$00000014) refers (Weak) to lc_ctype_c.o(locale$$code) for _get_lc_ctype
    libinit2.o(.ARM.Collect$$libinit$$00000016) refers to libinit2.o(.ARM.Collect$$libinit$$00000011) for .ARM.Collect$$libinit$$00000011
    libinit2.o(.ARM.Collect$$libinit$$00000018) refers to libinit2.o(.ARM.Collect$$libinit$$00000011) for .ARM.Collect$$libinit$$00000011
    libinit2.o(.ARM.Collect$$libinit$$00000018) refers (Weak) to lc_numeric_c.o(locale$$code) for _get_lc_numeric
    libinit2.o(.ARM.Collect$$libinit$$0000001A) refers to libinit2.o(.ARM.Collect$$libinit$$00000011) for .ARM.Collect$$libinit$$00000011
    libinit2.o(.ARM.Collect$$libinit$$00000026) refers (Weak) to initio.o(.text) for _initio
    libinit2.o(.ARM.Collect$$libinit$$00000028) refers to argv_veneer.o(.emb_text) for __ARM_argv_veneer
    libinit2.o(.ARM.Collect$$libinit$$00000029) refers to argv_veneer.o(.emb_text) for __ARM_argv_veneer
    libshutdown2.o(.ARM.Collect$$libshutdown$$00000003) refers (Weak) to initio.o(.text) for _terminateio
    libshutdown2.o(.ARM.Collect$$libshutdown$$0000000D) refers (Weak) to term_alloc.o(.text) for _terminate_alloc
    flsbuf_fwide.o(.text) refers to flsbuf.o(.text) for __flsbuf
    istatus.o(x$fpl$ieeestatus) refers (Special) to usenofp.o(x$fpl$usenofp) for __I$use$fp
    fpclassify.o(i.__ARM_fpclassify) refers (Special) to usenofp.o(x$fpl$usenofp) for __I$use$fp
    libspace.o(.text) refers to libspace.o(.bss) for __libspace_start
    sys_stackheap.o(.text) refers (Special) to indicate_semi.o(.text) for __semihosting_library_function
    sys_stackheap.o(.text) refers to use_no_semi.o(.text) for __I$use$semihosting
    sys_stackheap_hlt.o(.text) refers (Special) to indicate_semi.o(.text) for __semihosting_library_function
    sys_stackheap_hlt.o(.text) refers to use_no_semi.o(.text) for __I$use$semihosting
    rtexit.o(.ARM.Collect$$rtexit$$00000000) refers (Special) to rtexit2.o(.ARM.Collect$$rtexit$$00000004) for __rt_exit_exit
    rtexit.o(.ARM.Collect$$rtexit$$00000000) refers (Special) to rtexit2.o(.ARM.Collect$$rtexit$$00000003) for __rt_exit_ls
    rtexit.o(.ARM.Collect$$rtexit$$00000000) refers (Special) to rtexit2.o(.ARM.Collect$$rtexit$$00000002) for __rt_exit_prels_1
    rtexit.o(.ARM.exidx) refers (Special) to rtexit2.o(.ARM.Collect$$rtexit$$00000004) for __rt_exit_exit
    rtexit.o(.ARM.exidx) refers (Special) to rtexit2.o(.ARM.Collect$$rtexit$$00000003) for __rt_exit_ls
    rtexit.o(.ARM.exidx) refers (Special) to rtexit2.o(.ARM.Collect$$rtexit$$00000002) for __rt_exit_prels_1
    rtexit.o(.ARM.exidx) refers to rtexit.o(.ARM.Collect$$rtexit$$00000000) for .ARM.Collect$$rtexit$$00000000
    rt_raise.o(.text) refers to __raise.o(.text) for __raise
    rt_raise.o(.text) refers to sys_exit.o(.text) for _sys_exit
    rt_heap_descriptor.o(.text) refers to rt_heap_descriptor.o(.bss) for __rt_heap_descriptor_data
    rt_heap_descriptor_intlibspace.o(.text) refers to libspace.o(.bss) for __libspace_start
    init_alloc.o(.text) refers (Special) to hguard.o(.text) for __heap$guard
    init_alloc.o(.text) refers (Special) to libinit5.o(.ARM.Collect$$libinit$$0000000A) for __rt_lib_init_heap_2
    init_alloc.o(.text) refers (Special) to maybetermalloc1.o(.text) for _maybe_terminate_alloc
    init_alloc.o(.text) refers to h1_extend.o(.text) for __Heap_ProvideMemory
    init_alloc.o(.text) refers to defsig_rtmem_outer.o(.text) for __rt_SIGRTMEM
    init_alloc.o(.text) refers to rt_heap_descriptor_intlibspace.o(.text) for __rt_heap_descriptor
    init_alloc.o(.text) refers to h1_init.o(.text) for __Heap_Initialize
    malloc.o(.text) refers (Special) to hguard.o(.text) for __heap$guard
    malloc.o(.text) refers (Special) to init_alloc.o(.text) for _init_alloc
    malloc.o(.text) refers to rt_heap_descriptor_intlibspace.o(.text) for __rt_heap_descriptor
    malloc.o(.text) refers to heapstubs.o(.text) for __Heap_Alloc
    h1_alloc.o(.text) refers (Special) to h1_init.o(.text) for __Heap_Initialize
    h1_alloc.o(.text) refers to rt_heap_descriptor_intlibspace.o(.text) for __rt_heap_descriptor
    h1_alloc.o(.text) refers to init_alloc.o(.text) for __Heap_Full
    h1_alloc_threads.o(.text) refers (Special) to h1_init.o(.text) for __Heap_Initialize
    h1_alloc_threads.o(.text) refers to init_alloc.o(.text) for __Heap_Full
    h1_alloc_threads.o(.text) refers to rt_heap_descriptor_intlibspace.o(.text) for __rt_heap_descriptor
    _printf_char_file_locked.o(.text) refers to _printf_char_common.o(.text) for _printf_char_common
    _printf_char_file_locked.o(.text) refers to fputc.o(i._fputc$unlocked) for _fputc$unlocked
    btod_accurate_common.o(.text) refers to llushr.o(.text) for __aeabi_llsr
    fseek.o(.text) refers to retarget_io.o(.text._sys_istty) for _sys_istty
    fseek.o(.text) refers to ftell.o(.text) for _ftell_internal
    fseek.o(.text) refers to retarget_io.o(.text._sys_flen) for _sys_flen
    fseek.o(.text) refers to stdio.o(.text) for _seterr
    stdio.o(.text) refers to retarget_io.o(.text._sys_seek) for _sys_seek
    stdio.o(.text) refers to retarget_io.o(.text._sys_write) for _sys_write
    fwritefast.o(.text) refers to stdio.o(.text) for _writebuf
    fwritefast.o(.text) refers to flsbuf.o(.text) for __flsbuf_byte
    fwritefast.o(.text) refers to rt_memcpy_v6.o(.text) for __aeabi_memcpy
    fwritefast_locked.o(.text) refers to stdio.o(.text) for _writebuf
    fwritefast_locked.o(.text) refers to flsbuf.o(.text) for __flsbuf_byte
    fwritefast_locked.o(.text) refers to rt_memcpy_v6.o(.text) for __aeabi_memcpy
    lc_ctype_c.o(locale$$data) refers (Special) to libinit2.o(.ARM.Collect$$libinit$$00000014) for __rt_lib_init_lc_ctype_2
    lc_ctype_c.o(locale$$code) refers (Special) to libinit2.o(.ARM.Collect$$libinit$$00000014) for __rt_lib_init_lc_ctype_2
    lc_ctype_c.o(locale$$code) refers to strcmpv8m_maindsp.o(.text) for strcmp
    lc_ctype_c.o(locale$$code) refers to lc_ctype_c.o(locale$$data) for __lcctype_c_name
    defsig_exit.o(.text) refers to sys_exit.o(.text) for _sys_exit
    defsig_rtred_inner.o(.text) refers to defsig_general.o(.text) for __default_signal_display
    assert_stdio.o(.text) refers to fputs.o(.text) for fputs
    assert_stdio.o(.text) refers to fflush.o(.text) for fflush
    assert_stdio.o(.text) refers to stdio_streams.o(.bss) for __stderr
    argv_veneer.o(.emb_text) refers to no_argv.o(.text) for __ARM_get_argv
    libinit5.o(.ARM.Collect$$libinit$$0000000A) refers to libinit5.o(.ARM.Collect$$libinit$$0000271B) for __lit__00000000
    libinit5.o(.ARM.Collect$$libinit$$0000000A) refers (Weak) to init_alloc.o(.text) for _init_alloc
    libinit5.o(.ARM.Collect$$libinit$$0000002C) refers to libinit5.o(.ARM.Collect$$libinit$$0000273D) for __lit__00000002
    libinit5.o(.ARM.Collect$$libinit$$0000002C) refers to argv_veneer.o(.emb_text) for __ARM_argv_veneer
    sys_exit.o(.text) refers (Special) to use_no_semi.o(.text) for __I$use$semihosting
    sys_exit.o(.text) refers (Special) to indicate_semi.o(.text) for __semihosting_library_function
    sys_exit_hlt.o(.text) refers (Special) to use_no_semi.o(.text) for __I$use$semihosting
    sys_exit_hlt.o(.text) refers (Special) to indicate_semi.o(.text) for __semihosting_library_function
    rtexit2.o(.ARM.Collect$$rtexit$$00000003) refers to libshutdown.o(.ARM.Collect$$libshutdown$$00000000) for __rt_lib_shutdown
    rtexit2.o(.ARM.Collect$$rtexit$$00000004) refers to sys_exit.o(.text) for _sys_exit
    rtexit2.o(.ARM.exidx) refers to rtexit2.o(.ARM.Collect$$rtexit$$00000001) for .ARM.Collect$$rtexit$$00000001
    rtexit2.o(.ARM.exidx) refers to rtexit2.o(.ARM.Collect$$rtexit$$00000003) for .ARM.Collect$$rtexit$$00000003
    rtexit2.o(.ARM.exidx) refers to rtexit2.o(.ARM.Collect$$rtexit$$00000004) for .ARM.Collect$$rtexit$$00000004
    maybetermalloc2.o(.text) refers (Special) to term_alloc.o(.text) for _terminate_alloc
    h1_extend.o(.text) refers to h1_free.o(.text) for free
    h1_init_threads.o(.text) refers to mutex_dummy.o(.text) for _mutex_initialize
    h1_extend_threads.o(.text) refers to h1_free_threads.o(.text) for free_internal$concurrent
    fflush.o(.text) refers to stdio.o(.text) for _fflush
    fflush.o(.text) refers to fseek.o(.text) for _fseek
    fflush.o(.text) refers to stdio_streams.o(.bss) for __stdin
    fputs.o(.text) refers to fputc.o(i.fputc) for fputc
    ftell.o(.text) refers to rt_errno_addr_intlibspace.o(.text) for __aeabi_errno_addr
    fflush_locked.o(.text) refers to stdio.o(.text) for _fflush
    fflush_locked.o(.text) refers to fseek.o(.text) for _fseek
    fflush_locked.o(.text) refers to fflush.o(.text) for _do_fflush
    fflush_locked.o(.text) refers to streamlock.o(.data) for _stream_list_lock
    fflush_locked.o(.text) refers to stdio_streams.o(.bss) for __stdin
    __raise.o(.text) refers to defsig.o(CL$$defsig) for __default_signal_handler
    defsig_general.o(.text) refers to sys_wrch.o(.text) for _ttywrch
    defsig_rtmem_outer.o(.text) refers to defsig_rtmem_inner.o(.text) for __rt_SIGRTMEM_inner
    defsig_rtmem_outer.o(.text) refers to defsig_exit.o(.text) for __sig_exit
    defsig_rtmem_formal.o(.text) refers to rt_raise.o(.text) for __rt_raise
    rt_memcpy_v6.o(.text) refers to rt_memcpy_w.o(.text) for __aeabi_memcpy4
    heapauxa.o(.text) refers to heapauxa.o(.data) for .data
    _get_argv.o(.text) refers (Special) to hrguard.o(.text) for __heap_region$guard
    _get_argv.o(.text) refers to h1_alloc.o(.text) for malloc
    _get_argv.o(.text) refers to defsig_rtmem_outer.o(.text) for __rt_SIGRTMEM
    _get_argv.o(.text) refers to sys_command.o(.text) for _sys_command_string
    _get_argv_nomalloc.o(.text) refers (Special) to hrguard.o(.text) for __heap_region$guard
    _get_argv_nomalloc.o(.text) refers to defsig_rtmem_outer.o(.text) for __rt_SIGRTMEM
    _get_argv_nomalloc.o(.text) refers to sys_command.o(.text) for _sys_command_string
    sys_wrch.o(.text) refers (Special) to use_no_semi.o(.text) for __I$use$semihosting
    sys_wrch.o(.text) refers (Special) to indicate_semi.o(.text) for __semihosting_library_function
    sys_command.o(.text) refers (Special) to use_no_semi.o(.text) for __I$use$semihosting
    sys_command.o(.text) refers (Special) to indicate_semi.o(.text) for __semihosting_library_function
    sys_wrch_hlt.o(.text) refers (Special) to use_no_semi.o(.text) for __I$use$semihosting
    sys_wrch_hlt.o(.text) refers (Special) to indicate_semi.o(.text) for __semihosting_library_function
    sys_command_hlt.o(.text) refers (Special) to use_no_semi.o(.text) for __I$use$semihosting
    sys_command_hlt.o(.text) refers (Special) to indicate_semi.o(.text) for __semihosting_library_function
    rt_errno_addr.o(.text) refers to rt_errno_addr.o(.bss) for __aeabi_errno_addr_data
    rt_errno_addr_intlibspace.o(.text) refers to libspace.o(.bss) for __libspace_start
    term_alloc.o(.text) refers (Special) to libshutdown2.o(.ARM.Collect$$libshutdown$$0000000E) for __rt_lib_shutdown_heap_2
    term_alloc.o(.text) refers to rt_heap_descriptor_intlibspace.o(.text) for __rt_heap_descriptor
    term_alloc.o(.text) refers to h1_final.o(.text) for __Heap_Finalize
    defsig_rtmem_inner.o(.text) refers to defsig_general.o(.text) for __default_signal_display
    defsig.o(CL$$defsig) refers to defsig_rtred_inner.o(.text) for __rt_SIGRTRED_inner
    defsig.o(CL$$defsig) refers to defsig_rtmem_inner.o(.text) for __rt_SIGRTMEM_inner
    libshutdown.o(.ARM.Collect$$libshutdown$$00000000) refers (Special) to libshutdown2.o(.ARM.Collect$$libshutdown$$00000002) for __rt_lib_shutdown_cpp_1
    libshutdown.o(.ARM.Collect$$libshutdown$$00000000) refers (Special) to libshutdown2.o(.ARM.Collect$$libshutdown$$00000007) for __rt_lib_shutdown_fp_trap_1
    libshutdown.o(.ARM.Collect$$libshutdown$$00000000) refers (Special) to libshutdown2.o(.ARM.Collect$$libshutdown$$0000000F) for __rt_lib_shutdown_heap_1
    libshutdown.o(.ARM.Collect$$libshutdown$$00000000) refers (Special) to libshutdown2.o(.ARM.Collect$$libshutdown$$00000010) for __rt_lib_shutdown_return
    libshutdown.o(.ARM.Collect$$libshutdown$$00000000) refers (Special) to libshutdown2.o(.ARM.Collect$$libshutdown$$0000000A) for __rt_lib_shutdown_signal_1
    libshutdown.o(.ARM.Collect$$libshutdown$$00000000) refers (Special) to libshutdown2.o(.ARM.Collect$$libshutdown$$00000004) for __rt_lib_shutdown_stdio_1
    libshutdown.o(.ARM.Collect$$libshutdown$$00000000) refers (Special) to libshutdown2.o(.ARM.Collect$$libshutdown$$0000000C) for __rt_lib_shutdown_user_alloc_1
    defsig_abrt_inner.o(.text) refers to defsig_general.o(.text) for __default_signal_display
    defsig_fpe_inner.o(.text) refers to defsig_general.o(.text) for __default_signal_display
    defsig_stak_inner.o(.text) refers to defsig_general.o(.text) for __default_signal_display
    defsig_pvfn_inner.o(.text) refers to defsig_general.o(.text) for __default_signal_display
    defsig_cppl_inner.o(.text) refers to defsig_general.o(.text) for __default_signal_display
    defsig_segv_inner.o(.text) refers to defsig_general.o(.text) for __default_signal_display
    defsig_other.o(.text) refers to defsig_general.o(.text) for __default_signal_display
    anon$$obj.o(Veneer$$CMSE) refers to main_s.o(.text.Secure_LED_On) for __acle_se_Secure_LED_On
    anon$$obj.o(Veneer$$CMSE) refers to main_s.o(.text.Secure_LED_Off) for __acle_se_Secure_LED_Off
    anon$$obj.o(Veneer$$CMSE) refers to main_s.o(.text.Secure_printf) for __acle_se_Secure_printf
    anon$$obj.o(Veneer$$CMSE) refers to main_s.o(.text.Secure_LED_On_callback) for __acle_se_Secure_LED_On_callback
    anon$$obj.o(Veneer$$CMSE) refers to main_s.o(.text.Secure_LED_Off_callback) for __acle_se_Secure_LED_Off_callback


==============================================================================

Removing Unused input sections from the image.

    Removing main_s.o(.text), (0 bytes).
    Removing main_s.o(.ARM.exidx.text.Secure_LED_On), (8 bytes).
    Removing main_s.o(.ARM.exidx.text.Secure_LED_Off), (8 bytes).
    Removing main_s.o(.ARM.exidx.text.Secure_printf), (8 bytes).
    Removing main_s.o(.ARM.exidx.text.Secure_LED_On_callback), (8 bytes).
    Removing main_s.o(.ARM.exidx.text.Secure_LED_Off_callback), (8 bytes).
    Removing main_s.o(.ARM.exidx.text.SysTick_Handler), (8 bytes).
    Removing main_s.o(.ARM.exidx.text.stdout_putchar_), (8 bytes).
    Removing main_s.o(.ARM.exidx.text.main), (8 bytes).
    Removing main_s.o(.ARM.exidx.text.SCB_GetFPUType), (8 bytes).
    Removing main_s.o(.ARM.exidx.text.SysTick_Config), (8 bytes).
    Removing main_s.o(.ARM.exidx.text.__NVIC_SetPriority), (8 bytes).
    Removing main_s.o(.ARM.use_no_argv), (4 bytes).
    Removing stdout_usart.o(.text), (0 bytes).
    Removing stdout_usart.o(.ARM.exidx.text.stdout_init), (8 bytes).
    Removing stdout_usart.o(.ARM.exidx.text.stdout_putchar), (8 bytes).
    Removing glcd_fonts.o(.text), (0 bytes).
    Removing glcd_fonts.o(.rodata.Font_6x8_h), (896 bytes).
    Removing glcd_fonts.o(.rodata.GLCD_Font_6x8), (16 bytes).
    Removing glcd_v2m-mps2.o(.text), (0 bytes).
    Removing glcd_v2m-mps2.o(.ARM.exidx.text.GLCD_Initialize), (8 bytes).
    Removing glcd_v2m-mps2.o(.ARM.exidx.text.delay_ms), (8 bytes).
    Removing glcd_v2m-mps2.o(.ARM.exidx.text.wr_reg), (8 bytes).
    Removing glcd_v2m-mps2.o(.text.GLCD_Uninitialize), (4 bytes).
    Removing glcd_v2m-mps2.o(.ARM.exidx.text.GLCD_Uninitialize), (8 bytes).
    Removing glcd_v2m-mps2.o(.ARM.exidx.text.GLCD_SetForegroundColor), (8 bytes).
    Removing glcd_v2m-mps2.o(.ARM.exidx.text.GLCD_SetBackgroundColor), (8 bytes).
    Removing glcd_v2m-mps2.o(.ARM.exidx.text.GLCD_ClearScreen), (8 bytes).
    Removing glcd_v2m-mps2.o(.ARM.exidx.text.GLCD_SetWindow), (8 bytes).
    Removing glcd_v2m-mps2.o(.ARM.exidx.text.wr_cmd), (8 bytes).
    Removing glcd_v2m-mps2.o(.ARM.exidx.text.wr_dat_start), (8 bytes).
    Removing glcd_v2m-mps2.o(.ARM.exidx.text.wr_dat_only), (8 bytes).
    Removing glcd_v2m-mps2.o(.ARM.exidx.text.wr_dat_stop), (8 bytes).
    Removing glcd_v2m-mps2.o(.ARM.exidx.text.GLCD_SetFont), (8 bytes).
    Removing glcd_v2m-mps2.o(.text.GLCD_DrawPixel), (114 bytes).
    Removing glcd_v2m-mps2.o(.ARM.exidx.text.GLCD_DrawPixel), (8 bytes).
    Removing glcd_v2m-mps2.o(.ARM.exidx.text.wr_dat), (8 bytes).
    Removing glcd_v2m-mps2.o(.text.GLCD_DrawHLine), (70 bytes).
    Removing glcd_v2m-mps2.o(.ARM.exidx.text.GLCD_DrawHLine), (8 bytes).
    Removing glcd_v2m-mps2.o(.text.GLCD_DrawVLine), (70 bytes).
    Removing glcd_v2m-mps2.o(.ARM.exidx.text.GLCD_DrawVLine), (8 bytes).
    Removing glcd_v2m-mps2.o(.text.GLCD_DrawRectangle), (66 bytes).
    Removing glcd_v2m-mps2.o(.ARM.exidx.text.GLCD_DrawRectangle), (8 bytes).
    Removing glcd_v2m-mps2.o(.ARM.exidx.text.GLCD_DrawChar), (8 bytes).
    Removing glcd_v2m-mps2.o(.ARM.exidx.text.GLCD_DrawString), (8 bytes).
    Removing glcd_v2m-mps2.o(.text.GLCD_DrawBargraph), (166 bytes).
    Removing glcd_v2m-mps2.o(.ARM.exidx.text.GLCD_DrawBargraph), (8 bytes).
    Removing glcd_v2m-mps2.o(.text.GLCD_DrawBitmap), (128 bytes).
    Removing glcd_v2m-mps2.o(.ARM.exidx.text.GLCD_DrawBitmap), (8 bytes).
    Removing glcd_v2m-mps2.o(.text.GLCD_VScroll), (12 bytes).
    Removing glcd_v2m-mps2.o(.ARM.exidx.text.GLCD_VScroll), (8 bytes).
    Removing glcd_v2m-mps2.o(.text.GLCD_FrameBufferAccess), (52 bytes).
    Removing glcd_v2m-mps2.o(.ARM.exidx.text.GLCD_FrameBufferAccess), (8 bytes).
    Removing glcd_v2m-mps2.o(.text.GLCD_FrameBufferAddress), (4 bytes).
    Removing glcd_v2m-mps2.o(.ARM.exidx.text.GLCD_FrameBufferAddress), (8 bytes).
    Removing glcd_v2m-mps2.o(.ARM.exidx.text.spi_tran), (8 bytes).
    Removing led_v2m-mps2.o(.text), (0 bytes).
    Removing led_v2m-mps2.o(.ARM.exidx.text.LED_Initialize), (8 bytes).
    Removing led_v2m-mps2.o(.text.LED_Uninitialize), (4 bytes).
    Removing led_v2m-mps2.o(.ARM.exidx.text.LED_Uninitialize), (8 bytes).
    Removing led_v2m-mps2.o(.ARM.exidx.text.LED_On), (8 bytes).
    Removing led_v2m-mps2.o(.ARM.exidx.text.LED_Off), (8 bytes).
    Removing led_v2m-mps2.o(.text.LED_SetOut), (22 bytes).
    Removing led_v2m-mps2.o(.ARM.exidx.text.LED_SetOut), (8 bytes).
    Removing led_v2m-mps2.o(.text.LED_GetCount), (4 bytes).
    Removing led_v2m-mps2.o(.ARM.exidx.text.LED_GetCount), (8 bytes).
    Removing usart_v2m-mps2.o(.text), (0 bytes).
    Removing usart_v2m-mps2.o(.ARM.exidx.text.UART0RX_Handler), (8 bytes).
    Removing usart_v2m-mps2.o(.ARM.exidx.text.USARTRX_IRQHandler), (8 bytes).
    Removing usart_v2m-mps2.o(.ARM.exidx.text.UART0TX_Handler), (8 bytes).
    Removing usart_v2m-mps2.o(.ARM.exidx.text.USARTTX_IRQHandler), (8 bytes).
    Removing usart_v2m-mps2.o(.ARM.exidx.text.USARTx_GetVersion), (8 bytes).
    Removing usart_v2m-mps2.o(.ARM.exidx.text.USART0_GetCapabilities), (8 bytes).
    Removing usart_v2m-mps2.o(.ARM.exidx.text.USART0_Initialize), (8 bytes).
    Removing usart_v2m-mps2.o(.ARM.exidx.text.USART0_Uninitialize), (8 bytes).
    Removing usart_v2m-mps2.o(.ARM.exidx.text.USART0_PowerControl), (8 bytes).
    Removing usart_v2m-mps2.o(.ARM.exidx.text.USART0_Send), (8 bytes).
    Removing usart_v2m-mps2.o(.ARM.exidx.text.USART0_Receive), (8 bytes).
    Removing usart_v2m-mps2.o(.ARM.exidx.text.USART0_Transfer), (8 bytes).
    Removing usart_v2m-mps2.o(.ARM.exidx.text.USART0_GetTxCount), (8 bytes).
    Removing usart_v2m-mps2.o(.ARM.exidx.text.USART0_GetRxCount), (8 bytes).
    Removing usart_v2m-mps2.o(.ARM.exidx.text.USART0_Control), (8 bytes).
    Removing usart_v2m-mps2.o(.ARM.exidx.text.USART0_GetStatus), (8 bytes).
    Removing usart_v2m-mps2.o(.ARM.exidx.text.USART0_SetModemControl), (8 bytes).
    Removing usart_v2m-mps2.o(.ARM.exidx.text.USART0_GetModemStatus), (8 bytes).
    Removing usart_v2m-mps2.o(.ARM.exidx.text.USART_GetCapabilities), (8 bytes).
    Removing usart_v2m-mps2.o(.ARM.exidx.text.USART_Initialize), (8 bytes).
    Removing usart_v2m-mps2.o(.ARM.exidx.text.USART_Uninitialize), (8 bytes).
    Removing usart_v2m-mps2.o(.ARM.exidx.text.USART_PowerControl), (8 bytes).
    Removing usart_v2m-mps2.o(.ARM.exidx.text.__NVIC_DisableIRQ), (8 bytes).
    Removing usart_v2m-mps2.o(.ARM.exidx.text.__NVIC_ClearPendingIRQ), (8 bytes).
    Removing usart_v2m-mps2.o(.ARM.exidx.text.__NVIC_EnableIRQ), (8 bytes).
    Removing usart_v2m-mps2.o(.ARM.exidx.text.USART_Send), (8 bytes).
    Removing usart_v2m-mps2.o(.ARM.exidx.text.USART_Receive), (8 bytes).
    Removing usart_v2m-mps2.o(.ARM.exidx.text.USART_Transfer), (8 bytes).
    Removing usart_v2m-mps2.o(.ARM.exidx.text.USART_GetTxCount), (8 bytes).
    Removing usart_v2m-mps2.o(.ARM.exidx.text.USART_GetRxCount), (8 bytes).
    Removing usart_v2m-mps2.o(.ARM.exidx.text.USART_Control), (8 bytes).
    Removing usart_v2m-mps2.o(.ARM.exidx.text.USART_GetStatus), (8 bytes).
    Removing usart_v2m-mps2.o(.ARM.exidx.text.USART_SetModemControl), (8 bytes).
    Removing usart_v2m-mps2.o(.ARM.exidx.text.USART_GetModemStatus), (8 bytes).
    Removing usart_v2m-mps2.o(.rodata.usart_driver_version), (4 bytes).
    Removing retarget_io.o(.text), (0 bytes).
    Removing retarget_io.o(.ARM.exidx.text._sys_open), (8 bytes).
    Removing retarget_io.o(.ARM.exidx.text._sys_close), (8 bytes).
    Removing retarget_io.o(.ARM.exidx.text._sys_write), (8 bytes).
    Removing retarget_io.o(.text._sys_read), (88 bytes).
    Removing retarget_io.o(.ARM.exidx.text._sys_read), (8 bytes).
    Removing retarget_io.o(.ARM.exidx.text._sys_istty), (8 bytes).
    Removing retarget_io.o(.ARM.exidx.text._sys_seek), (8 bytes).
    Removing retarget_io.o(.ARM.exidx.text._sys_flen), (8 bytes).
    Removing startup_iotkit_cm33.o(.text), (0 bytes).
    Removing startup_iotkit_cm33.o(.ARM.exidx.text.Default_Handler), (8 bytes).
    Removing startup_iotkit_cm33.o(.ARM.exidx.text.Reset_Handler), (8 bytes).
    Removing startup_iotkit_cm33.o(.ARM.exidx.text.HardFault_Handler), (8 bytes).
    Removing system_iotkit_cm33.o(.text), (0 bytes).
    Removing system_iotkit_cm33.o(.ARM.exidx.text.SystemCoreClockUpdate), (8 bytes).
    Removing system_iotkit_cm33.o(.ARM.exidx.text.SystemInit), (8 bytes).
    Removing system_iotkit_cm33.o(.ARM.exidx.text.TZ_SAU_Setup), (8 bytes).

119 unused section(s) (total 2460 bytes) removed from the image.
